<html>
<body>
<pre>
<h1>µVision Build Log</h1>
<h2>Tool Versions:</h2>
IDE-Version: ¦ÌVision V5.23.0.0
Copyright (C) 2017 ARM Ltd and ARM Germany GmbH. All rights reserved.
License Information: aa Microsoft, Microsoft, LIC=9N0ZB-LC3BU-MT4H5-Z2V38-NJ0C2-Q06LT
 
Tool Versions:
Toolchain:       MDK-ARM Professional  Version: 5.23
Toolchain Path:  C:\Keil_v5\ARM\ARMCC\Bin
C Compiler:      Armcc.exe V5.06 update 4 (build 422)
Assembler:       Armasm.exe V5.06 update 4 (build 422)
Linker/Locator:  ArmLink.exe V5.06 update 4 (build 422)
Library Manager: ArmAr.exe V5.06 update 4 (build 422)
Hex Converter:   FromElf.exe V5.06 update 4 (build 422)
CPU DLL:         SARMCM3.DLL V5.23
Dialog DLL:      DCM.DLL V1.15.0.0
Target DLL:      CMSIS_AGDI.dll V1.27.5.0
Dialog DLL:      TCM.DLL V1.27.0.0
 
<h2>Project:</h2>
C:\NXP Working File\NXP\lpc_sample\LPC54110\4. Software\smartbalance\proj_keil\2.mpu9250_spi_dma\mpu9250_spi_dma.uvprojx
Project File Date:  09/08/2017

<h2>Output:</h2>
*** Using Compiler 'V5.06 update 4 (build 422)', folder: 'C:\Keil_v5\ARM\ARMCC\Bin'
Build target 'Debug In Flash'
compiling driver_spi_mpu9250.c...
..\..\csp_lpc54114\fsl_clock.h(443): warning:  #66-D: enumeration value is out of "int" range
      kNONE_to_NONE = 0x80000000U,
..\..\applications\mpu9250_spi_dma\driver_spi_mpu9250.c(274): warning:  #167-D: argument of type "volatile spi_dma_handle_t *" is incompatible with parameter of type "spi_dma_handle_t *"
      SPI_MasterTransferCreateHandleDMA(
PU9250_SPI, &g_MPU9250SpiDMAHandle, MPU9250SpiDMACallback, 
ULL, (dma_handle_t *)&g_MPU9250SpiTxHandle, (dma_handle_t *)&g_MPU9250SpiRxHandle);
..\..\applications\mpu9250_spi_dma\driver_spi_mpu9250.c(274): warning:  #167-D: argument of type "void (*)(SPI_Type *, spi_master_handle_t *, status_t, void *)" is incompatible with parameter of type "spi_dma_callback_t"
      SPI_MasterTransferCreateHandleDMA(
PU9250_SPI, &g_MPU9250SpiDMAHandle, MPU9250SpiDMACallback, 
ULL, (dma_handle_t *)&g_MPU9250SpiTxHandle, (dma_handle_t *)&g_MPU9250SpiRxHandle);
..\..\applications\mpu9250_spi_dma\driver_spi_mpu9250.c(290): warning:  #167-D: argument of type "volatile spi_dma_handle_t *" is incompatible with parameter of type "spi_dma_handle_t *"
      if (kStatus_Success != SPI_MasterTransferDMA(
PU9250_SPI, &g_MPU9250SpiDMAHandle, &g_MPU9250SpiXfer))
..\..\applications\mpu9250_spi_dma\driver_spi_mpu9250.c(290): warning:  #167-D: argument of type "volatile spi_transfer_t *" is incompatible with parameter of type "spi_transfer_t *"
      if (kStatus_Success != SPI_MasterTransferDMA(
PU9250_SPI, &g_MPU9250SpiDMAHandle, &g_MPU9250SpiXfer))
..\..\applications\mpu9250_spi_dma\driver_spi_mpu9250.c(120): warning:  #177-D: function "MPU9250SpiDMATxCallback"  was declared but never referenced
  static void MPU9250SpiDMATxCallback(dma_handle_t *handle, void *param, bool transferDone, uint32_t tcds)
..\..\applications\mpu9250_spi_dma\driver_spi_mpu9250.c(129): warning:  #177-D: function "MPU9250SpiDMARxCallback"  was declared but never referenced
  static void MPU9250SpiDMARxCallback(dma_handle_t *handle, void *param, bool transferDone, uint32_t tcds)
..\..\applications\mpu9250_spi_dma\driver_spi_mpu9250.c: 7 warnings, 0 errors
linking...
..\..\applications\LPC54114J256_cm4.scf(116): warning: L6314W: No section matches pattern *(rpmsg_sh_mem_section).
..\..\applications\LPC54114J256_cm4.scf(122): warning: L6314W: No section matches pattern *(M0CODE).
Program Size: Code=15764 RO-data=1568 RW-data=72 ZI-data=4200  
Finished: 0 information, 2 warning and 0 error messages.
".\Objects\mpu9250_spi_int.axf" - 0 Error(s), 9 Warning(s).

<h2>Collection of Component include folders:</h2>
  .\RTE\_Debug_In_Flash
  C:\Keil_v5\ARM\PACK\Keil\LPC54000_DFP\2.2.0\LPCOpen\lpc5411x\chip_5411x\inc

<h2>Collection of Component Files used:</h2>
Build Time Elapsed:  00:00:04
</pre>
</body>
</html>
