<html>
<body>
<pre>
<h1>µVision Build Log</h1>
<h2>Tool Versions:</h2>
IDE-Version: ¦ÌVision V5.24.2.0
Copyright (C) 2017 ARM Ltd and ARM Germany GmbH. All rights reserved.
License Information: aa Microsoft, Microsoft, LIC=47GJJ-U54DD-DK7BN-Y1YXF-NF08E-I0IH3
 
Tool Versions:
Toolchain:       MDK-ARM Plus  Version: 5.24.1
Toolchain Path:  C:\Keil_v5\ARM\ARMCC\Bin
C Compiler:      Armcc.exe V5.06 update 5 (build 528)
Assembler:       Armasm.exe V5.06 update 5 (build 528)
Linker/Locator:  ArmLink.exe V5.06 update 5 (build 528)
Library Manager: ArmAr.exe V5.06 update 5 (build 528)
Hex Converter:   FromElf.exe V5.06 update 5 (build 528)
CPU DLL:         SARMCM3.DLL V5.24.1
Dialog DLL:      DCM.DLL V1.16.0.0
Target DLL:      Segger\JL2CM3.dll V2.99.26.0
Dialog DLL:      TCM.DLL V1.32.0.0
 
<h2>Project:</h2>
C:\Users\nxp58695\OneDrive - NXP\NXP_Proj\LPC54114_SmartBanlanceCar\code\proj_keil\7.QEI\qei_sct.uvprojx
Project File Date:  03/22/2018

<h2>Output:</h2>
*** Using Compiler 'V5.06 update 5 (build 528)', folder: 'C:\Keil_v5\ARM\ARMCC\Bin'
Build target 'Debug In Flash'
compiling main.c...
..\..\csp_lpc54114\fsl_clock.h(443): warning:  #66-D: enumeration value is out of "int" range
      kNONE_to_NONE = 0x80000000U,
..\..\csp_lpc54114\fsl_power.h(75): warning:  #66-D: enumeration value is out of "int" range
      kPDRUNCFG_ForceUnsigned = 0x80000000U
..\..\csp_lpc54114\fsl_sctimer.h(252): warning:  #66-D: enumeration value is out of "int" range
          (1U << SCT_CONFLAG_BUSERRH_SHIFT) /*!< Bus error due to write when H counter was not halted */
..\..\applications\qei_sct\main.c: 3 warnings, 0 errors
linking...
..\..\applications\LPC54114J256_cm4.scf(116): warning: L6314W: No section matches pattern *(rpmsg_sh_mem_section).
..\..\applications\LPC54114J256_cm4.scf(122): warning: L6314W: No section matches pattern *(M0CODE).
Program Size: Code=11052 RO-data=516 RW-data=276 ZI-data=7364  
Finished: 0 information, 2 warning and 0 error messages.
".\Objects\mpu9250_spi_int.out" - 0 Error(s), 5 Warning(s).

<h2>Software Packages used:</h2>

Package Vendor: Keil
                http://www.keil.com/pack/Keil.LPC54000_DFP.2.6.0.pack
                Keil.LPC54000_DFP.2.6.0
                NXP LPC54000 Series Device Support

<h2>Collection of Component include folders:</h2>
  .\RTE\_Debug_In_Flash
  C:\Keil_v5\ARM\PACK\Keil\LPC54000_DFP\2.6.0\LPCOpen\lpc5411x\chip_5411x\inc

<h2>Collection of Component Files used:</h2>
Build Time Elapsed:  00:00:04
</pre>
</body>
</html>
