<!doctype html public "-//w3c//dtd html 4.0 transitional//en">
<html><head>
<title>Static Call Graph - [.\Objects\mpu9250_spi_int.out]</title></head>
<body><HR>
<H1>Static Call Graph for image .\Objects\mpu9250_spi_int.out</H1><HR>
<BR><P>#&#060CALLGRAPH&#062# ARM Linker, 5060422: Last Updated: Tue Oct 17 22:05:04 2017
<BR><P>
<H3>Maximum Stack Usage =        488 bytes + Unknown(Cycles, Untraceable Function Pointers)</H3><H3>
Call chain for Maximum Stack Depth:</H3>
SysTick_Handler &rArr; mpu9250_read_task &rArr; SPI_MasterTransferDMA &rArr; DMA_SubmitTransfer &rArr; DMA_CreateDescriptor &rArr; DMA_SetupXferCFG &rArr; __aeabi_assert &rArr; DbgConsole_Printf &rArr; SEGGER_RTT_vprintf &rArr; _PrintInt &rArr; _PrintUnsigned &rArr; _StoreChar &rArr; SEGGER_RTT_Write
<P>
<H3>
Mutually Recursive functions
</H3> <LI><a href="#[3]">NMI_Handler</a>&nbsp;&nbsp;&nbsp;&rArr;&nbsp;&nbsp;&nbsp;<a href="#[3]">NMI_Handler</a><BR>
 <LI><a href="#[4]">HardFault_Handler</a>&nbsp;&nbsp;&nbsp;&rArr;&nbsp;&nbsp;&nbsp;<a href="#[4]">HardFault_Handler</a><BR>
 <LI><a href="#[5]">MemManage_Handler</a>&nbsp;&nbsp;&nbsp;&rArr;&nbsp;&nbsp;&nbsp;<a href="#[5]">MemManage_Handler</a><BR>
 <LI><a href="#[6]">BusFault_Handler</a>&nbsp;&nbsp;&nbsp;&rArr;&nbsp;&nbsp;&nbsp;<a href="#[6]">BusFault_Handler</a><BR>
 <LI><a href="#[7]">UsageFault_Handler</a>&nbsp;&nbsp;&nbsp;&rArr;&nbsp;&nbsp;&nbsp;<a href="#[7]">UsageFault_Handler</a><BR>
 <LI><a href="#[8]">SVC_Handler</a>&nbsp;&nbsp;&nbsp;&rArr;&nbsp;&nbsp;&nbsp;<a href="#[8]">SVC_Handler</a><BR>
 <LI><a href="#[9]">DebugMon_Handler</a>&nbsp;&nbsp;&nbsp;&rArr;&nbsp;&nbsp;&nbsp;<a href="#[9]">DebugMon_Handler</a><BR>
 <LI><a href="#[a]">PendSV_Handler</a>&nbsp;&nbsp;&nbsp;&rArr;&nbsp;&nbsp;&nbsp;<a href="#[a]">PendSV_Handler</a><BR>
 <LI><a href="#[4d]">ADC0_SEQA_DriverIRQHandler</a>&nbsp;&nbsp;&nbsp;&rArr;&nbsp;&nbsp;&nbsp;<a href="#[4d]">ADC0_SEQA_DriverIRQHandler</a><BR>
 <LI><a href="#[94]">CLOCK_GetFlexCommClkFreq</a>&nbsp;&nbsp;&nbsp;&rArr;&nbsp;&nbsp;&nbsp;<a href="#[86]">CLOCK_GetFreq</a><BR>
</UL>
<P>
<H3>
Function Pointers
</H3><UL>
 <LI><a href="#[4d]">ADC0_SEQA_DriverIRQHandler</a> from startup_lpc54114_cm4.o(.text) referenced from startup_lpc54114_cm4.o(.text)
 <LI><a href="#[22]">ADC0_SEQA_IRQHandler</a> from startup_lpc54114_cm4.o(.text) referenced from startup_lpc54114_cm4.o(RESET)
 <LI><a href="#[4e]">ADC0_SEQB_DriverIRQHandler</a> from startup_lpc54114_cm4.o(.text) referenced from startup_lpc54114_cm4.o(.text)
 <LI><a href="#[23]">ADC0_SEQB_IRQHandler</a> from startup_lpc54114_cm4.o(.text) referenced from startup_lpc54114_cm4.o(RESET)
 <LI><a href="#[4f]">ADC0_THCMP_DriverIRQHandler</a> from startup_lpc54114_cm4.o(.text) referenced from startup_lpc54114_cm4.o(.text)
 <LI><a href="#[24]">ADC0_THCMP_IRQHandler</a> from startup_lpc54114_cm4.o(.text) referenced from startup_lpc54114_cm4.o(RESET)
 <LI><a href="#[6]">BusFault_Handler</a> from startup_lpc54114_cm4.o(.text) referenced from startup_lpc54114_cm4.o(RESET)
 <LI><a href="#[41]">CTIMER0_DriverIRQHandler</a> from fsl_ctimer.o(i.CTIMER0_DriverIRQHandler) referenced from startup_lpc54114_cm4.o(.text)
 <LI><a href="#[16]">CTIMER0_IRQHandler</a> from startup_lpc54114_cm4.o(.text) referenced from startup_lpc54114_cm4.o(RESET)
 <LI><a href="#[42]">CTIMER1_DriverIRQHandler</a> from fsl_ctimer.o(i.CTIMER1_DriverIRQHandler) referenced from startup_lpc54114_cm4.o(.text)
 <LI><a href="#[17]">CTIMER1_IRQHandler</a> from startup_lpc54114_cm4.o(.text) referenced from startup_lpc54114_cm4.o(RESET)
 <LI><a href="#[5b]">CTIMER2_DriverIRQHandler</a> from fsl_ctimer.o(i.CTIMER2_DriverIRQHandler) referenced from startup_lpc54114_cm4.o(.text)
 <LI><a href="#[30]">CTIMER2_IRQHandler</a> from startup_lpc54114_cm4.o(.text) referenced from startup_lpc54114_cm4.o(RESET)
 <LI><a href="#[44]">CTIMER3_DriverIRQHandler</a> from fsl_ctimer.o(i.CTIMER3_DriverIRQHandler) referenced from startup_lpc54114_cm4.o(.text)
 <LI><a href="#[19]">CTIMER3_IRQHandler</a> from startup_lpc54114_cm4.o(.text) referenced from startup_lpc54114_cm4.o(RESET)
 <LI><a href="#[5c]">CTIMER4_DriverIRQHandler</a> from fsl_ctimer.o(i.CTIMER4_DriverIRQHandler) referenced from startup_lpc54114_cm4.o(.text)
 <LI><a href="#[31]">CTIMER4_IRQHandler</a> from startup_lpc54114_cm4.o(.text) referenced from startup_lpc54114_cm4.o(RESET)
 <LI><a href="#[38]">DMA0_DriverIRQHandler</a> from fsl_dma.o(i.DMA0_DriverIRQHandler) referenced from startup_lpc54114_cm4.o(.text)
 <LI><a href="#[d]">DMA0_IRQHandler</a> from startup_lpc54114_cm4.o(.text) referenced from startup_lpc54114_cm4.o(RESET)
 <LI><a href="#[50]">DMIC0_DriverIRQHandler</a> from fsl_dmic.o(i.DMIC0_DriverIRQHandler) referenced from startup_lpc54114_cm4.o(.text)
 <LI><a href="#[25]">DMIC0_IRQHandler</a> from startup_lpc54114_cm4.o(.text) referenced from startup_lpc54114_cm4.o(RESET)
 <LI><a href="#[9]">DebugMon_Handler</a> from startup_lpc54114_cm4.o(.text) referenced from startup_lpc54114_cm4.o(RESET)
 <LI><a href="#[45]">FLEXCOMM0_DriverIRQHandler</a> from fsl_flexcomm.o(i.FLEXCOMM0_DriverIRQHandler) referenced from startup_lpc54114_cm4.o(.text)
 <LI><a href="#[1a]">FLEXCOMM0_IRQHandler</a> from startup_lpc54114_cm4.o(.text) referenced from startup_lpc54114_cm4.o(RESET)
 <LI><a href="#[46]">FLEXCOMM1_DriverIRQHandler</a> from fsl_flexcomm.o(i.FLEXCOMM1_DriverIRQHandler) referenced from startup_lpc54114_cm4.o(.text)
 <LI><a href="#[1b]">FLEXCOMM1_IRQHandler</a> from startup_lpc54114_cm4.o(.text) referenced from startup_lpc54114_cm4.o(RESET)
 <LI><a href="#[47]">FLEXCOMM2_DriverIRQHandler</a> from fsl_flexcomm.o(i.FLEXCOMM2_DriverIRQHandler) referenced from startup_lpc54114_cm4.o(.text)
 <LI><a href="#[1c]">FLEXCOMM2_IRQHandler</a> from startup_lpc54114_cm4.o(.text) referenced from startup_lpc54114_cm4.o(RESET)
 <LI><a href="#[48]">FLEXCOMM3_DriverIRQHandler</a> from fsl_flexcomm.o(i.FLEXCOMM3_DriverIRQHandler) referenced from startup_lpc54114_cm4.o(.text)
 <LI><a href="#[1d]">FLEXCOMM3_IRQHandler</a> from startup_lpc54114_cm4.o(.text) referenced from startup_lpc54114_cm4.o(RESET)
 <LI><a href="#[49]">FLEXCOMM4_DriverIRQHandler</a> from fsl_flexcomm.o(i.FLEXCOMM4_DriverIRQHandler) referenced from startup_lpc54114_cm4.o(.text)
 <LI><a href="#[1e]">FLEXCOMM4_IRQHandler</a> from startup_lpc54114_cm4.o(.text) referenced from startup_lpc54114_cm4.o(RESET)
 <LI><a href="#[4a]">FLEXCOMM5_DriverIRQHandler</a> from fsl_flexcomm.o(i.FLEXCOMM5_DriverIRQHandler) referenced from startup_lpc54114_cm4.o(.text)
 <LI><a href="#[1f]">FLEXCOMM5_IRQHandler</a> from startup_lpc54114_cm4.o(.text) referenced from startup_lpc54114_cm4.o(RESET)
 <LI><a href="#[4b]">FLEXCOMM6_DriverIRQHandler</a> from fsl_flexcomm.o(i.FLEXCOMM6_DriverIRQHandler) referenced from startup_lpc54114_cm4.o(.text)
 <LI><a href="#[20]">FLEXCOMM6_IRQHandler</a> from startup_lpc54114_cm4.o(.text) referenced from startup_lpc54114_cm4.o(RESET)
 <LI><a href="#[4c]">FLEXCOMM7_DriverIRQHandler</a> from fsl_flexcomm.o(i.FLEXCOMM7_DriverIRQHandler) referenced from startup_lpc54114_cm4.o(.text)
 <LI><a href="#[21]">FLEXCOMM7_IRQHandler</a> from ble_uart_int.o(i.FLEXCOMM7_IRQHandler) referenced from startup_lpc54114_cm4.o(RESET)
 <LI><a href="#[39]">GINT0_DriverIRQHandler</a> from fsl_gint.o(i.GINT0_DriverIRQHandler) referenced from startup_lpc54114_cm4.o(.text)
 <LI><a href="#[e]">GINT0_IRQHandler</a> from startup_lpc54114_cm4.o(.text) referenced from startup_lpc54114_cm4.o(RESET)
 <LI><a href="#[3a]">GINT1_DriverIRQHandler</a> from fsl_gint.o(i.GINT1_DriverIRQHandler) referenced from startup_lpc54114_cm4.o(.text)
 <LI><a href="#[f]">GINT1_IRQHandler</a> from startup_lpc54114_cm4.o(.text) referenced from startup_lpc54114_cm4.o(RESET)
 <LI><a href="#[51]">HWVAD0_DriverIRQHandler</a> from startup_lpc54114_cm4.o(.text) referenced from startup_lpc54114_cm4.o(.text)
 <LI><a href="#[26]">HWVAD0_IRQHandler</a> from fsl_dmic.o(i.HWVAD0_IRQHandler) referenced from startup_lpc54114_cm4.o(RESET)
 <LI><a href="#[4]">HardFault_Handler</a> from startup_lpc54114_cm4.o(.text) referenced from startup_lpc54114_cm4.o(RESET)
 <LI><a href="#[55]">IOH_DriverIRQHandler</a> from startup_lpc54114_cm4.o(.text) referenced from startup_lpc54114_cm4.o(.text)
 <LI><a href="#[2a]">IOH_IRQHandler</a> from startup_lpc54114_cm4.o(.text) referenced from startup_lpc54114_cm4.o(RESET)
 <LI><a href="#[56]">MAILBOX_DriverIRQHandler</a> from startup_lpc54114_cm4.o(.text) referenced from startup_lpc54114_cm4.o(.text)
 <LI><a href="#[2b]">MAILBOX_IRQHandler</a> from startup_lpc54114_cm4.o(.text) referenced from startup_lpc54114_cm4.o(RESET)
 <LI><a href="#[68]">MPU9250SpiCallback</a> from driver_spi_mpu9250.o(i.MPU9250SpiCallback) referenced from driver_spi_mpu9250.o(i.mpu9250_pins_init)
 <LI><a href="#[67]">MPU9250SpiDMACallback</a> from driver_spi_mpu9250.o(i.MPU9250SpiDMACallback) referenced from driver_spi_mpu9250.o(i.mpu9250_dmaRead_init)
 <LI><a href="#[40]">MRT0_DriverIRQHandler</a> from startup_lpc54114_cm4.o(.text) referenced from startup_lpc54114_cm4.o(.text)
 <LI><a href="#[15]">MRT0_IRQHandler</a> from startup_lpc54114_cm4.o(.text) referenced from startup_lpc54114_cm4.o(RESET)
 <LI><a href="#[5]">MemManage_Handler</a> from startup_lpc54114_cm4.o(.text) referenced from startup_lpc54114_cm4.o(RESET)
 <LI><a href="#[3]">NMI_Handler</a> from startup_lpc54114_cm4.o(.text) referenced from startup_lpc54114_cm4.o(RESET)
 <LI><a href="#[3b]">PIN_INT0_DriverIRQHandler</a> from fsl_pint.o(i.PIN_INT0_DriverIRQHandler) referenced from startup_lpc54114_cm4.o(.text)
 <LI><a href="#[10]">PIN_INT0_IRQHandler</a> from startup_lpc54114_cm4.o(.text) referenced from startup_lpc54114_cm4.o(RESET)
 <LI><a href="#[3c]">PIN_INT1_DriverIRQHandler</a> from fsl_pint.o(i.PIN_INT1_DriverIRQHandler) referenced from startup_lpc54114_cm4.o(.text)
 <LI><a href="#[11]">PIN_INT1_IRQHandler</a> from startup_lpc54114_cm4.o(.text) referenced from startup_lpc54114_cm4.o(RESET)
 <LI><a href="#[3d]">PIN_INT2_DriverIRQHandler</a> from fsl_pint.o(i.PIN_INT2_DriverIRQHandler) referenced from startup_lpc54114_cm4.o(.text)
 <LI><a href="#[12]">PIN_INT2_IRQHandler</a> from startup_lpc54114_cm4.o(.text) referenced from startup_lpc54114_cm4.o(RESET)
 <LI><a href="#[3e]">PIN_INT3_DriverIRQHandler</a> from fsl_pint.o(i.PIN_INT3_DriverIRQHandler) referenced from startup_lpc54114_cm4.o(.text)
 <LI><a href="#[13]">PIN_INT3_IRQHandler</a> from startup_lpc54114_cm4.o(.text) referenced from startup_lpc54114_cm4.o(RESET)
 <LI><a href="#[57]">PIN_INT4_DriverIRQHandler</a> from fsl_pint.o(i.PIN_INT4_DriverIRQHandler) referenced from startup_lpc54114_cm4.o(.text)
 <LI><a href="#[2c]">PIN_INT4_IRQHandler</a> from startup_lpc54114_cm4.o(.text) referenced from startup_lpc54114_cm4.o(RESET)
 <LI><a href="#[58]">PIN_INT5_DriverIRQHandler</a> from fsl_pint.o(i.PIN_INT5_DriverIRQHandler) referenced from startup_lpc54114_cm4.o(.text)
 <LI><a href="#[2d]">PIN_INT5_IRQHandler</a> from startup_lpc54114_cm4.o(.text) referenced from startup_lpc54114_cm4.o(RESET)
 <LI><a href="#[59]">PIN_INT6_DriverIRQHandler</a> from fsl_pint.o(i.PIN_INT6_DriverIRQHandler) referenced from startup_lpc54114_cm4.o(.text)
 <LI><a href="#[2e]">PIN_INT6_IRQHandler</a> from startup_lpc54114_cm4.o(.text) referenced from startup_lpc54114_cm4.o(RESET)
 <LI><a href="#[5a]">PIN_INT7_DriverIRQHandler</a> from fsl_pint.o(i.PIN_INT7_DriverIRQHandler) referenced from startup_lpc54114_cm4.o(.text)
 <LI><a href="#[2f]">PIN_INT7_IRQHandler</a> from startup_lpc54114_cm4.o(.text) referenced from startup_lpc54114_cm4.o(RESET)
 <LI><a href="#[a]">PendSV_Handler</a> from startup_lpc54114_cm4.o(.text) referenced from startup_lpc54114_cm4.o(RESET)
 <LI><a href="#[54]">RTC_DriverIRQHandler</a> from startup_lpc54114_cm4.o(.text) referenced from startup_lpc54114_cm4.o(.text)
 <LI><a href="#[29]">RTC_IRQHandler</a> from startup_lpc54114_cm4.o(.text) referenced from startup_lpc54114_cm4.o(RESET)
 <LI><a href="#[5d]">Reserved54_DriverIRQHandler</a> from startup_lpc54114_cm4.o(.text) referenced from startup_lpc54114_cm4.o(.text)
 <LI><a href="#[32]">Reserved54_IRQHandler</a> from startup_lpc54114_cm4.o(.text) referenced from startup_lpc54114_cm4.o(RESET)
 <LI><a href="#[2]">Reset_Handler</a> from startup_lpc54114_cm4.o(.text) referenced from startup_lpc54114_cm4.o(RESET)
 <LI><a href="#[43]">SCT0_DriverIRQHandler</a> from startup_lpc54114_cm4.o(.text) referenced from startup_lpc54114_cm4.o(.text)
 <LI><a href="#[18]">SCT0_IRQHandler</a> from fsl_sctimer.o(i.SCT0_IRQHandler) referenced from startup_lpc54114_cm4.o(RESET)
 <LI><a href="#[5e]">SPIFI0_DriverIRQHandler</a> from startup_lpc54114_cm4.o(.text) referenced from startup_lpc54114_cm4.o(.text)
 <LI><a href="#[33]">SPIFI0_IRQHandler</a> from startup_lpc54114_cm4.o(.text) referenced from startup_lpc54114_cm4.o(RESET)
 <LI><a href="#[61]">SPI_MasterTransferHandleIRQ</a> from fsl_spi.o(i.SPI_MasterTransferHandleIRQ) referenced from fsl_spi.o(i.SPI_MasterTransferCreateHandle)
 <LI><a href="#[64]">SPI_RxDMACallback</a> from fsl_spi_dma.o(i.SPI_RxDMACallback) referenced from fsl_spi_dma.o(i.SPI_MasterTransferCreateHandleDMA)
 <LI><a href="#[62]">SPI_SlaveTransferHandleIRQ</a> from fsl_spi.o(i.SPI_SlaveTransferHandleIRQ) referenced from fsl_spi.o(i.SPI_MasterTransferCreateHandle)
 <LI><a href="#[63]">SPI_TxDMACallback</a> from fsl_spi_dma.o(i.SPI_TxDMACallback) referenced from fsl_spi_dma.o(i.SPI_MasterTransferCreateHandleDMA)
 <LI><a href="#[8]">SVC_Handler</a> from startup_lpc54114_cm4.o(.text) referenced from startup_lpc54114_cm4.o(RESET)
 <LI><a href="#[b]">SysTick_Handler</a> from main.o(i.SysTick_Handler) referenced from startup_lpc54114_cm4.o(RESET)
 <LI><a href="#[35]">SystemInit</a> from system_lpc54114_cm4.o(i.SystemInit) referenced from startup_lpc54114_cm4.o(.text)
 <LI><a href="#[60]">USART_ReadBlocking</a> from fsl_usart.o(i.USART_ReadBlocking) referenced from fsl_debug_console.o(i.DbgConsole_Init)
 <LI><a href="#[5f]">USART_WriteBlocking</a> from fsl_usart.o(i.USART_WriteBlocking) referenced from fsl_debug_console.o(i.DbgConsole_Init)
 <LI><a href="#[53]">USB0_DriverIRQHandler</a> from startup_lpc54114_cm4.o(.text) referenced from startup_lpc54114_cm4.o(.text)
 <LI><a href="#[28]">USB0_IRQHandler</a> from startup_lpc54114_cm4.o(.text) referenced from startup_lpc54114_cm4.o(RESET)
 <LI><a href="#[52]">USB0_NEEDCLK_DriverIRQHandler</a> from startup_lpc54114_cm4.o(.text) referenced from startup_lpc54114_cm4.o(.text)
 <LI><a href="#[27]">USB0_NEEDCLK_IRQHandler</a> from startup_lpc54114_cm4.o(.text) referenced from startup_lpc54114_cm4.o(RESET)
 <LI><a href="#[3f]">UTICK0_DriverIRQHandler</a> from fsl_utick.o(i.UTICK0_DriverIRQHandler) referenced from startup_lpc54114_cm4.o(.text)
 <LI><a href="#[14]">UTICK0_IRQHandler</a> from startup_lpc54114_cm4.o(.text) referenced from startup_lpc54114_cm4.o(RESET)
 <LI><a href="#[65]">UTICK_HandleIRQ</a> from fsl_utick.o(i.UTICK_HandleIRQ) referenced from fsl_utick.o(i.UTICK_Init)
 <LI><a href="#[66]">UTick_Handler_Callback</a> from main.o(i.UTick_Handler_Callback) referenced from main.o(i.main)
 <LI><a href="#[7]">UsageFault_Handler</a> from startup_lpc54114_cm4.o(.text) referenced from startup_lpc54114_cm4.o(RESET)
 <LI><a href="#[37]">WDT_BOD_DriverIRQHandler</a> from startup_lpc54114_cm4.o(.text) referenced from startup_lpc54114_cm4.o(.text)
 <LI><a href="#[c]">WDT_BOD_IRQHandler</a> from startup_lpc54114_cm4.o(.text) referenced from startup_lpc54114_cm4.o(RESET)
 <LI><a href="#[36]">__main</a> from entry.o(.ARM.Collect$$$$00000000) referenced from startup_lpc54114_cm4.o(.text)
 <LI><a href="#[34]">main</a> from main.o(i.main) referenced from entry9a.o(.ARM.Collect$$$$0000000B)
</UL>
<P>
<H3>
Global Symbols
</H3>
<P><STRONG><a name="[36]"></a>__main</STRONG> (Thumb, 0 bytes, Stack size unknown bytes, entry.o(.ARM.Collect$$$$00000000))
<BR>[Address Reference Count : 1]<UL><LI> startup_lpc54114_cm4.o(.text)
</UL>
<P><STRONG><a name="[10a]"></a>_main_stk</STRONG> (Thumb, 0 bytes, Stack size unknown bytes, entry4.o(.ARM.Collect$$$$00000003))

<P><STRONG><a name="[69]"></a>_main_scatterload</STRONG> (Thumb, 0 bytes, Stack size unknown bytes, entry5.o(.ARM.Collect$$$$00000004))
<BR><BR>[Calls]<UL><LI><a href="#[6a]">&gt;&gt;</a>&nbsp;&nbsp;&nbsp;__scatterload
</UL>

<P><STRONG><a name="[7c]"></a>__main_after_scatterload</STRONG> (Thumb, 0 bytes, Stack size unknown bytes, entry5.o(.ARM.Collect$$$$00000004))
<BR><BR>[Called By]<UL><LI><a href="#[6a]">&gt;&gt;</a>&nbsp;&nbsp;&nbsp;__scatterload
</UL>

<P><STRONG><a name="[10b]"></a>_main_clock</STRONG> (Thumb, 0 bytes, Stack size unknown bytes, entry7b.o(.ARM.Collect$$$$00000008))

<P><STRONG><a name="[10c]"></a>_main_cpp_init</STRONG> (Thumb, 0 bytes, Stack size unknown bytes, entry8b.o(.ARM.Collect$$$$0000000A))

<P><STRONG><a name="[10d]"></a>_main_init</STRONG> (Thumb, 0 bytes, Stack size unknown bytes, entry9a.o(.ARM.Collect$$$$0000000B))

<P><STRONG><a name="[10e]"></a>__rt_final_cpp</STRONG> (Thumb, 0 bytes, Stack size unknown bytes, entry10a.o(.ARM.Collect$$$$0000000D))

<P><STRONG><a name="[10f]"></a>__rt_final_exit</STRONG> (Thumb, 0 bytes, Stack size unknown bytes, entry11a.o(.ARM.Collect$$$$0000000F))

<P><STRONG><a name="[2]"></a>Reset_Handler</STRONG> (Thumb, 66 bytes, Stack size 0 bytes, startup_lpc54114_cm4.o(.text))
<BR>[Address Reference Count : 1]<UL><LI> startup_lpc54114_cm4.o(RESET)
</UL>
<P><STRONG><a name="[3]"></a>NMI_Handler</STRONG> (Thumb, 2 bytes, Stack size 0 bytes, startup_lpc54114_cm4.o(.text))
<BR><BR>[Calls]<UL><LI><a href="#[3]">&gt;&gt;</a>&nbsp;&nbsp;&nbsp;NMI_Handler
</UL>
<BR>[Called By]<UL><LI><a href="#[3]">&gt;&gt;</a>&nbsp;&nbsp;&nbsp;NMI_Handler
</UL>
<BR>[Address Reference Count : 1]<UL><LI> startup_lpc54114_cm4.o(RESET)
</UL>
<P><STRONG><a name="[4]"></a>HardFault_Handler</STRONG> (Thumb, 2 bytes, Stack size 0 bytes, startup_lpc54114_cm4.o(.text))
<BR><BR>[Calls]<UL><LI><a href="#[4]">&gt;&gt;</a>&nbsp;&nbsp;&nbsp;HardFault_Handler
</UL>
<BR>[Called By]<UL><LI><a href="#[4]">&gt;&gt;</a>&nbsp;&nbsp;&nbsp;HardFault_Handler
</UL>
<BR>[Address Reference Count : 1]<UL><LI> startup_lpc54114_cm4.o(RESET)
</UL>
<P><STRONG><a name="[5]"></a>MemManage_Handler</STRONG> (Thumb, 2 bytes, Stack size 0 bytes, startup_lpc54114_cm4.o(.text))
<BR><BR>[Calls]<UL><LI><a href="#[5]">&gt;&gt;</a>&nbsp;&nbsp;&nbsp;MemManage_Handler
</UL>
<BR>[Called By]<UL><LI><a href="#[5]">&gt;&gt;</a>&nbsp;&nbsp;&nbsp;MemManage_Handler
</UL>
<BR>[Address Reference Count : 1]<UL><LI> startup_lpc54114_cm4.o(RESET)
</UL>
<P><STRONG><a name="[6]"></a>BusFault_Handler</STRONG> (Thumb, 2 bytes, Stack size 0 bytes, startup_lpc54114_cm4.o(.text))
<BR><BR>[Calls]<UL><LI><a href="#[6]">&gt;&gt;</a>&nbsp;&nbsp;&nbsp;BusFault_Handler
</UL>
<BR>[Called By]<UL><LI><a href="#[6]">&gt;&gt;</a>&nbsp;&nbsp;&nbsp;BusFault_Handler
</UL>
<BR>[Address Reference Count : 1]<UL><LI> startup_lpc54114_cm4.o(RESET)
</UL>
<P><STRONG><a name="[7]"></a>UsageFault_Handler</STRONG> (Thumb, 2 bytes, Stack size 0 bytes, startup_lpc54114_cm4.o(.text))
<BR><BR>[Calls]<UL><LI><a href="#[7]">&gt;&gt;</a>&nbsp;&nbsp;&nbsp;UsageFault_Handler
</UL>
<BR>[Called By]<UL><LI><a href="#[7]">&gt;&gt;</a>&nbsp;&nbsp;&nbsp;UsageFault_Handler
</UL>
<BR>[Address Reference Count : 1]<UL><LI> startup_lpc54114_cm4.o(RESET)
</UL>
<P><STRONG><a name="[8]"></a>SVC_Handler</STRONG> (Thumb, 2 bytes, Stack size 0 bytes, startup_lpc54114_cm4.o(.text))
<BR><BR>[Calls]<UL><LI><a href="#[8]">&gt;&gt;</a>&nbsp;&nbsp;&nbsp;SVC_Handler
</UL>
<BR>[Called By]<UL><LI><a href="#[8]">&gt;&gt;</a>&nbsp;&nbsp;&nbsp;SVC_Handler
</UL>
<BR>[Address Reference Count : 1]<UL><LI> startup_lpc54114_cm4.o(RESET)
</UL>
<P><STRONG><a name="[9]"></a>DebugMon_Handler</STRONG> (Thumb, 2 bytes, Stack size 0 bytes, startup_lpc54114_cm4.o(.text))
<BR><BR>[Calls]<UL><LI><a href="#[9]">&gt;&gt;</a>&nbsp;&nbsp;&nbsp;DebugMon_Handler
</UL>
<BR>[Called By]<UL><LI><a href="#[9]">&gt;&gt;</a>&nbsp;&nbsp;&nbsp;DebugMon_Handler
</UL>
<BR>[Address Reference Count : 1]<UL><LI> startup_lpc54114_cm4.o(RESET)
</UL>
<P><STRONG><a name="[a]"></a>PendSV_Handler</STRONG> (Thumb, 2 bytes, Stack size 0 bytes, startup_lpc54114_cm4.o(.text))
<BR><BR>[Calls]<UL><LI><a href="#[a]">&gt;&gt;</a>&nbsp;&nbsp;&nbsp;PendSV_Handler
</UL>
<BR>[Called By]<UL><LI><a href="#[a]">&gt;&gt;</a>&nbsp;&nbsp;&nbsp;PendSV_Handler
</UL>
<BR>[Address Reference Count : 1]<UL><LI> startup_lpc54114_cm4.o(RESET)
</UL>
<P><STRONG><a name="[c]"></a>WDT_BOD_IRQHandler</STRONG> (Thumb, 4 bytes, Stack size 0 bytes, startup_lpc54114_cm4.o(.text))
<BR>[Address Reference Count : 1]<UL><LI> startup_lpc54114_cm4.o(RESET)
</UL>
<P><STRONG><a name="[d]"></a>DMA0_IRQHandler</STRONG> (Thumb, 4 bytes, Stack size 0 bytes, startup_lpc54114_cm4.o(.text))
<BR>[Address Reference Count : 1]<UL><LI> startup_lpc54114_cm4.o(RESET)
</UL>
<P><STRONG><a name="[e]"></a>GINT0_IRQHandler</STRONG> (Thumb, 4 bytes, Stack size 0 bytes, startup_lpc54114_cm4.o(.text))
<BR>[Address Reference Count : 1]<UL><LI> startup_lpc54114_cm4.o(RESET)
</UL>
<P><STRONG><a name="[f]"></a>GINT1_IRQHandler</STRONG> (Thumb, 4 bytes, Stack size 0 bytes, startup_lpc54114_cm4.o(.text))
<BR>[Address Reference Count : 1]<UL><LI> startup_lpc54114_cm4.o(RESET)
</UL>
<P><STRONG><a name="[10]"></a>PIN_INT0_IRQHandler</STRONG> (Thumb, 4 bytes, Stack size 0 bytes, startup_lpc54114_cm4.o(.text))
<BR>[Address Reference Count : 1]<UL><LI> startup_lpc54114_cm4.o(RESET)
</UL>
<P><STRONG><a name="[11]"></a>PIN_INT1_IRQHandler</STRONG> (Thumb, 4 bytes, Stack size 0 bytes, startup_lpc54114_cm4.o(.text))
<BR>[Address Reference Count : 1]<UL><LI> startup_lpc54114_cm4.o(RESET)
</UL>
<P><STRONG><a name="[12]"></a>PIN_INT2_IRQHandler</STRONG> (Thumb, 4 bytes, Stack size 0 bytes, startup_lpc54114_cm4.o(.text))
<BR>[Address Reference Count : 1]<UL><LI> startup_lpc54114_cm4.o(RESET)
</UL>
<P><STRONG><a name="[13]"></a>PIN_INT3_IRQHandler</STRONG> (Thumb, 4 bytes, Stack size 0 bytes, startup_lpc54114_cm4.o(.text))
<BR>[Address Reference Count : 1]<UL><LI> startup_lpc54114_cm4.o(RESET)
</UL>
<P><STRONG><a name="[14]"></a>UTICK0_IRQHandler</STRONG> (Thumb, 4 bytes, Stack size 0 bytes, startup_lpc54114_cm4.o(.text))
<BR>[Address Reference Count : 1]<UL><LI> startup_lpc54114_cm4.o(RESET)
</UL>
<P><STRONG><a name="[15]"></a>MRT0_IRQHandler</STRONG> (Thumb, 4 bytes, Stack size 0 bytes, startup_lpc54114_cm4.o(.text))
<BR>[Address Reference Count : 1]<UL><LI> startup_lpc54114_cm4.o(RESET)
</UL>
<P><STRONG><a name="[16]"></a>CTIMER0_IRQHandler</STRONG> (Thumb, 4 bytes, Stack size 0 bytes, startup_lpc54114_cm4.o(.text))
<BR>[Address Reference Count : 1]<UL><LI> startup_lpc54114_cm4.o(RESET)
</UL>
<P><STRONG><a name="[17]"></a>CTIMER1_IRQHandler</STRONG> (Thumb, 4 bytes, Stack size 0 bytes, startup_lpc54114_cm4.o(.text))
<BR>[Address Reference Count : 1]<UL><LI> startup_lpc54114_cm4.o(RESET)
</UL>
<P><STRONG><a name="[19]"></a>CTIMER3_IRQHandler</STRONG> (Thumb, 4 bytes, Stack size 0 bytes, startup_lpc54114_cm4.o(.text))
<BR>[Address Reference Count : 1]<UL><LI> startup_lpc54114_cm4.o(RESET)
</UL>
<P><STRONG><a name="[1a]"></a>FLEXCOMM0_IRQHandler</STRONG> (Thumb, 4 bytes, Stack size 0 bytes, startup_lpc54114_cm4.o(.text))
<BR>[Address Reference Count : 1]<UL><LI> startup_lpc54114_cm4.o(RESET)
</UL>
<P><STRONG><a name="[1b]"></a>FLEXCOMM1_IRQHandler</STRONG> (Thumb, 4 bytes, Stack size 0 bytes, startup_lpc54114_cm4.o(.text))
<BR>[Address Reference Count : 1]<UL><LI> startup_lpc54114_cm4.o(RESET)
</UL>
<P><STRONG><a name="[1c]"></a>FLEXCOMM2_IRQHandler</STRONG> (Thumb, 4 bytes, Stack size 0 bytes, startup_lpc54114_cm4.o(.text))
<BR>[Address Reference Count : 1]<UL><LI> startup_lpc54114_cm4.o(RESET)
</UL>
<P><STRONG><a name="[1d]"></a>FLEXCOMM3_IRQHandler</STRONG> (Thumb, 4 bytes, Stack size 0 bytes, startup_lpc54114_cm4.o(.text))
<BR>[Address Reference Count : 1]<UL><LI> startup_lpc54114_cm4.o(RESET)
</UL>
<P><STRONG><a name="[1e]"></a>FLEXCOMM4_IRQHandler</STRONG> (Thumb, 4 bytes, Stack size 0 bytes, startup_lpc54114_cm4.o(.text))
<BR>[Address Reference Count : 1]<UL><LI> startup_lpc54114_cm4.o(RESET)
</UL>
<P><STRONG><a name="[1f]"></a>FLEXCOMM5_IRQHandler</STRONG> (Thumb, 4 bytes, Stack size 0 bytes, startup_lpc54114_cm4.o(.text))
<BR>[Address Reference Count : 1]<UL><LI> startup_lpc54114_cm4.o(RESET)
</UL>
<P><STRONG><a name="[20]"></a>FLEXCOMM6_IRQHandler</STRONG> (Thumb, 4 bytes, Stack size 0 bytes, startup_lpc54114_cm4.o(.text))
<BR>[Address Reference Count : 1]<UL><LI> startup_lpc54114_cm4.o(RESET)
</UL>
<P><STRONG><a name="[22]"></a>ADC0_SEQA_IRQHandler</STRONG> (Thumb, 4 bytes, Stack size 0 bytes, startup_lpc54114_cm4.o(.text))
<BR>[Address Reference Count : 1]<UL><LI> startup_lpc54114_cm4.o(RESET)
</UL>
<P><STRONG><a name="[23]"></a>ADC0_SEQB_IRQHandler</STRONG> (Thumb, 4 bytes, Stack size 0 bytes, startup_lpc54114_cm4.o(.text))
<BR>[Address Reference Count : 1]<UL><LI> startup_lpc54114_cm4.o(RESET)
</UL>
<P><STRONG><a name="[24]"></a>ADC0_THCMP_IRQHandler</STRONG> (Thumb, 4 bytes, Stack size 0 bytes, startup_lpc54114_cm4.o(.text))
<BR>[Address Reference Count : 1]<UL><LI> startup_lpc54114_cm4.o(RESET)
</UL>
<P><STRONG><a name="[25]"></a>DMIC0_IRQHandler</STRONG> (Thumb, 4 bytes, Stack size 0 bytes, startup_lpc54114_cm4.o(.text))
<BR>[Address Reference Count : 1]<UL><LI> startup_lpc54114_cm4.o(RESET)
</UL>
<P><STRONG><a name="[27]"></a>USB0_NEEDCLK_IRQHandler</STRONG> (Thumb, 4 bytes, Stack size 0 bytes, startup_lpc54114_cm4.o(.text))
<BR>[Address Reference Count : 1]<UL><LI> startup_lpc54114_cm4.o(RESET)
</UL>
<P><STRONG><a name="[28]"></a>USB0_IRQHandler</STRONG> (Thumb, 4 bytes, Stack size 0 bytes, startup_lpc54114_cm4.o(.text))
<BR>[Address Reference Count : 1]<UL><LI> startup_lpc54114_cm4.o(RESET)
</UL>
<P><STRONG><a name="[29]"></a>RTC_IRQHandler</STRONG> (Thumb, 4 bytes, Stack size 0 bytes, startup_lpc54114_cm4.o(.text))
<BR>[Address Reference Count : 1]<UL><LI> startup_lpc54114_cm4.o(RESET)
</UL>
<P><STRONG><a name="[2a]"></a>IOH_IRQHandler</STRONG> (Thumb, 4 bytes, Stack size 0 bytes, startup_lpc54114_cm4.o(.text))
<BR>[Address Reference Count : 1]<UL><LI> startup_lpc54114_cm4.o(RESET)
</UL>
<P><STRONG><a name="[2b]"></a>MAILBOX_IRQHandler</STRONG> (Thumb, 4 bytes, Stack size 0 bytes, startup_lpc54114_cm4.o(.text))
<BR>[Address Reference Count : 1]<UL><LI> startup_lpc54114_cm4.o(RESET)
</UL>
<P><STRONG><a name="[2c]"></a>PIN_INT4_IRQHandler</STRONG> (Thumb, 4 bytes, Stack size 0 bytes, startup_lpc54114_cm4.o(.text))
<BR>[Address Reference Count : 1]<UL><LI> startup_lpc54114_cm4.o(RESET)
</UL>
<P><STRONG><a name="[2d]"></a>PIN_INT5_IRQHandler</STRONG> (Thumb, 4 bytes, Stack size 0 bytes, startup_lpc54114_cm4.o(.text))
<BR>[Address Reference Count : 1]<UL><LI> startup_lpc54114_cm4.o(RESET)
</UL>
<P><STRONG><a name="[2e]"></a>PIN_INT6_IRQHandler</STRONG> (Thumb, 4 bytes, Stack size 0 bytes, startup_lpc54114_cm4.o(.text))
<BR>[Address Reference Count : 1]<UL><LI> startup_lpc54114_cm4.o(RESET)
</UL>
<P><STRONG><a name="[2f]"></a>PIN_INT7_IRQHandler</STRONG> (Thumb, 4 bytes, Stack size 0 bytes, startup_lpc54114_cm4.o(.text))
<BR>[Address Reference Count : 1]<UL><LI> startup_lpc54114_cm4.o(RESET)
</UL>
<P><STRONG><a name="[30]"></a>CTIMER2_IRQHandler</STRONG> (Thumb, 4 bytes, Stack size 0 bytes, startup_lpc54114_cm4.o(.text))
<BR>[Address Reference Count : 1]<UL><LI> startup_lpc54114_cm4.o(RESET)
</UL>
<P><STRONG><a name="[31]"></a>CTIMER4_IRQHandler</STRONG> (Thumb, 4 bytes, Stack size 0 bytes, startup_lpc54114_cm4.o(.text))
<BR>[Address Reference Count : 1]<UL><LI> startup_lpc54114_cm4.o(RESET)
</UL>
<P><STRONG><a name="[32]"></a>Reserved54_IRQHandler</STRONG> (Thumb, 4 bytes, Stack size 0 bytes, startup_lpc54114_cm4.o(.text))
<BR>[Address Reference Count : 1]<UL><LI> startup_lpc54114_cm4.o(RESET)
</UL>
<P><STRONG><a name="[33]"></a>SPIFI0_IRQHandler</STRONG> (Thumb, 4 bytes, Stack size 0 bytes, startup_lpc54114_cm4.o(.text))
<BR>[Address Reference Count : 1]<UL><LI> startup_lpc54114_cm4.o(RESET)
</UL>
<P><STRONG><a name="[4d]"></a>ADC0_SEQA_DriverIRQHandler</STRONG> (Thumb, 0 bytes, Stack size 0 bytes, startup_lpc54114_cm4.o(.text))
<BR><BR>[Calls]<UL><LI><a href="#[4d]">&gt;&gt;</a>&nbsp;&nbsp;&nbsp;ADC0_SEQA_DriverIRQHandler
</UL>
<BR>[Called By]<UL><LI><a href="#[4d]">&gt;&gt;</a>&nbsp;&nbsp;&nbsp;ADC0_SEQA_DriverIRQHandler
</UL>
<BR>[Address Reference Count : 1]<UL><LI> startup_lpc54114_cm4.o(.text)
</UL>
<P><STRONG><a name="[4e]"></a>ADC0_SEQB_DriverIRQHandler</STRONG> (Thumb, 0 bytes, Stack size 0 bytes, startup_lpc54114_cm4.o(.text))
<BR>[Address Reference Count : 1]<UL><LI> startup_lpc54114_cm4.o(.text)
</UL>
<P><STRONG><a name="[4f]"></a>ADC0_THCMP_DriverIRQHandler</STRONG> (Thumb, 0 bytes, Stack size 0 bytes, startup_lpc54114_cm4.o(.text))
<BR>[Address Reference Count : 1]<UL><LI> startup_lpc54114_cm4.o(.text)
</UL>
<P><STRONG><a name="[51]"></a>HWVAD0_DriverIRQHandler</STRONG> (Thumb, 0 bytes, Stack size 0 bytes, startup_lpc54114_cm4.o(.text))
<BR>[Address Reference Count : 1]<UL><LI> startup_lpc54114_cm4.o(.text)
</UL>
<P><STRONG><a name="[55]"></a>IOH_DriverIRQHandler</STRONG> (Thumb, 0 bytes, Stack size 0 bytes, startup_lpc54114_cm4.o(.text))
<BR>[Address Reference Count : 1]<UL><LI> startup_lpc54114_cm4.o(.text)
</UL>
<P><STRONG><a name="[56]"></a>MAILBOX_DriverIRQHandler</STRONG> (Thumb, 0 bytes, Stack size 0 bytes, startup_lpc54114_cm4.o(.text))
<BR>[Address Reference Count : 1]<UL><LI> startup_lpc54114_cm4.o(.text)
</UL>
<P><STRONG><a name="[40]"></a>MRT0_DriverIRQHandler</STRONG> (Thumb, 0 bytes, Stack size 0 bytes, startup_lpc54114_cm4.o(.text))
<BR>[Address Reference Count : 1]<UL><LI> startup_lpc54114_cm4.o(.text)
</UL>
<P><STRONG><a name="[54]"></a>RTC_DriverIRQHandler</STRONG> (Thumb, 0 bytes, Stack size 0 bytes, startup_lpc54114_cm4.o(.text))
<BR>[Address Reference Count : 1]<UL><LI> startup_lpc54114_cm4.o(.text)
</UL>
<P><STRONG><a name="[5d]"></a>Reserved54_DriverIRQHandler</STRONG> (Thumb, 0 bytes, Stack size 0 bytes, startup_lpc54114_cm4.o(.text))
<BR>[Address Reference Count : 1]<UL><LI> startup_lpc54114_cm4.o(.text)
</UL>
<P><STRONG><a name="[43]"></a>SCT0_DriverIRQHandler</STRONG> (Thumb, 0 bytes, Stack size 0 bytes, startup_lpc54114_cm4.o(.text))
<BR>[Address Reference Count : 1]<UL><LI> startup_lpc54114_cm4.o(.text)
</UL>
<P><STRONG><a name="[5e]"></a>SPIFI0_DriverIRQHandler</STRONG> (Thumb, 0 bytes, Stack size 0 bytes, startup_lpc54114_cm4.o(.text))
<BR>[Address Reference Count : 1]<UL><LI> startup_lpc54114_cm4.o(.text)
</UL>
<P><STRONG><a name="[53]"></a>USB0_DriverIRQHandler</STRONG> (Thumb, 0 bytes, Stack size 0 bytes, startup_lpc54114_cm4.o(.text))
<BR>[Address Reference Count : 1]<UL><LI> startup_lpc54114_cm4.o(.text)
</UL>
<P><STRONG><a name="[52]"></a>USB0_NEEDCLK_DriverIRQHandler</STRONG> (Thumb, 0 bytes, Stack size 0 bytes, startup_lpc54114_cm4.o(.text))
<BR>[Address Reference Count : 1]<UL><LI> startup_lpc54114_cm4.o(.text)
</UL>
<P><STRONG><a name="[37]"></a>WDT_BOD_DriverIRQHandler</STRONG> (Thumb, 0 bytes, Stack size 0 bytes, startup_lpc54114_cm4.o(.text))
<BR>[Address Reference Count : 1]<UL><LI> startup_lpc54114_cm4.o(.text)
</UL>
<P><STRONG><a name="[c7]"></a>__aeabi_memcpy</STRONG> (Thumb, 36 bytes, Stack size 0 bytes, memcpya.o(.text))
<BR><BR>[Called By]<UL><LI><a href="#[c6]">&gt;&gt;</a>&nbsp;&nbsp;&nbsp;SEGGER_RTT_Write
</UL>

<P><STRONG><a name="[110]"></a>__aeabi_memcpy4</STRONG> (Thumb, 0 bytes, Stack size 0 bytes, memcpya.o(.text), UNUSED)

<P><STRONG><a name="[111]"></a>__aeabi_memcpy8</STRONG> (Thumb, 0 bytes, Stack size 0 bytes, memcpya.o(.text), UNUSED)

<P><STRONG><a name="[6c]"></a>__aeabi_memset</STRONG> (Thumb, 14 bytes, Stack size 0 bytes, memseta.o(.text), UNUSED)
<BR><BR>[Called By]<UL><LI><a href="#[6d]">&gt;&gt;</a>&nbsp;&nbsp;&nbsp;_memset$wrapper
<LI><a href="#[6b]">&gt;&gt;</a>&nbsp;&nbsp;&nbsp;__aeabi_memclr
</UL>

<P><STRONG><a name="[112]"></a>__aeabi_memset4</STRONG> (Thumb, 0 bytes, Stack size 0 bytes, memseta.o(.text), UNUSED)

<P><STRONG><a name="[113]"></a>__aeabi_memset8</STRONG> (Thumb, 0 bytes, Stack size 0 bytes, memseta.o(.text), UNUSED)

<P><STRONG><a name="[6b]"></a>__aeabi_memclr</STRONG> (Thumb, 4 bytes, Stack size 0 bytes, memseta.o(.text), UNUSED)
<BR><BR>[Calls]<UL><LI><a href="#[6c]">&gt;&gt;</a>&nbsp;&nbsp;&nbsp;__aeabi_memset
</UL>

<P><STRONG><a name="[a7]"></a>__aeabi_memclr4</STRONG> (Thumb, 0 bytes, Stack size 0 bytes, memseta.o(.text))
<BR><BR>[Called By]<UL><LI><a href="#[f8]">&gt;&gt;</a>&nbsp;&nbsp;&nbsp;mpu9250_dmaRead_init
<LI><a href="#[a6]">&gt;&gt;</a>&nbsp;&nbsp;&nbsp;DMA_PrepareTransfer
<LI><a href="#[d3]">&gt;&gt;</a>&nbsp;&nbsp;&nbsp;SPI_MasterTransferDMA
<LI><a href="#[d2]">&gt;&gt;</a>&nbsp;&nbsp;&nbsp;SPI_MasterTransferCreateHandleDMA
<LI><a href="#[d1]">&gt;&gt;</a>&nbsp;&nbsp;&nbsp;SPI_MasterTransferCreateHandle
</UL>

<P><STRONG><a name="[114]"></a>__aeabi_memclr8</STRONG> (Thumb, 0 bytes, Stack size 0 bytes, memseta.o(.text), UNUSED)

<P><STRONG><a name="[6d]"></a>_memset$wrapper</STRONG> (Thumb, 18 bytes, Stack size 8 bytes, memseta.o(.text), UNUSED)
<BR><BR>[Calls]<UL><LI><a href="#[6c]">&gt;&gt;</a>&nbsp;&nbsp;&nbsp;__aeabi_memset
</UL>

<P><STRONG><a name="[8e]"></a>CLOCK_GetExtClkFreq</STRONG> (Thumb, 4 bytes, Stack size 0 bytes, fsl_clock.o(i.CLOCK_GetExtClkFreq))
<BR><BR>[Called By]<UL><LI><a href="#[8c]">&gt;&gt;</a>&nbsp;&nbsp;&nbsp;CLOCK_GetCoreSysClkFreq
</UL>

<P><STRONG><a name="[115]"></a>__I$use$fp</STRONG> (Thumb, 0 bytes, Stack size 0 bytes, iusefp.o(.text), UNUSED)

<P><STRONG><a name="[6e]"></a>__aeabi_uldivmod</STRONG> (Thumb, 98 bytes, Stack size 40 bytes, uldiv.o(.text))
<BR><BR>[Stack]<UL><LI>Max Depth = 40<LI>Call Chain = __aeabi_uldivmod
</UL>
<BR>[Calls]<UL><LI><a href="#[6f]">&gt;&gt;</a>&nbsp;&nbsp;&nbsp;__aeabi_llsr
<LI><a href="#[70]">&gt;&gt;</a>&nbsp;&nbsp;&nbsp;__aeabi_llsl
</UL>
<BR>[Called By]<UL><LI><a href="#[dc]">&gt;&gt;</a>&nbsp;&nbsp;&nbsp;SystemCoreClockUpdate
<LI><a href="#[86]">&gt;&gt;</a>&nbsp;&nbsp;&nbsp;CLOCK_GetFreq
</UL>

<P><STRONG><a name="[71]"></a>__aeabi_dmul</STRONG> (Thumb, 228 bytes, Stack size 48 bytes, dmul.o(.text))
<BR><BR>[Stack]<UL><LI>Max Depth = 88<LI>Call Chain = __aeabi_dmul &rArr; _double_epilogue &rArr; _double_round
</UL>
<BR>[Calls]<UL><LI><a href="#[72]">&gt;&gt;</a>&nbsp;&nbsp;&nbsp;_double_epilogue
</UL>
<BR>[Called By]<UL><LI><a href="#[b5]">&gt;&gt;</a>&nbsp;&nbsp;&nbsp;KalmanFilter_Process
<LI><a href="#[ec]">&gt;&gt;</a>&nbsp;&nbsp;&nbsp;__kernel_poly
<LI><a href="#[ea]">&gt;&gt;</a>&nbsp;&nbsp;&nbsp;__mathlib_dbl_underflow
<LI><a href="#[e7]">&gt;&gt;</a>&nbsp;&nbsp;&nbsp;__hardfp_atan
</UL>

<P><STRONG><a name="[73]"></a>__aeabi_i2d</STRONG> (Thumb, 34 bytes, Stack size 16 bytes, dflti.o(.text))
<BR><BR>[Stack]<UL><LI>Max Depth = 56<LI>Call Chain = __aeabi_i2d &rArr; _double_epilogue &rArr; _double_round
</UL>
<BR>[Calls]<UL><LI><a href="#[72]">&gt;&gt;</a>&nbsp;&nbsp;&nbsp;_double_epilogue
</UL>
<BR>[Called By]<UL><LI><a href="#[b5]">&gt;&gt;</a>&nbsp;&nbsp;&nbsp;KalmanFilter_Process
</UL>

<P><STRONG><a name="[b7]"></a>__aeabi_f2d</STRONG> (Thumb, 38 bytes, Stack size 0 bytes, f2d.o(.text))
<BR><BR>[Called By]<UL><LI><a href="#[bb]">&gt;&gt;</a>&nbsp;&nbsp;&nbsp;Motor_TurnPwmControl
<LI><a href="#[b5]">&gt;&gt;</a>&nbsp;&nbsp;&nbsp;KalmanFilter_Process
<LI><a href="#[34]">&gt;&gt;</a>&nbsp;&nbsp;&nbsp;main
</UL>

<P><STRONG><a name="[116]"></a>__aeabi_cdcmpeq</STRONG> (Thumb, 0 bytes, Stack size 0 bytes, cdcmple.o(.text), UNUSED)

<P><STRONG><a name="[bd]"></a>__aeabi_cdcmple</STRONG> (Thumb, 48 bytes, Stack size 0 bytes, cdcmple.o(.text))
<BR><BR>[Called By]<UL><LI><a href="#[bb]">&gt;&gt;</a>&nbsp;&nbsp;&nbsp;Motor_TurnPwmControl
</UL>

<P><STRONG><a name="[74]"></a>__aeabi_d2f</STRONG> (Thumb, 56 bytes, Stack size 8 bytes, d2f.o(.text))
<BR><BR>[Stack]<UL><LI>Max Depth = 8<LI>Call Chain = __aeabi_d2f
</UL>
<BR>[Calls]<UL><LI><a href="#[75]">&gt;&gt;</a>&nbsp;&nbsp;&nbsp;_float_round
</UL>
<BR>[Called By]<UL><LI><a href="#[b5]">&gt;&gt;</a>&nbsp;&nbsp;&nbsp;KalmanFilter_Process
</UL>

<P><STRONG><a name="[70]"></a>__aeabi_llsl</STRONG> (Thumb, 30 bytes, Stack size 0 bytes, llshl.o(.text))
<BR><BR>[Called By]<UL><LI><a href="#[77]">&gt;&gt;</a>&nbsp;&nbsp;&nbsp;__aeabi_dadd
<LI><a href="#[72]">&gt;&gt;</a>&nbsp;&nbsp;&nbsp;_double_epilogue
<LI><a href="#[6e]">&gt;&gt;</a>&nbsp;&nbsp;&nbsp;__aeabi_uldivmod
</UL>

<P><STRONG><a name="[117]"></a>_ll_shift_l</STRONG> (Thumb, 0 bytes, Stack size 0 bytes, llshl.o(.text), UNUSED)

<P><STRONG><a name="[6f]"></a>__aeabi_llsr</STRONG> (Thumb, 32 bytes, Stack size 0 bytes, llushr.o(.text))
<BR><BR>[Called By]<UL><LI><a href="#[72]">&gt;&gt;</a>&nbsp;&nbsp;&nbsp;_double_epilogue
<LI><a href="#[6e]">&gt;&gt;</a>&nbsp;&nbsp;&nbsp;__aeabi_uldivmod
</UL>

<P><STRONG><a name="[118]"></a>_ll_ushift_r</STRONG> (Thumb, 0 bytes, Stack size 0 bytes, llushr.o(.text), UNUSED)

<P><STRONG><a name="[75]"></a>_float_round</STRONG> (Thumb, 18 bytes, Stack size 0 bytes, fepilogue.o(.text))
<BR><BR>[Called By]<UL><LI><a href="#[74]">&gt;&gt;</a>&nbsp;&nbsp;&nbsp;__aeabi_d2f
</UL>

<P><STRONG><a name="[119]"></a>_float_epilogue</STRONG> (Thumb, 92 bytes, Stack size 4 bytes, fepilogue.o(.text), UNUSED)

<P><STRONG><a name="[76]"></a>_double_round</STRONG> (Thumb, 30 bytes, Stack size 8 bytes, depilogue.o(.text))
<BR><BR>[Stack]<UL><LI>Max Depth = 8<LI>Call Chain = _double_round
</UL>
<BR>[Called By]<UL><LI><a href="#[77]">&gt;&gt;</a>&nbsp;&nbsp;&nbsp;__aeabi_dadd
<LI><a href="#[72]">&gt;&gt;</a>&nbsp;&nbsp;&nbsp;_double_epilogue
<LI><a href="#[7b]">&gt;&gt;</a>&nbsp;&nbsp;&nbsp;__aeabi_ddiv
</UL>

<P><STRONG><a name="[72]"></a>_double_epilogue</STRONG> (Thumb, 156 bytes, Stack size 32 bytes, depilogue.o(.text))
<BR><BR>[Stack]<UL><LI>Max Depth = 40<LI>Call Chain = _double_epilogue &rArr; _double_round
</UL>
<BR>[Calls]<UL><LI><a href="#[76]">&gt;&gt;</a>&nbsp;&nbsp;&nbsp;_double_round
<LI><a href="#[6f]">&gt;&gt;</a>&nbsp;&nbsp;&nbsp;__aeabi_llsr
<LI><a href="#[70]">&gt;&gt;</a>&nbsp;&nbsp;&nbsp;__aeabi_llsl
</UL>
<BR>[Called By]<UL><LI><a href="#[77]">&gt;&gt;</a>&nbsp;&nbsp;&nbsp;__aeabi_dadd
<LI><a href="#[73]">&gt;&gt;</a>&nbsp;&nbsp;&nbsp;__aeabi_i2d
<LI><a href="#[71]">&gt;&gt;</a>&nbsp;&nbsp;&nbsp;__aeabi_dmul
</UL>

<P><STRONG><a name="[77]"></a>__aeabi_dadd</STRONG> (Thumb, 322 bytes, Stack size 48 bytes, dadd.o(.text))
<BR><BR>[Stack]<UL><LI>Max Depth = 88<LI>Call Chain = __aeabi_dadd &rArr; _double_epilogue &rArr; _double_round
</UL>
<BR>[Calls]<UL><LI><a href="#[78]">&gt;&gt;</a>&nbsp;&nbsp;&nbsp;__aeabi_lasr
<LI><a href="#[76]">&gt;&gt;</a>&nbsp;&nbsp;&nbsp;_double_round
<LI><a href="#[70]">&gt;&gt;</a>&nbsp;&nbsp;&nbsp;__aeabi_llsl
<LI><a href="#[72]">&gt;&gt;</a>&nbsp;&nbsp;&nbsp;_double_epilogue
</UL>
<BR>[Called By]<UL><LI><a href="#[ec]">&gt;&gt;</a>&nbsp;&nbsp;&nbsp;__kernel_poly
<LI><a href="#[ed]">&gt;&gt;</a>&nbsp;&nbsp;&nbsp;__mathlib_dbl_infnan2
<LI><a href="#[e8]">&gt;&gt;</a>&nbsp;&nbsp;&nbsp;__mathlib_dbl_infnan
<LI><a href="#[e7]">&gt;&gt;</a>&nbsp;&nbsp;&nbsp;__hardfp_atan
<LI><a href="#[79]">&gt;&gt;</a>&nbsp;&nbsp;&nbsp;__aeabi_dsub
<LI><a href="#[7a]">&gt;&gt;</a>&nbsp;&nbsp;&nbsp;__aeabi_drsub
</UL>

<P><STRONG><a name="[79]"></a>__aeabi_dsub</STRONG> (Thumb, 6 bytes, Stack size 0 bytes, dadd.o(.text))
<BR><BR>[Stack]<UL><LI>Max Depth = 88<LI>Call Chain = __aeabi_dsub &rArr; __aeabi_dadd &rArr; _double_epilogue &rArr; _double_round
</UL>
<BR>[Calls]<UL><LI><a href="#[77]">&gt;&gt;</a>&nbsp;&nbsp;&nbsp;__aeabi_dadd
</UL>
<BR>[Called By]<UL><LI><a href="#[e7]">&gt;&gt;</a>&nbsp;&nbsp;&nbsp;__hardfp_atan
<LI><a href="#[b6]">&gt;&gt;</a>&nbsp;&nbsp;&nbsp;__hardfp_atan2
</UL>

<P><STRONG><a name="[7a]"></a>__aeabi_drsub</STRONG> (Thumb, 6 bytes, Stack size 0 bytes, dadd.o(.text))
<BR><BR>[Stack]<UL><LI>Max Depth = 88<LI>Call Chain = __aeabi_drsub &rArr; __aeabi_dadd &rArr; _double_epilogue &rArr; _double_round
</UL>
<BR>[Calls]<UL><LI><a href="#[77]">&gt;&gt;</a>&nbsp;&nbsp;&nbsp;__aeabi_dadd
</UL>
<BR>[Called By]<UL><LI><a href="#[e7]">&gt;&gt;</a>&nbsp;&nbsp;&nbsp;__hardfp_atan
<LI><a href="#[b6]">&gt;&gt;</a>&nbsp;&nbsp;&nbsp;__hardfp_atan2
</UL>

<P><STRONG><a name="[7b]"></a>__aeabi_ddiv</STRONG> (Thumb, 222 bytes, Stack size 32 bytes, ddiv.o(.text))
<BR><BR>[Stack]<UL><LI>Max Depth = 40<LI>Call Chain = __aeabi_ddiv &rArr; _double_round
</UL>
<BR>[Calls]<UL><LI><a href="#[76]">&gt;&gt;</a>&nbsp;&nbsp;&nbsp;_double_round
</UL>
<BR>[Called By]<UL><LI><a href="#[e7]">&gt;&gt;</a>&nbsp;&nbsp;&nbsp;__hardfp_atan
<LI><a href="#[b6]">&gt;&gt;</a>&nbsp;&nbsp;&nbsp;__hardfp_atan2
</UL>

<P><STRONG><a name="[6a]"></a>__scatterload</STRONG> (Thumb, 28 bytes, Stack size 0 bytes, init.o(.text))
<BR><BR>[Calls]<UL><LI><a href="#[7c]">&gt;&gt;</a>&nbsp;&nbsp;&nbsp;__main_after_scatterload
</UL>
<BR>[Called By]<UL><LI><a href="#[69]">&gt;&gt;</a>&nbsp;&nbsp;&nbsp;_main_scatterload
</UL>

<P><STRONG><a name="[11a]"></a>__scatterload_rt2</STRONG> (Thumb, 0 bytes, Stack size 0 bytes, init.o(.text), UNUSED)

<P><STRONG><a name="[78]"></a>__aeabi_lasr</STRONG> (Thumb, 36 bytes, Stack size 0 bytes, llsshr.o(.text))
<BR><BR>[Called By]<UL><LI><a href="#[77]">&gt;&gt;</a>&nbsp;&nbsp;&nbsp;__aeabi_dadd
</UL>

<P><STRONG><a name="[11b]"></a>_ll_sshift_r</STRONG> (Thumb, 0 bytes, Stack size 0 bytes, llsshr.o(.text), UNUSED)

<P><STRONG><a name="[11c]"></a>__decompress</STRONG> (Thumb, 0 bytes, Stack size unknown bytes, __dczerorl2.o(.text), UNUSED)

<P><STRONG><a name="[11d]"></a>__decompress1</STRONG> (Thumb, 86 bytes, Stack size unknown bytes, __dczerorl2.o(.text), UNUSED)

<P><STRONG><a name="[7d]"></a>BOARD_BootClockFROHF96M</STRONG> (Thumb, 56 bytes, Stack size 8 bytes, clock_config.o(i.BOARD_BootClockFROHF96M))
<BR><BR>[Stack]<UL><LI>Max Depth = 24<LI>Call Chain = BOARD_BootClockFROHF96M &rArr; POWER_SetVoltageForFreq &rArr; POWER_setVdLevel
</UL>
<BR>[Calls]<UL><LI><a href="#[80]">&gt;&gt;</a>&nbsp;&nbsp;&nbsp;POWER_SetVoltageForFreq
<LI><a href="#[82]">&gt;&gt;</a>&nbsp;&nbsp;&nbsp;CLOCK_SetupFROClocking
<LI><a href="#[81]">&gt;&gt;</a>&nbsp;&nbsp;&nbsp;CLOCK_SetFLASHAccessCyclesForFreq
<LI><a href="#[83]">&gt;&gt;</a>&nbsp;&nbsp;&nbsp;CLOCK_SetClkDiv
<LI><a href="#[7f]">&gt;&gt;</a>&nbsp;&nbsp;&nbsp;CLOCK_AttachClk
<LI><a href="#[7e]">&gt;&gt;</a>&nbsp;&nbsp;&nbsp;POWER_DisablePD
</UL>
<BR>[Called By]<UL><LI><a href="#[34]">&gt;&gt;</a>&nbsp;&nbsp;&nbsp;main
</UL>

<P><STRONG><a name="[84]"></a>BOARD_InitDebugConsole</STRONG> (Thumb, 50 bytes, Stack size 16 bytes, board.o(i.BOARD_InitDebugConsole))
<BR><BR>[Stack]<UL><LI>Max Depth = 424<LI>Call Chain = BOARD_InitDebugConsole &rArr; DbgConsole_Init &rArr; USART_Init &rArr; USART_SetBaudRate &rArr; __aeabi_assert &rArr; DbgConsole_Printf &rArr; SEGGER_RTT_vprintf &rArr; _PrintInt &rArr; _PrintUnsigned &rArr; _StoreChar &rArr; SEGGER_RTT_Write
</UL>
<BR>[Calls]<UL><LI><a href="#[88]">&gt;&gt;</a>&nbsp;&nbsp;&nbsp;__aeabi_assert
<LI><a href="#[86]">&gt;&gt;</a>&nbsp;&nbsp;&nbsp;CLOCK_GetFreq
<LI><a href="#[87]">&gt;&gt;</a>&nbsp;&nbsp;&nbsp;DbgConsole_Init
<LI><a href="#[85]">&gt;&gt;</a>&nbsp;&nbsp;&nbsp;RESET_PeripheralReset
</UL>
<BR>[Called By]<UL><LI><a href="#[34]">&gt;&gt;</a>&nbsp;&nbsp;&nbsp;main
</UL>

<P><STRONG><a name="[89]"></a>BOARD_InitPins</STRONG> (Thumb, 64 bytes, Stack size 16 bytes, pin_mux.o(i.BOARD_InitPins))
<BR><BR>[Stack]<UL><LI>Max Depth = 24<LI>Call Chain = BOARD_InitPins &rArr; IOCON_PinMuxSet
</UL>
<BR>[Calls]<UL><LI><a href="#[8a]">&gt;&gt;</a>&nbsp;&nbsp;&nbsp;IOCON_PinMuxSet
</UL>
<BR>[Called By]<UL><LI><a href="#[34]">&gt;&gt;</a>&nbsp;&nbsp;&nbsp;main
</UL>

<P><STRONG><a name="[7f]"></a>CLOCK_AttachClk</STRONG> (Thumb, 60 bytes, Stack size 16 bytes, fsl_clock.o(i.CLOCK_AttachClk))
<BR><BR>[Stack]<UL><LI>Max Depth = 16<LI>Call Chain = CLOCK_AttachClk
</UL>
<BR>[Called By]<UL><LI><a href="#[7d]">&gt;&gt;</a>&nbsp;&nbsp;&nbsp;BOARD_BootClockFROHF96M
<LI><a href="#[34]">&gt;&gt;</a>&nbsp;&nbsp;&nbsp;main
<LI><a href="#[102]">&gt;&gt;</a>&nbsp;&nbsp;&nbsp;mpu9250_pins_init
</UL>

<P><STRONG><a name="[8b]"></a>CLOCK_GetAsyncApbClkFreq</STRONG> (Thumb, 40 bytes, Stack size 8 bytes, fsl_clock.o(i.CLOCK_GetAsyncApbClkFreq))
<BR><BR>[Stack]<UL><LI>Max Depth = 12<LI>Call Chain = CLOCK_GetAsyncApbClkFreq &rArr; CLOCK_GetCoreSysClkFreq
</UL>
<BR>[Calls]<UL><LI><a href="#[8c]">&gt;&gt;</a>&nbsp;&nbsp;&nbsp;CLOCK_GetCoreSysClkFreq
</UL>
<BR>[Called By]<UL><LI><a href="#[86]">&gt;&gt;</a>&nbsp;&nbsp;&nbsp;CLOCK_GetFreq
</UL>

<P><STRONG><a name="[8c]"></a>CLOCK_GetCoreSysClkFreq</STRONG> (Thumb, 120 bytes, Stack size 4 bytes, fsl_clock.o(i.CLOCK_GetCoreSysClkFreq))
<BR><BR>[Stack]<UL><LI>Max Depth = 4<LI>Call Chain = CLOCK_GetCoreSysClkFreq
</UL>
<BR>[Calls]<UL><LI><a href="#[8f]">&gt;&gt;</a>&nbsp;&nbsp;&nbsp;CLOCK_GetWdtOscFreq
<LI><a href="#[91]">&gt;&gt;</a>&nbsp;&nbsp;&nbsp;CLOCK_GetPllOutFreq
<LI><a href="#[92]">&gt;&gt;</a>&nbsp;&nbsp;&nbsp;CLOCK_GetOsc32KFreq
<LI><a href="#[90]">&gt;&gt;</a>&nbsp;&nbsp;&nbsp;CLOCK_GetFroHfFreq
<LI><a href="#[8d]">&gt;&gt;</a>&nbsp;&nbsp;&nbsp;CLOCK_GetFro12MFreq
<LI><a href="#[8e]">&gt;&gt;</a>&nbsp;&nbsp;&nbsp;CLOCK_GetExtClkFreq
</UL>
<BR>[Called By]<UL><LI><a href="#[93]">&gt;&gt;</a>&nbsp;&nbsp;&nbsp;CLOCK_GetFRGInputClock
<LI><a href="#[8b]">&gt;&gt;</a>&nbsp;&nbsp;&nbsp;CLOCK_GetAsyncApbClkFreq
<LI><a href="#[86]">&gt;&gt;</a>&nbsp;&nbsp;&nbsp;CLOCK_GetFreq
</UL>

<P><STRONG><a name="[93]"></a>CLOCK_GetFRGInputClock</STRONG> (Thumb, 60 bytes, Stack size 4 bytes, fsl_clock.o(i.CLOCK_GetFRGInputClock))
<BR><BR>[Stack]<UL><LI>Max Depth = 8<LI>Call Chain = CLOCK_GetFRGInputClock &rArr; CLOCK_GetCoreSysClkFreq
</UL>
<BR>[Calls]<UL><LI><a href="#[91]">&gt;&gt;</a>&nbsp;&nbsp;&nbsp;CLOCK_GetPllOutFreq
<LI><a href="#[90]">&gt;&gt;</a>&nbsp;&nbsp;&nbsp;CLOCK_GetFroHfFreq
<LI><a href="#[8d]">&gt;&gt;</a>&nbsp;&nbsp;&nbsp;CLOCK_GetFro12MFreq
<LI><a href="#[8c]">&gt;&gt;</a>&nbsp;&nbsp;&nbsp;CLOCK_GetCoreSysClkFreq
</UL>
<BR>[Called By]<UL><LI><a href="#[86]">&gt;&gt;</a>&nbsp;&nbsp;&nbsp;CLOCK_GetFreq
</UL>

<P><STRONG><a name="[94]"></a>CLOCK_GetFlexCommClkFreq</STRONG> (Thumb, 88 bytes, Stack size 8 bytes, fsl_clock.o(i.CLOCK_GetFlexCommClkFreq))
<BR><BR>[Stack]<UL><LI>Max Depth = 8 + In Cycle
<LI>Call Chain = CLOCK_GetFlexCommClkFreq &rArr;  CLOCK_GetFreq (Cycle)
</UL>
<BR>[Calls]<UL><LI><a href="#[91]">&gt;&gt;</a>&nbsp;&nbsp;&nbsp;CLOCK_GetPllOutFreq
<LI><a href="#[95]">&gt;&gt;</a>&nbsp;&nbsp;&nbsp;CLOCK_GetI2SMClkFreq
<LI><a href="#[90]">&gt;&gt;</a>&nbsp;&nbsp;&nbsp;CLOCK_GetFroHfFreq
<LI><a href="#[8d]">&gt;&gt;</a>&nbsp;&nbsp;&nbsp;CLOCK_GetFro12MFreq
<LI><a href="#[86]">&gt;&gt;</a>&nbsp;&nbsp;&nbsp;CLOCK_GetFreq
</UL>
<BR>[Called By]<UL><LI><a href="#[86]">&gt;&gt;</a>&nbsp;&nbsp;&nbsp;CLOCK_GetFreq
</UL>

<P><STRONG><a name="[86]"></a>CLOCK_GetFreq</STRONG> (Thumb, 424 bytes, Stack size 24 bytes, fsl_clock.o(i.CLOCK_GetFreq))
<BR><BR>[Stack]<UL><LI>Max Depth = 64<LI>Call Chain = CLOCK_GetFreq &rArr; __aeabi_uldivmod
</UL>
<BR>[Calls]<UL><LI><a href="#[8f]">&gt;&gt;</a>&nbsp;&nbsp;&nbsp;CLOCK_GetWdtOscFreq
<LI><a href="#[91]">&gt;&gt;</a>&nbsp;&nbsp;&nbsp;CLOCK_GetPllOutFreq
<LI><a href="#[95]">&gt;&gt;</a>&nbsp;&nbsp;&nbsp;CLOCK_GetI2SMClkFreq
<LI><a href="#[90]">&gt;&gt;</a>&nbsp;&nbsp;&nbsp;CLOCK_GetFroHfFreq
<LI><a href="#[8d]">&gt;&gt;</a>&nbsp;&nbsp;&nbsp;CLOCK_GetFro12MFreq
<LI><a href="#[94]">&gt;&gt;</a>&nbsp;&nbsp;&nbsp;CLOCK_GetFlexCommClkFreq
<LI><a href="#[93]">&gt;&gt;</a>&nbsp;&nbsp;&nbsp;CLOCK_GetFRGInputClock
<LI><a href="#[8c]">&gt;&gt;</a>&nbsp;&nbsp;&nbsp;CLOCK_GetCoreSysClkFreq
<LI><a href="#[8b]">&gt;&gt;</a>&nbsp;&nbsp;&nbsp;CLOCK_GetAsyncApbClkFreq
<LI><a href="#[6e]">&gt;&gt;</a>&nbsp;&nbsp;&nbsp;__aeabi_uldivmod
</UL>
<BR>[Called By]<UL><LI><a href="#[94]">&gt;&gt;</a>&nbsp;&nbsp;&nbsp;CLOCK_GetFlexCommClkFreq
<LI><a href="#[84]">&gt;&gt;</a>&nbsp;&nbsp;&nbsp;BOARD_InitDebugConsole
<LI><a href="#[34]">&gt;&gt;</a>&nbsp;&nbsp;&nbsp;main
<LI><a href="#[102]">&gt;&gt;</a>&nbsp;&nbsp;&nbsp;mpu9250_pins_init
<LI><a href="#[100]">&gt;&gt;</a>&nbsp;&nbsp;&nbsp;tb6612_func_init
</UL>

<P><STRONG><a name="[8d]"></a>CLOCK_GetFro12MFreq</STRONG> (Thumb, 18 bytes, Stack size 0 bytes, fsl_clock.o(i.CLOCK_GetFro12MFreq))
<BR><BR>[Called By]<UL><LI><a href="#[94]">&gt;&gt;</a>&nbsp;&nbsp;&nbsp;CLOCK_GetFlexCommClkFreq
<LI><a href="#[93]">&gt;&gt;</a>&nbsp;&nbsp;&nbsp;CLOCK_GetFRGInputClock
<LI><a href="#[8c]">&gt;&gt;</a>&nbsp;&nbsp;&nbsp;CLOCK_GetCoreSysClkFreq
<LI><a href="#[86]">&gt;&gt;</a>&nbsp;&nbsp;&nbsp;CLOCK_GetFreq
</UL>

<P><STRONG><a name="[90]"></a>CLOCK_GetFroHfFreq</STRONG> (Thumb, 46 bytes, Stack size 0 bytes, fsl_clock.o(i.CLOCK_GetFroHfFreq))
<BR><BR>[Called By]<UL><LI><a href="#[94]">&gt;&gt;</a>&nbsp;&nbsp;&nbsp;CLOCK_GetFlexCommClkFreq
<LI><a href="#[93]">&gt;&gt;</a>&nbsp;&nbsp;&nbsp;CLOCK_GetFRGInputClock
<LI><a href="#[8c]">&gt;&gt;</a>&nbsp;&nbsp;&nbsp;CLOCK_GetCoreSysClkFreq
<LI><a href="#[86]">&gt;&gt;</a>&nbsp;&nbsp;&nbsp;CLOCK_GetFreq
</UL>

<P><STRONG><a name="[95]"></a>CLOCK_GetI2SMClkFreq</STRONG> (Thumb, 6 bytes, Stack size 0 bytes, fsl_clock.o(i.CLOCK_GetI2SMClkFreq))
<BR><BR>[Called By]<UL><LI><a href="#[94]">&gt;&gt;</a>&nbsp;&nbsp;&nbsp;CLOCK_GetFlexCommClkFreq
<LI><a href="#[86]">&gt;&gt;</a>&nbsp;&nbsp;&nbsp;CLOCK_GetFreq
</UL>

<P><STRONG><a name="[92]"></a>CLOCK_GetOsc32KFreq</STRONG> (Thumb, 6 bytes, Stack size 0 bytes, fsl_clock.o(i.CLOCK_GetOsc32KFreq))
<BR><BR>[Called By]<UL><LI><a href="#[8c]">&gt;&gt;</a>&nbsp;&nbsp;&nbsp;CLOCK_GetCoreSysClkFreq
</UL>

<P><STRONG><a name="[91]"></a>CLOCK_GetPllOutFreq</STRONG> (Thumb, 6 bytes, Stack size 0 bytes, fsl_clock.o(i.CLOCK_GetPllOutFreq))
<BR><BR>[Called By]<UL><LI><a href="#[94]">&gt;&gt;</a>&nbsp;&nbsp;&nbsp;CLOCK_GetFlexCommClkFreq
<LI><a href="#[93]">&gt;&gt;</a>&nbsp;&nbsp;&nbsp;CLOCK_GetFRGInputClock
<LI><a href="#[8c]">&gt;&gt;</a>&nbsp;&nbsp;&nbsp;CLOCK_GetCoreSysClkFreq
<LI><a href="#[86]">&gt;&gt;</a>&nbsp;&nbsp;&nbsp;CLOCK_GetFreq
</UL>

<P><STRONG><a name="[8f]"></a>CLOCK_GetWdtOscFreq</STRONG> (Thumb, 50 bytes, Stack size 0 bytes, fsl_clock.o(i.CLOCK_GetWdtOscFreq))
<BR><BR>[Called By]<UL><LI><a href="#[8c]">&gt;&gt;</a>&nbsp;&nbsp;&nbsp;CLOCK_GetCoreSysClkFreq
<LI><a href="#[86]">&gt;&gt;</a>&nbsp;&nbsp;&nbsp;CLOCK_GetFreq
</UL>

<P><STRONG><a name="[83]"></a>CLOCK_SetClkDiv</STRONG> (Thumb, 36 bytes, Stack size 8 bytes, fsl_clock.o(i.CLOCK_SetClkDiv))
<BR><BR>[Stack]<UL><LI>Max Depth = 8<LI>Call Chain = CLOCK_SetClkDiv
</UL>
<BR>[Called By]<UL><LI><a href="#[7d]">&gt;&gt;</a>&nbsp;&nbsp;&nbsp;BOARD_BootClockFROHF96M
</UL>

<P><STRONG><a name="[81]"></a>CLOCK_SetFLASHAccessCyclesForFreq</STRONG> (Thumb, 68 bytes, Stack size 8 bytes, fsl_clock.o(i.CLOCK_SetFLASHAccessCyclesForFreq))
<BR><BR>[Stack]<UL><LI>Max Depth = 8<LI>Call Chain = CLOCK_SetFLASHAccessCyclesForFreq
</UL>
<BR>[Calls]<UL><LI><a href="#[96]">&gt;&gt;</a>&nbsp;&nbsp;&nbsp;CLOCK_SetFLASHAccessCycles
</UL>
<BR>[Called By]<UL><LI><a href="#[7d]">&gt;&gt;</a>&nbsp;&nbsp;&nbsp;BOARD_BootClockFROHF96M
</UL>

<P><STRONG><a name="[82]"></a>CLOCK_SetupFROClocking</STRONG> (Thumb, 138 bytes, Stack size 16 bytes, fsl_clock.o(i.CLOCK_SetupFROClocking))
<BR><BR>[Stack]<UL><LI>Max Depth = 16<LI>Call Chain = CLOCK_SetupFROClocking
</UL>
<BR>[Calls]<UL><LI><a href="#[97]">&gt;&gt;</a>&nbsp;&nbsp;&nbsp;POWER_DisablePD
</UL>
<BR>[Called By]<UL><LI><a href="#[7d]">&gt;&gt;</a>&nbsp;&nbsp;&nbsp;BOARD_BootClockFROHF96M
</UL>

<P><STRONG><a name="[41]"></a>CTIMER0_DriverIRQHandler</STRONG> (Thumb, 10 bytes, Stack size 8 bytes, fsl_ctimer.o(i.CTIMER0_DriverIRQHandler))
<BR><BR>[Stack]<UL><LI>Max Depth = 32<LI>Call Chain = CTIMER0_DriverIRQHandler &rArr; CTIMER_GenericIRQHandler
</UL>
<BR>[Calls]<UL><LI><a href="#[98]">&gt;&gt;</a>&nbsp;&nbsp;&nbsp;CTIMER_GenericIRQHandler
</UL>
<BR>[Address Reference Count : 1]<UL><LI> startup_lpc54114_cm4.o(.text)
</UL>
<P><STRONG><a name="[42]"></a>CTIMER1_DriverIRQHandler</STRONG> (Thumb, 10 bytes, Stack size 8 bytes, fsl_ctimer.o(i.CTIMER1_DriverIRQHandler))
<BR><BR>[Stack]<UL><LI>Max Depth = 32<LI>Call Chain = CTIMER1_DriverIRQHandler &rArr; CTIMER_GenericIRQHandler
</UL>
<BR>[Calls]<UL><LI><a href="#[98]">&gt;&gt;</a>&nbsp;&nbsp;&nbsp;CTIMER_GenericIRQHandler
</UL>
<BR>[Address Reference Count : 1]<UL><LI> startup_lpc54114_cm4.o(.text)
</UL>
<P><STRONG><a name="[5b]"></a>CTIMER2_DriverIRQHandler</STRONG> (Thumb, 10 bytes, Stack size 8 bytes, fsl_ctimer.o(i.CTIMER2_DriverIRQHandler))
<BR><BR>[Stack]<UL><LI>Max Depth = 32<LI>Call Chain = CTIMER2_DriverIRQHandler &rArr; CTIMER_GenericIRQHandler
</UL>
<BR>[Calls]<UL><LI><a href="#[98]">&gt;&gt;</a>&nbsp;&nbsp;&nbsp;CTIMER_GenericIRQHandler
</UL>
<BR>[Address Reference Count : 1]<UL><LI> startup_lpc54114_cm4.o(.text)
</UL>
<P><STRONG><a name="[44]"></a>CTIMER3_DriverIRQHandler</STRONG> (Thumb, 10 bytes, Stack size 8 bytes, fsl_ctimer.o(i.CTIMER3_DriverIRQHandler))
<BR><BR>[Stack]<UL><LI>Max Depth = 32<LI>Call Chain = CTIMER3_DriverIRQHandler &rArr; CTIMER_GenericIRQHandler
</UL>
<BR>[Calls]<UL><LI><a href="#[98]">&gt;&gt;</a>&nbsp;&nbsp;&nbsp;CTIMER_GenericIRQHandler
</UL>
<BR>[Address Reference Count : 1]<UL><LI> startup_lpc54114_cm4.o(.text)
</UL>
<P><STRONG><a name="[5c]"></a>CTIMER4_DriverIRQHandler</STRONG> (Thumb, 10 bytes, Stack size 8 bytes, fsl_ctimer.o(i.CTIMER4_DriverIRQHandler))
<BR><BR>[Stack]<UL><LI>Max Depth = 32<LI>Call Chain = CTIMER4_DriverIRQHandler &rArr; CTIMER_GenericIRQHandler
</UL>
<BR>[Calls]<UL><LI><a href="#[98]">&gt;&gt;</a>&nbsp;&nbsp;&nbsp;CTIMER_GenericIRQHandler
</UL>
<BR>[Address Reference Count : 1]<UL><LI> startup_lpc54114_cm4.o(.text)
</UL>
<P><STRONG><a name="[98]"></a>CTIMER_GenericIRQHandler</STRONG> (Thumb, 110 bytes, Stack size 24 bytes, fsl_ctimer.o(i.CTIMER_GenericIRQHandler))
<BR><BR>[Stack]<UL><LI>Max Depth = 24<LI>Call Chain = CTIMER_GenericIRQHandler
</UL>
<BR>[Calls]<UL><LI><a href="#[99]">&gt;&gt;</a>&nbsp;&nbsp;&nbsp;CTIMER_ClearStatusFlags
</UL>
<BR>[Called By]<UL><LI><a href="#[5c]">&gt;&gt;</a>&nbsp;&nbsp;&nbsp;CTIMER4_DriverIRQHandler
<LI><a href="#[44]">&gt;&gt;</a>&nbsp;&nbsp;&nbsp;CTIMER3_DriverIRQHandler
<LI><a href="#[5b]">&gt;&gt;</a>&nbsp;&nbsp;&nbsp;CTIMER2_DriverIRQHandler
<LI><a href="#[42]">&gt;&gt;</a>&nbsp;&nbsp;&nbsp;CTIMER1_DriverIRQHandler
<LI><a href="#[41]">&gt;&gt;</a>&nbsp;&nbsp;&nbsp;CTIMER0_DriverIRQHandler
</UL>

<P><STRONG><a name="[9a]"></a>CTIMER_GetDefaultConfig</STRONG> (Thumb, 28 bytes, Stack size 8 bytes, fsl_ctimer.o(i.CTIMER_GetDefaultConfig))
<BR><BR>[Stack]<UL><LI>Max Depth = 312<LI>Call Chain = CTIMER_GetDefaultConfig &rArr; __aeabi_assert &rArr; DbgConsole_Printf &rArr; SEGGER_RTT_vprintf &rArr; _PrintInt &rArr; _PrintUnsigned &rArr; _StoreChar &rArr; SEGGER_RTT_Write
</UL>
<BR>[Calls]<UL><LI><a href="#[88]">&gt;&gt;</a>&nbsp;&nbsp;&nbsp;__aeabi_assert
</UL>
<BR>[Called By]<UL><LI><a href="#[100]">&gt;&gt;</a>&nbsp;&nbsp;&nbsp;tb6612_func_init
</UL>

<P><STRONG><a name="[9c]"></a>CTIMER_Init</STRONG> (Thumb, 102 bytes, Stack size 16 bytes, fsl_ctimer.o(i.CTIMER_Init))
<BR><BR>[Stack]<UL><LI>Max Depth = 352<LI>Call Chain = CTIMER_Init &rArr; RESET_PeripheralReset &rArr; RESET_SetPeripheralReset &rArr; __aeabi_assert &rArr; DbgConsole_Printf &rArr; SEGGER_RTT_vprintf &rArr; _PrintInt &rArr; _PrintUnsigned &rArr; _StoreChar &rArr; SEGGER_RTT_Write
</UL>
<BR>[Calls]<UL><LI><a href="#[88]">&gt;&gt;</a>&nbsp;&nbsp;&nbsp;__aeabi_assert
<LI><a href="#[85]">&gt;&gt;</a>&nbsp;&nbsp;&nbsp;RESET_PeripheralReset
<LI><a href="#[9b]">&gt;&gt;</a>&nbsp;&nbsp;&nbsp;CTIMER_GetInstance
</UL>
<BR>[Called By]<UL><LI><a href="#[100]">&gt;&gt;</a>&nbsp;&nbsp;&nbsp;tb6612_func_init
</UL>

<P><STRONG><a name="[9d]"></a>CTIMER_SetupPwm</STRONG> (Thumb, 192 bytes, Stack size 48 bytes, fsl_ctimer.o(i.CTIMER_SetupPwm))
<BR><BR>[Stack]<UL><LI>Max Depth = 368<LI>Call Chain = CTIMER_SetupPwm &rArr; CTIMER_GetInstance &rArr; __aeabi_assert &rArr; DbgConsole_Printf &rArr; SEGGER_RTT_vprintf &rArr; _PrintInt &rArr; _PrintUnsigned &rArr; _StoreChar &rArr; SEGGER_RTT_Write
</UL>
<BR>[Calls]<UL><LI><a href="#[88]">&gt;&gt;</a>&nbsp;&nbsp;&nbsp;__aeabi_assert
<LI><a href="#[9e]">&gt;&gt;</a>&nbsp;&nbsp;&nbsp;EnableIRQ
<LI><a href="#[9b]">&gt;&gt;</a>&nbsp;&nbsp;&nbsp;CTIMER_GetInstance
<LI><a href="#[99]">&gt;&gt;</a>&nbsp;&nbsp;&nbsp;CTIMER_ClearStatusFlags
</UL>
<BR>[Called By]<UL><LI><a href="#[fe]">&gt;&gt;</a>&nbsp;&nbsp;&nbsp;tb6612_pwmb_config
<LI><a href="#[fd]">&gt;&gt;</a>&nbsp;&nbsp;&nbsp;tb6612_pwma_config
<LI><a href="#[100]">&gt;&gt;</a>&nbsp;&nbsp;&nbsp;tb6612_func_init
</UL>

<P><STRONG><a name="[101]"></a>CTIMER_UpdatePwmCounter</STRONG> (Thumb, 24 bytes, Stack size 12 bytes, fsl_ctimer.o(i.CTIMER_UpdatePwmCounter))
<BR><BR>[Stack]<UL><LI>Max Depth = 12<LI>Call Chain = CTIMER_UpdatePwmCounter
</UL>
<BR>[Called By]<UL><LI><a href="#[ba]">&gt;&gt;</a>&nbsp;&nbsp;&nbsp;motor_speed_set
</UL>

<P><STRONG><a name="[38]"></a>DMA0_DriverIRQHandler</STRONG> (Thumb, 168 bytes, Stack size 24 bytes, fsl_dma.o(i.DMA0_DriverIRQHandler))
<BR><BR>[Stack]<UL><LI>Max Depth = 24<LI>Call Chain = DMA0_DriverIRQHandler
</UL>
<BR>[Address Reference Count : 1]<UL><LI> startup_lpc54114_cm4.o(.text)
</UL>
<P><STRONG><a name="[9f]"></a>DMA_AbortTransfer</STRONG> (Thumb, 268 bytes, Stack size 16 bytes, fsl_dma.o(i.DMA_AbortTransfer), UNUSED)
<BR><BR>[Calls]<UL><LI><a href="#[88]">&gt;&gt;</a>&nbsp;&nbsp;&nbsp;__aeabi_assert
</UL>

<P><STRONG><a name="[a0]"></a>DMA_CreateDescriptor</STRONG> (Thumb, 174 bytes, Stack size 32 bytes, fsl_dma.o(i.DMA_CreateDescriptor))
<BR><BR>[Stack]<UL><LI>Max Depth = 360<LI>Call Chain = DMA_CreateDescriptor &rArr; DMA_SetupXferCFG &rArr; __aeabi_assert &rArr; DbgConsole_Printf &rArr; SEGGER_RTT_vprintf &rArr; _PrintInt &rArr; _PrintUnsigned &rArr; _StoreChar &rArr; SEGGER_RTT_Write
</UL>
<BR>[Calls]<UL><LI><a href="#[88]">&gt;&gt;</a>&nbsp;&nbsp;&nbsp;__aeabi_assert
<LI><a href="#[a1]">&gt;&gt;</a>&nbsp;&nbsp;&nbsp;DMA_SetupXferCFG
<LI><a href="#[a2]">&gt;&gt;</a>&nbsp;&nbsp;&nbsp;DMA_SetupDescriptor
</UL>
<BR>[Called By]<UL><LI><a href="#[ab]">&gt;&gt;</a>&nbsp;&nbsp;&nbsp;DMA_SubmitTransfer
<LI><a href="#[d3]">&gt;&gt;</a>&nbsp;&nbsp;&nbsp;SPI_MasterTransferDMA
</UL>

<P><STRONG><a name="[a3]"></a>DMA_CreateHandle</STRONG> (Thumb, 98 bytes, Stack size 24 bytes, fsl_dma.o(i.DMA_CreateHandle))
<BR><BR>[Stack]<UL><LI>Max Depth = 344<LI>Call Chain = DMA_CreateHandle &rArr; DMA_GetInstance &rArr; __aeabi_assert &rArr; DbgConsole_Printf &rArr; SEGGER_RTT_vprintf &rArr; _PrintInt &rArr; _PrintUnsigned &rArr; _StoreChar &rArr; SEGGER_RTT_Write
</UL>
<BR>[Calls]<UL><LI><a href="#[88]">&gt;&gt;</a>&nbsp;&nbsp;&nbsp;__aeabi_assert
<LI><a href="#[a4]">&gt;&gt;</a>&nbsp;&nbsp;&nbsp;DMA_GetInstance
</UL>
<BR>[Called By]<UL><LI><a href="#[102]">&gt;&gt;</a>&nbsp;&nbsp;&nbsp;mpu9250_pins_init
</UL>

<P><STRONG><a name="[103]"></a>DMA_Init</STRONG> (Thumb, 46 bytes, Stack size 8 bytes, fsl_dma.o(i.DMA_Init))
<BR><BR>[Stack]<UL><LI>Max Depth = 8<LI>Call Chain = DMA_Init
</UL>
<BR>[Called By]<UL><LI><a href="#[102]">&gt;&gt;</a>&nbsp;&nbsp;&nbsp;mpu9250_pins_init
</UL>

<P><STRONG><a name="[a6]"></a>DMA_PrepareTransfer</STRONG> (Thumb, 230 bytes, Stack size 40 bytes, fsl_dma.o(i.DMA_PrepareTransfer))
<BR><BR>[Stack]<UL><LI>Max Depth = 344<LI>Call Chain = DMA_PrepareTransfer &rArr; __aeabi_assert &rArr; DbgConsole_Printf &rArr; SEGGER_RTT_vprintf &rArr; _PrintInt &rArr; _PrintUnsigned &rArr; _StoreChar &rArr; SEGGER_RTT_Write
</UL>
<BR>[Calls]<UL><LI><a href="#[88]">&gt;&gt;</a>&nbsp;&nbsp;&nbsp;__aeabi_assert
<LI><a href="#[a7]">&gt;&gt;</a>&nbsp;&nbsp;&nbsp;__aeabi_memclr4
</UL>
<BR>[Called By]<UL><LI><a href="#[d3]">&gt;&gt;</a>&nbsp;&nbsp;&nbsp;SPI_MasterTransferDMA
</UL>

<P><STRONG><a name="[a8]"></a>DMA_SetCallback</STRONG> (Thumb, 30 bytes, Stack size 16 bytes, fsl_dma.o(i.DMA_SetCallback))
<BR><BR>[Stack]<UL><LI>Max Depth = 320<LI>Call Chain = DMA_SetCallback &rArr; __aeabi_assert &rArr; DbgConsole_Printf &rArr; SEGGER_RTT_vprintf &rArr; _PrintInt &rArr; _PrintUnsigned &rArr; _StoreChar &rArr; SEGGER_RTT_Write
</UL>
<BR>[Calls]<UL><LI><a href="#[88]">&gt;&gt;</a>&nbsp;&nbsp;&nbsp;__aeabi_assert
</UL>
<BR>[Called By]<UL><LI><a href="#[d2]">&gt;&gt;</a>&nbsp;&nbsp;&nbsp;SPI_MasterTransferCreateHandleDMA
</UL>

<P><STRONG><a name="[aa]"></a>DMA_StartTransfer</STRONG> (Thumb, 172 bytes, Stack size 8 bytes, fsl_dma.o(i.DMA_StartTransfer))
<BR><BR>[Stack]<UL><LI>Max Depth = 312<LI>Call Chain = DMA_StartTransfer &rArr; __aeabi_assert &rArr; DbgConsole_Printf &rArr; SEGGER_RTT_vprintf &rArr; _PrintInt &rArr; _PrintUnsigned &rArr; _StoreChar &rArr; SEGGER_RTT_Write
</UL>
<BR>[Calls]<UL><LI><a href="#[88]">&gt;&gt;</a>&nbsp;&nbsp;&nbsp;__aeabi_assert
</UL>
<BR>[Called By]<UL><LI><a href="#[d3]">&gt;&gt;</a>&nbsp;&nbsp;&nbsp;SPI_MasterTransferDMA
</UL>

<P><STRONG><a name="[ab]"></a>DMA_SubmitTransfer</STRONG> (Thumb, 230 bytes, Stack size 24 bytes, fsl_dma.o(i.DMA_SubmitTransfer))
<BR><BR>[Stack]<UL><LI>Max Depth = 384<LI>Call Chain = DMA_SubmitTransfer &rArr; DMA_CreateDescriptor &rArr; DMA_SetupXferCFG &rArr; __aeabi_assert &rArr; DbgConsole_Printf &rArr; SEGGER_RTT_vprintf &rArr; _PrintInt &rArr; _PrintUnsigned &rArr; _StoreChar &rArr; SEGGER_RTT_Write
</UL>
<BR>[Calls]<UL><LI><a href="#[88]">&gt;&gt;</a>&nbsp;&nbsp;&nbsp;__aeabi_assert
<LI><a href="#[a0]">&gt;&gt;</a>&nbsp;&nbsp;&nbsp;DMA_CreateDescriptor
</UL>
<BR>[Called By]<UL><LI><a href="#[d3]">&gt;&gt;</a>&nbsp;&nbsp;&nbsp;SPI_MasterTransferDMA
</UL>

<P><STRONG><a name="[50]"></a>DMIC0_DriverIRQHandler</STRONG> (Thumb, 16 bytes, Stack size 8 bytes, fsl_dmic.o(i.DMIC0_DriverIRQHandler))
<BR><BR>[Stack]<UL><LI>Max Depth = 8<LI>Call Chain = DMIC0_DriverIRQHandler
</UL>
<BR>[Address Reference Count : 1]<UL><LI> startup_lpc54114_cm4.o(.text)
</UL>
<P><STRONG><a name="[87]"></a>DbgConsole_Init</STRONG> (Thumb, 74 bytes, Stack size 32 bytes, fsl_debug_console.o(i.DbgConsole_Init))
<BR><BR>[Stack]<UL><LI>Max Depth = 408<LI>Call Chain = DbgConsole_Init &rArr; USART_Init &rArr; USART_SetBaudRate &rArr; __aeabi_assert &rArr; DbgConsole_Printf &rArr; SEGGER_RTT_vprintf &rArr; _PrintInt &rArr; _PrintUnsigned &rArr; _StoreChar &rArr; SEGGER_RTT_Write
</UL>
<BR>[Calls]<UL><LI><a href="#[ad]">&gt;&gt;</a>&nbsp;&nbsp;&nbsp;USART_Init
<LI><a href="#[ac]">&gt;&gt;</a>&nbsp;&nbsp;&nbsp;USART_GetDefaultConfig
</UL>
<BR>[Called By]<UL><LI><a href="#[84]">&gt;&gt;</a>&nbsp;&nbsp;&nbsp;BOARD_InitDebugConsole
</UL>

<P><STRONG><a name="[ae]"></a>DbgConsole_Printf</STRONG> (Thumb, 24 bytes, Stack size 24 bytes, fsl_debug_console.o(i.DbgConsole_Printf))
<BR><BR>[Stack]<UL><LI>Max Depth = 304<LI>Call Chain = DbgConsole_Printf &rArr; SEGGER_RTT_vprintf &rArr; _PrintInt &rArr; _PrintUnsigned &rArr; _StoreChar &rArr; SEGGER_RTT_Write
</UL>
<BR>[Calls]<UL><LI><a href="#[af]">&gt;&gt;</a>&nbsp;&nbsp;&nbsp;SEGGER_RTT_vprintf
</UL>
<BR>[Called By]<UL><LI><a href="#[88]">&gt;&gt;</a>&nbsp;&nbsp;&nbsp;__aeabi_assert
<LI><a href="#[db]">&gt;&gt;</a>&nbsp;&nbsp;&nbsp;mpu9250_read_task
<LI><a href="#[b8]">&gt;&gt;</a>&nbsp;&nbsp;&nbsp;Motor_RefreshPwmController
<LI><a href="#[34]">&gt;&gt;</a>&nbsp;&nbsp;&nbsp;main
<LI><a href="#[ef]">&gt;&gt;</a>&nbsp;&nbsp;&nbsp;ak8963_init
</UL>

<P><STRONG><a name="[e6]"></a>EnableDeepSleepIRQ</STRONG> (Thumb, 66 bytes, Stack size 12 bytes, fsl_common.o(i.EnableDeepSleepIRQ))
<BR><BR>[Stack]<UL><LI>Max Depth = 12<LI>Call Chain = EnableDeepSleepIRQ
</UL>
<BR>[Called By]<UL><LI><a href="#[e5]">&gt;&gt;</a>&nbsp;&nbsp;&nbsp;UTICK_SetTick
</UL>

<P><STRONG><a name="[45]"></a>FLEXCOMM0_DriverIRQHandler</STRONG> (Thumb, 36 bytes, Stack size 8 bytes, fsl_flexcomm.o(i.FLEXCOMM0_DriverIRQHandler))
<BR><BR>[Stack]<UL><LI>Max Depth = 312<LI>Call Chain = FLEXCOMM0_DriverIRQHandler &rArr; __aeabi_assert &rArr; DbgConsole_Printf &rArr; SEGGER_RTT_vprintf &rArr; _PrintInt &rArr; _PrintUnsigned &rArr; _StoreChar &rArr; SEGGER_RTT_Write
</UL>
<BR>[Calls]<UL><LI><a href="#[88]">&gt;&gt;</a>&nbsp;&nbsp;&nbsp;__aeabi_assert
</UL>
<BR>[Address Reference Count : 1]<UL><LI> startup_lpc54114_cm4.o(.text)
</UL>
<P><STRONG><a name="[46]"></a>FLEXCOMM1_DriverIRQHandler</STRONG> (Thumb, 36 bytes, Stack size 8 bytes, fsl_flexcomm.o(i.FLEXCOMM1_DriverIRQHandler))
<BR><BR>[Stack]<UL><LI>Max Depth = 312<LI>Call Chain = FLEXCOMM1_DriverIRQHandler &rArr; __aeabi_assert &rArr; DbgConsole_Printf &rArr; SEGGER_RTT_vprintf &rArr; _PrintInt &rArr; _PrintUnsigned &rArr; _StoreChar &rArr; SEGGER_RTT_Write
</UL>
<BR>[Calls]<UL><LI><a href="#[88]">&gt;&gt;</a>&nbsp;&nbsp;&nbsp;__aeabi_assert
</UL>
<BR>[Address Reference Count : 1]<UL><LI> startup_lpc54114_cm4.o(.text)
</UL>
<P><STRONG><a name="[47]"></a>FLEXCOMM2_DriverIRQHandler</STRONG> (Thumb, 36 bytes, Stack size 8 bytes, fsl_flexcomm.o(i.FLEXCOMM2_DriverIRQHandler))
<BR><BR>[Stack]<UL><LI>Max Depth = 312<LI>Call Chain = FLEXCOMM2_DriverIRQHandler &rArr; __aeabi_assert &rArr; DbgConsole_Printf &rArr; SEGGER_RTT_vprintf &rArr; _PrintInt &rArr; _PrintUnsigned &rArr; _StoreChar &rArr; SEGGER_RTT_Write
</UL>
<BR>[Calls]<UL><LI><a href="#[88]">&gt;&gt;</a>&nbsp;&nbsp;&nbsp;__aeabi_assert
</UL>
<BR>[Address Reference Count : 1]<UL><LI> startup_lpc54114_cm4.o(.text)
</UL>
<P><STRONG><a name="[48]"></a>FLEXCOMM3_DriverIRQHandler</STRONG> (Thumb, 36 bytes, Stack size 8 bytes, fsl_flexcomm.o(i.FLEXCOMM3_DriverIRQHandler))
<BR><BR>[Stack]<UL><LI>Max Depth = 312<LI>Call Chain = FLEXCOMM3_DriverIRQHandler &rArr; __aeabi_assert &rArr; DbgConsole_Printf &rArr; SEGGER_RTT_vprintf &rArr; _PrintInt &rArr; _PrintUnsigned &rArr; _StoreChar &rArr; SEGGER_RTT_Write
</UL>
<BR>[Calls]<UL><LI><a href="#[88]">&gt;&gt;</a>&nbsp;&nbsp;&nbsp;__aeabi_assert
</UL>
<BR>[Address Reference Count : 1]<UL><LI> startup_lpc54114_cm4.o(.text)
</UL>
<P><STRONG><a name="[49]"></a>FLEXCOMM4_DriverIRQHandler</STRONG> (Thumb, 36 bytes, Stack size 8 bytes, fsl_flexcomm.o(i.FLEXCOMM4_DriverIRQHandler))
<BR><BR>[Stack]<UL><LI>Max Depth = 312<LI>Call Chain = FLEXCOMM4_DriverIRQHandler &rArr; __aeabi_assert &rArr; DbgConsole_Printf &rArr; SEGGER_RTT_vprintf &rArr; _PrintInt &rArr; _PrintUnsigned &rArr; _StoreChar &rArr; SEGGER_RTT_Write
</UL>
<BR>[Calls]<UL><LI><a href="#[88]">&gt;&gt;</a>&nbsp;&nbsp;&nbsp;__aeabi_assert
</UL>
<BR>[Address Reference Count : 1]<UL><LI> startup_lpc54114_cm4.o(.text)
</UL>
<P><STRONG><a name="[4a]"></a>FLEXCOMM5_DriverIRQHandler</STRONG> (Thumb, 36 bytes, Stack size 8 bytes, fsl_flexcomm.o(i.FLEXCOMM5_DriverIRQHandler))
<BR><BR>[Stack]<UL><LI>Max Depth = 312<LI>Call Chain = FLEXCOMM5_DriverIRQHandler &rArr; __aeabi_assert &rArr; DbgConsole_Printf &rArr; SEGGER_RTT_vprintf &rArr; _PrintInt &rArr; _PrintUnsigned &rArr; _StoreChar &rArr; SEGGER_RTT_Write
</UL>
<BR>[Calls]<UL><LI><a href="#[88]">&gt;&gt;</a>&nbsp;&nbsp;&nbsp;__aeabi_assert
</UL>
<BR>[Address Reference Count : 1]<UL><LI> startup_lpc54114_cm4.o(.text)
</UL>
<P><STRONG><a name="[4b]"></a>FLEXCOMM6_DriverIRQHandler</STRONG> (Thumb, 36 bytes, Stack size 8 bytes, fsl_flexcomm.o(i.FLEXCOMM6_DriverIRQHandler))
<BR><BR>[Stack]<UL><LI>Max Depth = 312<LI>Call Chain = FLEXCOMM6_DriverIRQHandler &rArr; __aeabi_assert &rArr; DbgConsole_Printf &rArr; SEGGER_RTT_vprintf &rArr; _PrintInt &rArr; _PrintUnsigned &rArr; _StoreChar &rArr; SEGGER_RTT_Write
</UL>
<BR>[Calls]<UL><LI><a href="#[88]">&gt;&gt;</a>&nbsp;&nbsp;&nbsp;__aeabi_assert
</UL>
<BR>[Address Reference Count : 1]<UL><LI> startup_lpc54114_cm4.o(.text)
</UL>
<P><STRONG><a name="[4c]"></a>FLEXCOMM7_DriverIRQHandler</STRONG> (Thumb, 36 bytes, Stack size 8 bytes, fsl_flexcomm.o(i.FLEXCOMM7_DriverIRQHandler))
<BR><BR>[Stack]<UL><LI>Max Depth = 312<LI>Call Chain = FLEXCOMM7_DriverIRQHandler &rArr; __aeabi_assert &rArr; DbgConsole_Printf &rArr; SEGGER_RTT_vprintf &rArr; _PrintInt &rArr; _PrintUnsigned &rArr; _StoreChar &rArr; SEGGER_RTT_Write
</UL>
<BR>[Calls]<UL><LI><a href="#[88]">&gt;&gt;</a>&nbsp;&nbsp;&nbsp;__aeabi_assert
</UL>
<BR>[Address Reference Count : 1]<UL><LI> startup_lpc54114_cm4.o(.text)
</UL>
<P><STRONG><a name="[21]"></a>FLEXCOMM7_IRQHandler</STRONG> (Thumb, 56 bytes, Stack size 0 bytes, ble_uart_int.o(i.FLEXCOMM7_IRQHandler))
<BR>[Address Reference Count : 1]<UL><LI> startup_lpc54114_cm4.o(RESET)
</UL>
<P><STRONG><a name="[b0]"></a>FLEXCOMM_GetInstance</STRONG> (Thumb, 38 bytes, Stack size 16 bytes, fsl_flexcomm.o(i.FLEXCOMM_GetInstance))
<BR><BR>[Stack]<UL><LI>Max Depth = 320<LI>Call Chain = FLEXCOMM_GetInstance &rArr; __aeabi_assert &rArr; DbgConsole_Printf &rArr; SEGGER_RTT_vprintf &rArr; _PrintInt &rArr; _PrintUnsigned &rArr; _StoreChar &rArr; SEGGER_RTT_Write
</UL>
<BR>[Calls]<UL><LI><a href="#[88]">&gt;&gt;</a>&nbsp;&nbsp;&nbsp;__aeabi_assert
</UL>
<BR>[Called By]<UL><LI><a href="#[b3]">&gt;&gt;</a>&nbsp;&nbsp;&nbsp;FLEXCOMM_SetIRQHandler
<LI><a href="#[b1]">&gt;&gt;</a>&nbsp;&nbsp;&nbsp;FLEXCOMM_Init
</UL>

<P><STRONG><a name="[b1]"></a>FLEXCOMM_Init</STRONG> (Thumb, 68 bytes, Stack size 16 bytes, fsl_flexcomm.o(i.FLEXCOMM_Init))
<BR><BR>[Stack]<UL><LI>Max Depth = 336<LI>Call Chain = FLEXCOMM_Init &rArr; FLEXCOMM_GetInstance &rArr; __aeabi_assert &rArr; DbgConsole_Printf &rArr; SEGGER_RTT_vprintf &rArr; _PrintInt &rArr; _PrintUnsigned &rArr; _StoreChar &rArr; SEGGER_RTT_Write
</UL>
<BR>[Calls]<UL><LI><a href="#[b2]">&gt;&gt;</a>&nbsp;&nbsp;&nbsp;FLEXCOMM_SetPeriph
<LI><a href="#[b0]">&gt;&gt;</a>&nbsp;&nbsp;&nbsp;FLEXCOMM_GetInstance
</UL>
<BR>[Called By]<UL><LI><a href="#[ad]">&gt;&gt;</a>&nbsp;&nbsp;&nbsp;USART_Init
<LI><a href="#[ce]">&gt;&gt;</a>&nbsp;&nbsp;&nbsp;SPI_MasterInit
</UL>

<P><STRONG><a name="[b3]"></a>FLEXCOMM_SetIRQHandler</STRONG> (Thumb, 42 bytes, Stack size 24 bytes, fsl_flexcomm.o(i.FLEXCOMM_SetIRQHandler))
<BR><BR>[Stack]<UL><LI>Max Depth = 344<LI>Call Chain = FLEXCOMM_SetIRQHandler &rArr; FLEXCOMM_GetInstance &rArr; __aeabi_assert &rArr; DbgConsole_Printf &rArr; SEGGER_RTT_vprintf &rArr; _PrintInt &rArr; _PrintUnsigned &rArr; _StoreChar &rArr; SEGGER_RTT_Write
</UL>
<BR>[Calls]<UL><LI><a href="#[b0]">&gt;&gt;</a>&nbsp;&nbsp;&nbsp;FLEXCOMM_GetInstance
</UL>
<BR>[Called By]<UL><LI><a href="#[d1]">&gt;&gt;</a>&nbsp;&nbsp;&nbsp;SPI_MasterTransferCreateHandle
</UL>

<P><STRONG><a name="[b2]"></a>FLEXCOMM_SetPeriph</STRONG> (Thumb, 68 bytes, Stack size 16 bytes, fsl_flexcomm.o(i.FLEXCOMM_SetPeriph))
<BR><BR>[Stack]<UL><LI>Max Depth = 24<LI>Call Chain = FLEXCOMM_SetPeriph &rArr; FLEXCOMM_PeripheralIsPresent
</UL>
<BR>[Calls]<UL><LI><a href="#[b4]">&gt;&gt;</a>&nbsp;&nbsp;&nbsp;FLEXCOMM_PeripheralIsPresent
</UL>
<BR>[Called By]<UL><LI><a href="#[b1]">&gt;&gt;</a>&nbsp;&nbsp;&nbsp;FLEXCOMM_Init
</UL>

<P><STRONG><a name="[39]"></a>GINT0_DriverIRQHandler</STRONG> (Thumb, 32 bytes, Stack size 8 bytes, fsl_gint.o(i.GINT0_DriverIRQHandler))
<BR><BR>[Stack]<UL><LI>Max Depth = 8<LI>Call Chain = GINT0_DriverIRQHandler
</UL>
<BR>[Address Reference Count : 1]<UL><LI> startup_lpc54114_cm4.o(.text)
</UL>
<P><STRONG><a name="[3a]"></a>GINT1_DriverIRQHandler</STRONG> (Thumb, 32 bytes, Stack size 8 bytes, fsl_gint.o(i.GINT1_DriverIRQHandler))
<BR><BR>[Stack]<UL><LI>Max Depth = 8<LI>Call Chain = GINT1_DriverIRQHandler
</UL>
<BR>[Address Reference Count : 1]<UL><LI> startup_lpc54114_cm4.o(.text)
</UL>
<P><STRONG><a name="[105]"></a>GPIO_PinInit</STRONG> (Thumb, 84 bytes, Stack size 12 bytes, fsl_gpio.o(i.GPIO_PinInit))
<BR><BR>[Stack]<UL><LI>Max Depth = 12<LI>Call Chain = GPIO_PinInit
</UL>
<BR>[Called By]<UL><LI><a href="#[102]">&gt;&gt;</a>&nbsp;&nbsp;&nbsp;mpu9250_pins_init
<LI><a href="#[107]">&gt;&gt;</a>&nbsp;&nbsp;&nbsp;tb6612_pins_init
</UL>

<P><STRONG><a name="[26]"></a>HWVAD0_IRQHandler</STRONG> (Thumb, 16 bytes, Stack size 8 bytes, fsl_dmic.o(i.HWVAD0_IRQHandler))
<BR><BR>[Stack]<UL><LI>Max Depth = 8<LI>Call Chain = HWVAD0_IRQHandler
</UL>
<BR>[Address Reference Count : 1]<UL><LI> startup_lpc54114_cm4.o(RESET)
</UL>
<P><STRONG><a name="[b5]"></a>KalmanFilter_Process</STRONG> (Thumb, 602 bytes, Stack size 96 bytes, kalman_filter.o(i.KalmanFilter_Process))
<BR><BR>[Stack]<UL><LI>Max Depth = 312<LI>Call Chain = KalmanFilter_Process &rArr; __hardfp_atan2 &rArr; atan &rArr; __hardfp_atan &rArr; __kernel_poly &rArr; __aeabi_dadd &rArr; _double_epilogue &rArr; _double_round
</UL>
<BR>[Calls]<UL><LI><a href="#[b7]">&gt;&gt;</a>&nbsp;&nbsp;&nbsp;__aeabi_f2d
<LI><a href="#[b6]">&gt;&gt;</a>&nbsp;&nbsp;&nbsp;__hardfp_atan2
<LI><a href="#[73]">&gt;&gt;</a>&nbsp;&nbsp;&nbsp;__aeabi_i2d
<LI><a href="#[71]">&gt;&gt;</a>&nbsp;&nbsp;&nbsp;__aeabi_dmul
<LI><a href="#[74]">&gt;&gt;</a>&nbsp;&nbsp;&nbsp;__aeabi_d2f
</UL>
<BR>[Called By]<UL><LI><a href="#[34]">&gt;&gt;</a>&nbsp;&nbsp;&nbsp;main
</UL>

<P><STRONG><a name="[fb]"></a>Motor_AnglePwmControl</STRONG> (Thumb, 50 bytes, Stack size 0 bytes, motor_ctrl.o(i.Motor_AnglePwmControl))
<BR><BR>[Called By]<UL><LI><a href="#[34]">&gt;&gt;</a>&nbsp;&nbsp;&nbsp;main
</UL>

<P><STRONG><a name="[b8]"></a>Motor_RefreshPwmController</STRONG> (Thumb, 260 bytes, Stack size 24 bytes, motor_ctrl.o(i.Motor_RefreshPwmController))
<BR><BR>[Stack]<UL><LI>Max Depth = 328<LI>Call Chain = Motor_RefreshPwmController &rArr; DbgConsole_Printf &rArr; SEGGER_RTT_vprintf &rArr; _PrintInt &rArr; _PrintUnsigned &rArr; _StoreChar &rArr; SEGGER_RTT_Write
</UL>
<BR>[Calls]<UL><LI><a href="#[ae]">&gt;&gt;</a>&nbsp;&nbsp;&nbsp;DbgConsole_Printf
<LI><a href="#[ba]">&gt;&gt;</a>&nbsp;&nbsp;&nbsp;motor_speed_set
<LI><a href="#[b9]">&gt;&gt;</a>&nbsp;&nbsp;&nbsp;motor_direction_set
</UL>
<BR>[Called By]<UL><LI><a href="#[34]">&gt;&gt;</a>&nbsp;&nbsp;&nbsp;main
</UL>

<P><STRONG><a name="[fc]"></a>Motor_SpeedPwmControl</STRONG> (Thumb, 242 bytes, Stack size 0 bytes, motor_ctrl.o(i.Motor_SpeedPwmControl))
<BR><BR>[Called By]<UL><LI><a href="#[34]">&gt;&gt;</a>&nbsp;&nbsp;&nbsp;main
</UL>

<P><STRONG><a name="[bb]"></a>Motor_TurnPwmControl</STRONG> (Thumb, 196 bytes, Stack size 32 bytes, motor_ctrl.o(i.Motor_TurnPwmControl))
<BR><BR>[Stack]<UL><LI>Max Depth = 40<LI>Call Chain = Motor_TurnPwmControl &rArr; __hardfp_fabs
</UL>
<BR>[Calls]<UL><LI><a href="#[b7]">&gt;&gt;</a>&nbsp;&nbsp;&nbsp;__aeabi_f2d
<LI><a href="#[bc]">&gt;&gt;</a>&nbsp;&nbsp;&nbsp;__hardfp_fabs
<LI><a href="#[bd]">&gt;&gt;</a>&nbsp;&nbsp;&nbsp;__aeabi_cdcmple
</UL>
<BR>[Called By]<UL><LI><a href="#[34]">&gt;&gt;</a>&nbsp;&nbsp;&nbsp;main
</UL>

<P><STRONG><a name="[be]"></a>PINT_PatternMatchResetDetectLogic</STRONG> (Thumb, 20 bytes, Stack size 8 bytes, fsl_pint.o(i.PINT_PatternMatchResetDetectLogic))
<BR><BR>[Stack]<UL><LI>Max Depth = 8<LI>Call Chain = PINT_PatternMatchResetDetectLogic
</UL>
<BR>[Called By]<UL><LI><a href="#[5a]">&gt;&gt;</a>&nbsp;&nbsp;&nbsp;PIN_INT7_DriverIRQHandler
<LI><a href="#[59]">&gt;&gt;</a>&nbsp;&nbsp;&nbsp;PIN_INT6_DriverIRQHandler
<LI><a href="#[58]">&gt;&gt;</a>&nbsp;&nbsp;&nbsp;PIN_INT5_DriverIRQHandler
<LI><a href="#[57]">&gt;&gt;</a>&nbsp;&nbsp;&nbsp;PIN_INT4_DriverIRQHandler
<LI><a href="#[3e]">&gt;&gt;</a>&nbsp;&nbsp;&nbsp;PIN_INT3_DriverIRQHandler
<LI><a href="#[3d]">&gt;&gt;</a>&nbsp;&nbsp;&nbsp;PIN_INT2_DriverIRQHandler
<LI><a href="#[3c]">&gt;&gt;</a>&nbsp;&nbsp;&nbsp;PIN_INT1_DriverIRQHandler
<LI><a href="#[3b]">&gt;&gt;</a>&nbsp;&nbsp;&nbsp;PIN_INT0_DriverIRQHandler
</UL>

<P><STRONG><a name="[3b]"></a>PIN_INT0_DriverIRQHandler</STRONG> (Thumb, 40 bytes, Stack size 8 bytes, fsl_pint.o(i.PIN_INT0_DriverIRQHandler))
<BR><BR>[Stack]<UL><LI>Max Depth = 16<LI>Call Chain = PIN_INT0_DriverIRQHandler &rArr; PINT_PatternMatchResetDetectLogic
</UL>
<BR>[Calls]<UL><LI><a href="#[be]">&gt;&gt;</a>&nbsp;&nbsp;&nbsp;PINT_PatternMatchResetDetectLogic
<LI><a href="#[bf]">&gt;&gt;</a>&nbsp;&nbsp;&nbsp;PINT_PinInterruptClrStatus
</UL>
<BR>[Address Reference Count : 1]<UL><LI> startup_lpc54114_cm4.o(.text)
</UL>
<P><STRONG><a name="[3c]"></a>PIN_INT1_DriverIRQHandler</STRONG> (Thumb, 40 bytes, Stack size 8 bytes, fsl_pint.o(i.PIN_INT1_DriverIRQHandler))
<BR><BR>[Stack]<UL><LI>Max Depth = 16<LI>Call Chain = PIN_INT1_DriverIRQHandler &rArr; PINT_PatternMatchResetDetectLogic
</UL>
<BR>[Calls]<UL><LI><a href="#[be]">&gt;&gt;</a>&nbsp;&nbsp;&nbsp;PINT_PatternMatchResetDetectLogic
<LI><a href="#[bf]">&gt;&gt;</a>&nbsp;&nbsp;&nbsp;PINT_PinInterruptClrStatus
</UL>
<BR>[Address Reference Count : 1]<UL><LI> startup_lpc54114_cm4.o(.text)
</UL>
<P><STRONG><a name="[3d]"></a>PIN_INT2_DriverIRQHandler</STRONG> (Thumb, 40 bytes, Stack size 8 bytes, fsl_pint.o(i.PIN_INT2_DriverIRQHandler))
<BR><BR>[Stack]<UL><LI>Max Depth = 16<LI>Call Chain = PIN_INT2_DriverIRQHandler &rArr; PINT_PatternMatchResetDetectLogic
</UL>
<BR>[Calls]<UL><LI><a href="#[be]">&gt;&gt;</a>&nbsp;&nbsp;&nbsp;PINT_PatternMatchResetDetectLogic
<LI><a href="#[bf]">&gt;&gt;</a>&nbsp;&nbsp;&nbsp;PINT_PinInterruptClrStatus
</UL>
<BR>[Address Reference Count : 1]<UL><LI> startup_lpc54114_cm4.o(.text)
</UL>
<P><STRONG><a name="[3e]"></a>PIN_INT3_DriverIRQHandler</STRONG> (Thumb, 40 bytes, Stack size 8 bytes, fsl_pint.o(i.PIN_INT3_DriverIRQHandler))
<BR><BR>[Stack]<UL><LI>Max Depth = 16<LI>Call Chain = PIN_INT3_DriverIRQHandler &rArr; PINT_PatternMatchResetDetectLogic
</UL>
<BR>[Calls]<UL><LI><a href="#[be]">&gt;&gt;</a>&nbsp;&nbsp;&nbsp;PINT_PatternMatchResetDetectLogic
<LI><a href="#[bf]">&gt;&gt;</a>&nbsp;&nbsp;&nbsp;PINT_PinInterruptClrStatus
</UL>
<BR>[Address Reference Count : 1]<UL><LI> startup_lpc54114_cm4.o(.text)
</UL>
<P><STRONG><a name="[57]"></a>PIN_INT4_DriverIRQHandler</STRONG> (Thumb, 40 bytes, Stack size 8 bytes, fsl_pint.o(i.PIN_INT4_DriverIRQHandler))
<BR><BR>[Stack]<UL><LI>Max Depth = 16<LI>Call Chain = PIN_INT4_DriverIRQHandler &rArr; PINT_PatternMatchResetDetectLogic
</UL>
<BR>[Calls]<UL><LI><a href="#[be]">&gt;&gt;</a>&nbsp;&nbsp;&nbsp;PINT_PatternMatchResetDetectLogic
<LI><a href="#[bf]">&gt;&gt;</a>&nbsp;&nbsp;&nbsp;PINT_PinInterruptClrStatus
</UL>
<BR>[Address Reference Count : 1]<UL><LI> startup_lpc54114_cm4.o(.text)
</UL>
<P><STRONG><a name="[58]"></a>PIN_INT5_DriverIRQHandler</STRONG> (Thumb, 40 bytes, Stack size 8 bytes, fsl_pint.o(i.PIN_INT5_DriverIRQHandler))
<BR><BR>[Stack]<UL><LI>Max Depth = 16<LI>Call Chain = PIN_INT5_DriverIRQHandler &rArr; PINT_PatternMatchResetDetectLogic
</UL>
<BR>[Calls]<UL><LI><a href="#[be]">&gt;&gt;</a>&nbsp;&nbsp;&nbsp;PINT_PatternMatchResetDetectLogic
<LI><a href="#[bf]">&gt;&gt;</a>&nbsp;&nbsp;&nbsp;PINT_PinInterruptClrStatus
</UL>
<BR>[Address Reference Count : 1]<UL><LI> startup_lpc54114_cm4.o(.text)
</UL>
<P><STRONG><a name="[59]"></a>PIN_INT6_DriverIRQHandler</STRONG> (Thumb, 40 bytes, Stack size 8 bytes, fsl_pint.o(i.PIN_INT6_DriverIRQHandler))
<BR><BR>[Stack]<UL><LI>Max Depth = 16<LI>Call Chain = PIN_INT6_DriverIRQHandler &rArr; PINT_PatternMatchResetDetectLogic
</UL>
<BR>[Calls]<UL><LI><a href="#[be]">&gt;&gt;</a>&nbsp;&nbsp;&nbsp;PINT_PatternMatchResetDetectLogic
<LI><a href="#[bf]">&gt;&gt;</a>&nbsp;&nbsp;&nbsp;PINT_PinInterruptClrStatus
</UL>
<BR>[Address Reference Count : 1]<UL><LI> startup_lpc54114_cm4.o(.text)
</UL>
<P><STRONG><a name="[5a]"></a>PIN_INT7_DriverIRQHandler</STRONG> (Thumb, 40 bytes, Stack size 8 bytes, fsl_pint.o(i.PIN_INT7_DriverIRQHandler))
<BR><BR>[Stack]<UL><LI>Max Depth = 16<LI>Call Chain = PIN_INT7_DriverIRQHandler &rArr; PINT_PatternMatchResetDetectLogic
</UL>
<BR>[Calls]<UL><LI><a href="#[be]">&gt;&gt;</a>&nbsp;&nbsp;&nbsp;PINT_PatternMatchResetDetectLogic
<LI><a href="#[bf]">&gt;&gt;</a>&nbsp;&nbsp;&nbsp;PINT_PinInterruptClrStatus
</UL>
<BR>[Address Reference Count : 1]<UL><LI> startup_lpc54114_cm4.o(.text)
</UL>
<P><STRONG><a name="[80]"></a>POWER_SetVoltageForFreq</STRONG> (Thumb, 260 bytes, Stack size 8 bytes, fsl_power_lib.o(i.POWER_SetVoltageForFreq))
<BR><BR>[Stack]<UL><LI>Max Depth = 16<LI>Call Chain = POWER_SetVoltageForFreq &rArr; POWER_setVdLevel
</UL>
<BR>[Calls]<UL><LI><a href="#[c0]">&gt;&gt;</a>&nbsp;&nbsp;&nbsp;POWER_setVdLevel
</UL>
<BR>[Called By]<UL><LI><a href="#[7d]">&gt;&gt;</a>&nbsp;&nbsp;&nbsp;BOARD_BootClockFROHF96M
</UL>

<P><STRONG><a name="[c2]"></a>RESET_ClearPeripheralReset</STRONG> (Thumb, 80 bytes, Stack size 24 bytes, fsl_reset.o(i.RESET_ClearPeripheralReset))
[...]
</UL>
<BR>[Calls]<UL><LI><a href="#[86]">&gt;&gt;</a>&nbsp;&nbsp;&nbsp;CLOCK_GetFreq
<LI><a href="#[9d]">&gt;&gt;</a>&nbsp;&nbsp;&nbsp;CTIMER_SetupPwm
<LI><a href="#[9c]">&gt;&gt;</a>&nbsp;&nbsp;&nbsp;CTIMER_Init
<LI><a href="#[9a]">&gt;&gt;</a>&nbsp;&nbsp;&nbsp;CTIMER_GetDefaultConfig
<LI><a href="#[107]">&gt;&gt;</a>&nbsp;&nbsp;&nbsp;tb6612_pins_init
<LI><a href="#[ff]">&gt;&gt;</a>&nbsp;&nbsp;&nbsp;GPIO_WritePinOutput
<LI><a href="#[108]">&gt;&gt;</a>&nbsp;&nbsp;&nbsp;CTIMER_StartTimer
</UL>
<BR>[Called By]<UL><LI><a href="#[f9]">&gt;&gt;</a>&nbsp;&nbsp;&nbsp;motor_init
</UL>

<P><STRONG><a name="[107]"></a>tb6612_pins_init</STRONG> (Thumb, 242 bytes, Stack size 8 bytes, driver_pwm_tb6612fng.o(i.tb6612_pins_init))
<BR><BR>[Stack]<UL><LI>Max Depth = 20<LI>Call Chain = tb6612_pins_init &rArr; GPIO_PinInit
</UL>
<BR>[Calls]<UL><LI><a href="#[105]">&gt;&gt;</a>&nbsp;&nbsp;&nbsp;GPIO_PinInit
<LI><a href="#[109]">&gt;&gt;</a>&nbsp;&nbsp;&nbsp;IOCON_PinMuxSet
<LI><a href="#[ff]">&gt;&gt;</a>&nbsp;&nbsp;&nbsp;GPIO_WritePinOutput
</UL>
<BR>[Called By]<UL><LI><a href="#[100]">&gt;&gt;</a>&nbsp;&nbsp;&nbsp;tb6612_func_init
</UL>

<P><STRONG><a name="[fd]"></a>tb6612_pwma_config</STRONG> (Thumb, 114 bytes, Stack size 24 bytes, driver_pwm_tb6612fng.o(i.tb6612_pwma_config))
<BR><BR>[Stack]<UL><LI>Max Depth = 392<LI>Call Chain = tb6612_pwma_config &rArr; CTIMER_SetupPwm &rArr; CTIMER_GetInstance &rArr; __aeabi_assert &rArr; DbgConsole_Printf &rArr; SEGGER_RTT_vprintf &rArr; _PrintInt &rArr; _PrintUnsigned &rArr; _StoreChar &rArr; SEGGER_RTT_Write
</UL>
<BR>[Calls]<UL><LI><a href="#[9d]">&gt;&gt;</a>&nbsp;&nbsp;&nbsp;CTIMER_SetupPwm
<LI><a href="#[ff]">&gt;&gt;</a>&nbsp;&nbsp;&nbsp;GPIO_WritePinOutput
</UL>
<BR>[Called By]<UL><LI><a href="#[f9]">&gt;&gt;</a>&nbsp;&nbsp;&nbsp;motor_init
<LI><a href="#[34]">&gt;&gt;</a>&nbsp;&nbsp;&nbsp;main
</UL>

<P><STRONG><a name="[fe]"></a>tb6612_pwmb_config</STRONG> (Thumb, 114 bytes, Stack size 24 bytes, driver_pwm_tb6612fng.o(i.tb6612_pwmb_config))
<BR><BR>[Stack]<UL><LI>Max Depth = 392<LI>Call Chain = tb6612_pwmb_config &rArr; CTIMER_SetupPwm &rArr; CTIMER_GetInstance &rArr; __aeabi_assert &rArr; DbgConsole_Printf &rArr; SEGGER_RTT_vprintf &rArr; _PrintInt &rArr; _PrintUnsigned &rArr; _StoreChar &rArr; SEGGER_RTT_Write
</UL>
<BR>[Calls]<UL><LI><a href="#[9d]">&gt;&gt;</a>&nbsp;&nbsp;&nbsp;CTIMER_SetupPwm
<LI><a href="#[ff]">&gt;&gt;</a>&nbsp;&nbsp;&nbsp;GPIO_WritePinOutput
</UL>
<BR>[Called By]<UL><LI><a href="#[f9]">&gt;&gt;</a>&nbsp;&nbsp;&nbsp;motor_init
<LI><a href="#[34]">&gt;&gt;</a>&nbsp;&nbsp;&nbsp;main
</UL>
<P>
<H3>
Local Symbols
</H3>
<P><STRONG><a name="[f6]"></a>CLOCK_EnableClock</STRONG> (Thumb, 28 bytes, Stack size 0 bytes, main.o(i.CLOCK_EnableClock))
<BR><BR>[Called By]<UL><LI><a href="#[34]">&gt;&gt;</a>&nbsp;&nbsp;&nbsp;main
</UL>

<P><STRONG><a name="[96]"></a>CLOCK_SetFLASHAccessCycles</STRONG> (Thumb, 18 bytes, Stack size 0 bytes, fsl_clock.o(i.CLOCK_SetFLASHAccessCycles))
<BR><BR>[Called By]<UL><LI><a href="#[81]">&gt;&gt;</a>&nbsp;&nbsp;&nbsp;CLOCK_SetFLASHAccessCyclesForFreq
</UL>

<P><STRONG><a name="[97]"></a>POWER_DisablePD</STRONG> (Thumb, 14 bytes, Stack size 0 bytes, fsl_clock.o(i.POWER_DisablePD))
<BR><BR>[Called By]<UL><LI><a href="#[82]">&gt;&gt;</a>&nbsp;&nbsp;&nbsp;CLOCK_SetupFROClocking
</UL>

<P><STRONG><a name="[99]"></a>CTIMER_ClearStatusFlags</STRONG> (Thumb, 4 bytes, Stack size 0 bytes, fsl_ctimer.o(i.CTIMER_ClearStatusFlags))
<BR><BR>[Called By]<UL><LI><a href="#[9d]">&gt;&gt;</a>&nbsp;&nbsp;&nbsp;CTIMER_SetupPwm
<LI><a href="#[98]">&gt;&gt;</a>&nbsp;&nbsp;&nbsp;CTIMER_GenericIRQHandler
</UL>

<P><STRONG><a name="[9b]"></a>CTIMER_GetInstance</STRONG> (Thumb, 50 bytes, Stack size 16 bytes, fsl_ctimer.o(i.CTIMER_GetInstance))
<BR><BR>[Stack]<UL><LI>Max Depth = 320<LI>Call Chain = CTIMER_GetInstance &rArr; __aeabi_assert &rArr; DbgConsole_Printf &rArr; SEGGER_RTT_vprintf &rArr; _PrintInt &rArr; _PrintUnsigned &rArr; _StoreChar &rArr; SEGGER_RTT_Write
</UL>
<BR>[Calls]<UL><LI><a href="#[88]">&gt;&gt;</a>&nbsp;&nbsp;&nbsp;__aeabi_assert
</UL>
<BR>[Called By]<UL><LI><a href="#[9d]">&gt;&gt;</a>&nbsp;&nbsp;&nbsp;CTIMER_SetupPwm
<LI><a href="#[9c]">&gt;&gt;</a>&nbsp;&nbsp;&nbsp;CTIMER_Init
</UL>

<P><STRONG><a name="[9e]"></a>EnableIRQ</STRONG> (Thumb, 36 bytes, Stack size 0 bytes, fsl_ctimer.o(i.EnableIRQ))
<BR><BR>[Called By]<UL><LI><a href="#[9d]">&gt;&gt;</a>&nbsp;&nbsp;&nbsp;CTIMER_SetupPwm
</UL>

<P><STRONG><a name="[a4]"></a>DMA_GetInstance</STRONG> (Thumb, 54 bytes, Stack size 16 bytes, fsl_dma.o(i.DMA_GetInstance))
<BR><BR>[Stack]<UL><LI>Max Depth = 320<LI>Call Chain = DMA_GetInstance &rArr; __aeabi_assert &rArr; DbgConsole_Printf &rArr; SEGGER_RTT_vprintf &rArr; _PrintInt &rArr; _PrintUnsigned &rArr; _StoreChar &rArr; SEGGER_RTT_Write
</UL>
<BR>[Calls]<UL><LI><a href="#[88]">&gt;&gt;</a>&nbsp;&nbsp;&nbsp;__aeabi_assert
</UL>
<BR>[Called By]<UL><LI><a href="#[a3]">&gt;&gt;</a>&nbsp;&nbsp;&nbsp;DMA_CreateHandle
</UL>

<P><STRONG><a name="[a2]"></a>DMA_SetupDescriptor</STRONG> (Thumb, 14 bytes, Stack size 8 bytes, fsl_dma.o(i.DMA_SetupDescriptor))
<BR><BR>[Stack]<UL><LI>Max Depth = 8<LI>Call Chain = DMA_SetupDescriptor
</UL>
<BR>[Called By]<UL><LI><a href="#[a0]">&gt;&gt;</a>&nbsp;&nbsp;&nbsp;DMA_CreateDescriptor
</UL>

<P><STRONG><a name="[a1]"></a>DMA_SetupXferCFG</STRONG> (Thumb, 340 bytes, Stack size 24 bytes, fsl_dma.o(i.DMA_SetupXferCFG))
<BR><BR>[Stack]<UL><LI>Max Depth = 328<LI>Call Chain = DMA_SetupXferCFG &rArr; __aeabi_assert &rArr; DbgConsole_Printf &rArr; SEGGER_RTT_vprintf &rArr; _PrintInt &rArr; _PrintUnsigned &rArr; _StoreChar &rArr; SEGGER_RTT_Write
</UL>
<BR>[Calls]<UL><LI><a href="#[88]">&gt;&gt;</a>&nbsp;&nbsp;&nbsp;__aeabi_assert
</UL>
<BR>[Called By]<UL><LI><a href="#[a0]">&gt;&gt;</a>&nbsp;&nbsp;&nbsp;DMA_CreateDescriptor
</UL>

<P><STRONG><a name="[b4]"></a>FLEXCOMM_PeripheralIsPresent</STRONG> (Thumb, 58 bytes, Stack size 8 bytes, fsl_flexcomm.o(i.FLEXCOMM_PeripheralIsPresent))
<BR><BR>[Stack]<UL><LI>Max Depth = 8<LI>Call Chain = FLEXCOMM_PeripheralIsPresent
</UL>
<BR>[Called By]<UL><LI><a href="#[b2]">&gt;&gt;</a>&nbsp;&nbsp;&nbsp;FLEXCOMM_SetPeriph
</UL>

<P><STRONG><a name="[bf]"></a>PINT_PinInterruptClrStatus</STRONG> (Thumb, 8 bytes, Stack size 0 bytes, fsl_pint.o(i.PINT_PinInterruptClrStatus))
<BR><BR>[Called By]<UL><LI><a href="#[5a]">&gt;&gt;</a>&nbsp;&nbsp;&nbsp;PIN_INT7_DriverIRQHandler
<LI><a href="#[59]">&gt;&gt;</a>&nbsp;&nbsp;&nbsp;PIN_INT6_DriverIRQHandler
<LI><a href="#[58]">&gt;&gt;</a>&nbsp;&nbsp;&nbsp;PIN_INT5_DriverIRQHandler
<LI><a href="#[57]">&gt;&gt;</a>&nbsp;&nbsp;&nbsp;PIN_INT4_DriverIRQHandler
<LI><a href="#[3e]">&gt;&gt;</a>&nbsp;&nbsp;&nbsp;PIN_INT3_DriverIRQHandler
<LI><a href="#[3d]">&gt;&gt;</a>&nbsp;&nbsp;&nbsp;PIN_INT2_DriverIRQHandler
<LI><a href="#[3c]">&gt;&gt;</a>&nbsp;&nbsp;&nbsp;PIN_INT1_DriverIRQHandler
<LI><a href="#[3b]">&gt;&gt;</a>&nbsp;&nbsp;&nbsp;PIN_INT0_DriverIRQHandler
</UL>

<P><STRONG><a name="[d0]"></a>SPI_Enable</STRONG> (Thumb, 30 bytes, Stack size 0 bytes, fsl_spi.o(i.SPI_Enable))
<BR><BR>[Called By]<UL><LI><a href="#[ce]">&gt;&gt;</a>&nbsp;&nbsp;&nbsp;SPI_MasterInit
</UL>

<P><STRONG><a name="[62]"></a>SPI_SlaveTransferHandleIRQ</STRONG> (Thumb, 16 bytes, Stack size 16 bytes, fsl_spi.o(i.SPI_SlaveTransferHandleIRQ))
<BR><BR>[Stack]<UL><LI>Max Depth = 368<LI>Call Chain = SPI_SlaveTransferHandleIRQ &rArr; SPI_MasterTransferHandleIRQ &rArr; SPI_TransferHandleIRQInternal &rArr; __aeabi_assert &rArr; DbgConsole_Printf &rArr; SEGGER_RTT_vprintf &rArr; _PrintInt &rArr; _PrintUnsigned &rArr; _StoreChar &rArr; SEGGER_RTT_Write
</UL>
<BR>[Calls]<UL><LI><a href="#[61]">&gt;&gt;</a>&nbsp;&nbsp;&nbsp;SPI_MasterTransferHandleIRQ
</UL>
<BR>[Address Reference Count : 1]<UL><LI> fsl_spi.o(i.SPI_MasterTransferCreateHandle)
</UL>
<P><STRONG><a name="[d9]"></a>SPI_TransferHandleIRQInternal</STRONG> (Thumb, 344 bytes, Stack size 32 bytes, fsl_spi.o(i.SPI_TransferHandleIRQInternal))
<BR><BR>[Stack]<UL><LI>Max Depth = 336<LI>Call Chain = SPI_TransferHandleIRQInternal &rArr; __aeabi_assert &rArr; DbgConsole_Printf &rArr; SEGGER_RTT_vprintf &rArr; _PrintInt &rArr; _PrintUnsigned &rArr; _StoreChar &rArr; SEGGER_RTT_Write
</UL>
<BR>[Calls]<UL><LI><a href="#[88]">&gt;&gt;</a>&nbsp;&nbsp;&nbsp;__aeabi_assert
</UL>
<BR>[Called By]<UL><LI><a href="#[61]">&gt;&gt;</a>&nbsp;&nbsp;&nbsp;SPI_MasterTransferHandleIRQ
</UL>

<P><STRONG><a name="[c1]"></a>PrepareTxFIFO</STRONG> (Thumb, 82 bytes, Stack size 24 bytes, fsl_spi_dma.o(i.PrepareTxFIFO))
<BR><BR>[Stack]<UL><LI>Max Depth = 328<LI>Call Chain = PrepareTxFIFO &rArr; __aeabi_assert &rArr; DbgConsole_Printf &rArr; SEGGER_RTT_vprintf &rArr; _PrintInt &rArr; _PrintUnsigned &rArr; _StoreChar &rArr; SEGGER_RTT_Write
</UL>
<BR>[Calls]<UL><LI><a href="#[88]">&gt;&gt;</a>&nbsp;&nbsp;&nbsp;__aeabi_assert
</UL>
<BR>[Called By]<UL><LI><a href="#[d3]">&gt;&gt;</a>&nbsp;&nbsp;&nbsp;SPI_MasterTransferDMA
</UL>

<P><STRONG><a name="[64]"></a>SPI_RxDMACallback</STRONG> (Thumb, 54 bytes, Stack size 32 bytes, fsl_spi_dma.o(i.SPI_RxDMACallback))
<BR><BR>[Stack]<UL><LI>Max Depth = 32<LI>Call Chain = SPI_RxDMACallback
</UL>
<BR>[Address Reference Count : 1]<UL><LI> fsl_spi_dma.o(i.SPI_MasterTransferCreateHandleDMA)
</UL>
<P><STRONG><a name="[d8]"></a>SPI_SetupDummy</STRONG> (Thumb, 32 bytes, Stack size 16 bytes, fsl_spi_dma.o(i.SPI_SetupDummy))
<BR><BR>[Stack]<UL><LI>Max Depth = 24<LI>Call Chain = SPI_SetupDummy &rArr; SpiConfigToFifoWR
</UL>
<BR>[Calls]<UL><LI><a href="#[d6]">&gt;&gt;</a>&nbsp;&nbsp;&nbsp;XferToFifoWR
<LI><a href="#[d7]">&gt;&gt;</a>&nbsp;&nbsp;&nbsp;SpiConfigToFifoWR
</UL>
<BR>[Called By]<UL><LI><a href="#[d3]">&gt;&gt;</a>&nbsp;&nbsp;&nbsp;SPI_MasterTransferDMA
</UL>

<P><STRONG><a name="[63]"></a>SPI_TxDMACallback</STRONG> (Thumb, 54 bytes, Stack size 32 bytes, fsl_spi_dma.o(i.SPI_TxDMACallback))
<BR><BR>[Stack]<UL><LI>Max Depth = 32<LI>Call Chain = SPI_TxDMACallback
</UL>
<BR>[Address Reference Count : 1]<UL><LI> fsl_spi_dma.o(i.SPI_MasterTransferCreateHandleDMA)
</UL>
<P><STRONG><a name="[d7]"></a>SpiConfigToFifoWR</STRONG> (Thumb, 40 bytes, Stack size 8 bytes, fsl_spi_dma.o(i.SpiConfigToFifoWR))
<BR><BR>[Stack]<UL><LI>Max Depth = 8<LI>Call Chain = SpiConfigToFifoWR
</UL>
<BR>[Called By]<UL><LI><a href="#[d3]">&gt;&gt;</a>&nbsp;&nbsp;&nbsp;SPI_MasterTransferDMA
<LI><a href="#[d8]">&gt;&gt;</a>&nbsp;&nbsp;&nbsp;SPI_SetupDummy
</UL>

<P><STRONG><a name="[d6]"></a>XferToFifoWR</STRONG> (Thumb, 46 bytes, Stack size 0 bytes, fsl_spi_dma.o(i.XferToFifoWR))
<BR><BR>[Called By]<UL><LI><a href="#[d3]">&gt;&gt;</a>&nbsp;&nbsp;&nbsp;SPI_MasterTransferDMA
<LI><a href="#[d8]">&gt;&gt;</a>&nbsp;&nbsp;&nbsp;SPI_SetupDummy
</UL>

<P><STRONG><a name="[e2]"></a>UTICK_GetInstance</STRONG> (Thumb, 46 bytes, Stack size 16 bytes, fsl_utick.o(i.UTICK_GetInstance))
<BR><BR>[Stack]<UL><LI>Max Depth = 320<LI>Call Chain = UTICK_GetInstance &rArr; __aeabi_assert &rArr; DbgConsole_Printf &rArr; SEGGER_RTT_vprintf &rArr; _PrintInt &rArr; _PrintUnsigned &rArr; _StoreChar &rArr; SEGGER_RTT_Write
</UL>
<BR>[Calls]<UL><LI><a href="#[88]">&gt;&gt;</a>&nbsp;&nbsp;&nbsp;__aeabi_assert
</UL>
<BR>[Called By]<UL><LI><a href="#[e5]">&gt;&gt;</a>&nbsp;&nbsp;&nbsp;UTICK_SetTick
<LI><a href="#[e4]">&gt;&gt;</a>&nbsp;&nbsp;&nbsp;UTICK_Init
</UL>

<P><STRONG><a name="[dd]"></a>GetWdtOscFreq</STRONG> (Thumb, 36 bytes, Stack size 0 bytes, system_lpc54114_cm4.o(i.GetWdtOscFreq))
<BR><BR>[Called By]<UL><LI><a href="#[dc]">&gt;&gt;</a>&nbsp;&nbsp;&nbsp;SystemCoreClockUpdate
</UL>

<P><STRONG><a name="[e0]"></a>findPllMMult</STRONG> (Thumb, 34 bytes, Stack size 16 bytes, system_lpc54114_cm4.o(i.findPllMMult))
<BR><BR>[Stack]<UL><LI>Max Depth = 28<LI>Call Chain = findPllMMult &rArr; pllDecodeM
</UL>
<BR>[Calls]<UL><LI><a href="#[f3]">&gt;&gt;</a>&nbsp;&nbsp;&nbsp;pllDecodeM
</UL>
<BR>[Called By]<UL><LI><a href="#[dc]">&gt;&gt;</a>&nbsp;&nbsp;&nbsp;SystemCoreClockUpdate
</UL>

<P><STRONG><a name="[df]"></a>findPllPostDiv</STRONG> (Thumb, 32 bytes, Stack size 16 bytes, system_lpc54114_cm4.o(i.findPllPostDiv))
<BR><BR>[Stack]<UL><LI>Max Depth = 28<LI>Call Chain = findPllPostDiv &rArr; pllDecodeP
</UL>
<BR>[Calls]<UL><LI><a href="#[f4]">&gt;&gt;</a>&nbsp;&nbsp;&nbsp;pllDecodeP
</UL>
<BR>[Called By]<UL><LI><a href="#[dc]">&gt;&gt;</a>&nbsp;&nbsp;&nbsp;SystemCoreClockUpdate
</UL>

<P><STRONG><a name="[de]"></a>findPllPreDiv</STRONG> (Thumb, 32 bytes, Stack size 16 bytes, system_lpc54114_cm4.o(i.findPllPreDiv))
<BR><BR>[Stack]<UL><LI>Max Depth = 28<LI>Call Chain = findPllPreDiv &rArr; pllDecodeN
</UL>
<BR>[Calls]<UL><LI><a href="#[f5]">&gt;&gt;</a>&nbsp;&nbsp;&nbsp;pllDecodeN
</UL>
<BR>[Called By]<UL><LI><a href="#[dc]">&gt;&gt;</a>&nbsp;&nbsp;&nbsp;SystemCoreClockUpdate
</UL>

<P><STRONG><a name="[f3]"></a>pllDecodeM</STRONG> (Thumb, 88 bytes, Stack size 12 bytes, system_lpc54114_cm4.o(i.pllDecodeM))
<BR><BR>[Stack]<UL><LI>Max Depth = 12<LI>Call Chain = pllDecodeM
</UL>
<BR>[Called By]<UL><LI><a href="#[e0]">&gt;&gt;</a>&nbsp;&nbsp;&nbsp;findPllMMult
</UL>

<P><STRONG><a name="[f5]"></a>pllDecodeN</STRONG> (Thumb, 92 bytes, Stack size 12 bytes, system_lpc54114_cm4.o(i.pllDecodeN))
<BR><BR>[Stack]<UL><LI>Max Depth = 12<LI>Call Chain = pllDecodeN
</UL>
<BR>[Called By]<UL><LI><a href="#[de]">&gt;&gt;</a>&nbsp;&nbsp;&nbsp;findPllPreDiv
</UL>

<P><STRONG><a name="[f4]"></a>pllDecodeP</STRONG> (Thumb, 78 bytes, Stack size 12 bytes, system_lpc54114_cm4.o(i.pllDecodeP))
<BR><BR>[Stack]<UL><LI>Max Depth = 12<LI>Call Chain = pllDecodeP
</UL>
<BR>[Called By]<UL><LI><a href="#[df]">&gt;&gt;</a>&nbsp;&nbsp;&nbsp;findPllPostDiv
</UL>

<P><STRONG><a name="[7e]"></a>POWER_DisablePD</STRONG> (Thumb, 14 bytes, Stack size 0 bytes, clock_config.o(i.POWER_DisablePD))
<BR><BR>[Called By]<UL><LI><a href="#[7d]">&gt;&gt;</a>&nbsp;&nbsp;&nbsp;BOARD_BootClockFROHF96M
</UL>

<P><STRONG><a name="[8a]"></a>IOCON_PinMuxSet</STRONG> (Thumb, 12 bytes, Stack size 8 bytes, pin_mux.o(i.IOCON_PinMuxSet))
<BR><BR>[Stack]<UL><LI>Max Depth = 8<LI>Call Chain = IOCON_PinMuxSet
</UL>
<BR>[Called By]<UL><LI><a href="#[89]">&gt;&gt;</a>&nbsp;&nbsp;&nbsp;BOARD_InitPins
</UL>

<P><STRONG><a name="[a5]"></a>DMA_EnableChannel</STRONG> (Thumb, 76 bytes, Stack size 16 bytes, driver_spi_mpu9250.o(i.DMA_EnableChannel))
<BR><BR>[Stack]<UL><LI>Max Depth = 320<LI>Call Chain = DMA_EnableChannel &rArr; __aeabi_assert &rArr; DbgConsole_Printf &rArr; SEGGER_RTT_vprintf &rArr; _PrintInt &rArr; _PrintUnsigned &rArr; _StoreChar &rArr; SEGGER_RTT_Write
</UL>
<BR>[Calls]<UL><LI><a href="#[88]">&gt;&gt;</a>&nbsp;&nbsp;&nbsp;__aeabi_assert
</UL>
<BR>[Called By]<UL><LI><a href="#[102]">&gt;&gt;</a>&nbsp;&nbsp;&nbsp;mpu9250_pins_init
</UL>

<P><STRONG><a name="[a9]"></a>DMA_SetChannelPriority</STRONG> (Thumb, 52 bytes, Stack size 16 bytes, driver_spi_mpu9250.o(i.DMA_SetChannelPriority))
<BR><BR>[Stack]<UL><LI>Max Depth = 320<LI>Call Chain = DMA_SetChannelPriority &rArr; __aeabi_assert &rArr; DbgConsole_Printf &rArr; SEGGER_RTT_vprintf &rArr; _PrintInt &rArr; _PrintUnsigned &rArr; _StoreChar &rArr; SEGGER_RTT_Write
</UL>
<BR>[Calls]<UL><LI><a href="#[88]">&gt;&gt;</a>&nbsp;&nbsp;&nbsp;__aeabi_assert
</UL>
<BR>[Called By]<UL><LI><a href="#[102]">&gt;&gt;</a>&nbsp;&nbsp;&nbsp;mpu9250_pins_init
</UL>

<P><STRONG><a name="[106]"></a>GPIO_WritePinOutput</STRONG> (Thumb, 10 bytes, Stack size 8 bytes, driver_spi_mpu9250.o(i.GPIO_WritePinOutput))
<BR><BR>[Stack]<UL><LI>Max Depth = 8<LI>Call Chain = GPIO_WritePinOutput
</UL>
<BR>[Called By]<UL><LI><a href="#[db]">&gt;&gt;</a>&nbsp;&nbsp;&nbsp;mpu9250_read_task
<LI><a href="#[f1]">&gt;&gt;</a>&nbsp;&nbsp;&nbsp;mpu9250_reg_write
<LI><a href="#[f2]">&gt;&gt;</a>&nbsp;&nbsp;&nbsp;mpu9250_reg_read
<LI><a href="#[102]">&gt;&gt;</a>&nbsp;&nbsp;&nbsp;mpu9250_pins_init
</UL>

<P><STRONG><a name="[104]"></a>IOCON_PinMuxSet</STRONG> (Thumb, 12 bytes, Stack size 8 bytes, driver_spi_mpu9250.o(i.IOCON_PinMuxSet))
<BR><BR>[Stack]<UL><LI>Max Depth = 8<LI>Call Chain = IOCON_PinMuxSet
</UL>
<BR>[Called By]<UL><LI><a href="#[102]">&gt;&gt;</a>&nbsp;&nbsp;&nbsp;mpu9250_pins_init
</UL>

<P><STRONG><a name="[68]"></a>MPU9250SpiCallback</STRONG> (Thumb, 10 bytes, Stack size 12 bytes, driver_spi_mpu9250.o(i.MPU9250SpiCallback))
<BR><BR>[Stack]<UL><LI>Max Depth = 12<LI>Call Chain = MPU9250SpiCallback
</UL>
<BR>[Address Reference Count : 1]<UL><LI> driver_spi_mpu9250.o(i.mpu9250_pins_init)
</UL>
<P><STRONG><a name="[67]"></a>MPU9250SpiDMACallback</STRONG> (Thumb, 10 bytes, Stack size 12 bytes, driver_spi_mpu9250.o(i.MPU9250SpiDMACallback))
<BR><BR>[Stack]<UL><LI>Max Depth = 12<LI>Call Chain = MPU9250SpiDMACallback
</UL>
<BR>[Address Reference Count : 1]<UL><LI> driver_spi_mpu9250.o(i.mpu9250_dmaRead_init)
</UL>
<P><STRONG><a name="[108]"></a>CTIMER_StartTimer</STRONG> (Thumb, 10 bytes, Stack size 0 bytes, driver_pwm_tb6612fng.o(i.CTIMER_StartTimer))
<BR><BR>[Called By]<UL><LI><a href="#[100]">&gt;&gt;</a>&nbsp;&nbsp;&nbsp;tb6612_func_init
</UL>

<P><STRONG><a name="[ff]"></a>GPIO_WritePinOutput</STRONG> (Thumb, 10 bytes, Stack size 8 bytes, driver_pwm_tb6612fng.o(i.GPIO_WritePinOutput))
<BR><BR>[Stack]<UL><LI>Max Depth = 8<LI>Call Chain = GPIO_WritePinOutput
</UL>
<BR>[Called By]<UL><LI><a href="#[fe]">&gt;&gt;</a>&nbsp;&nbsp;&nbsp;tb6612_pwmb_config
<LI><a href="#[fd]">&gt;&gt;</a>&nbsp;&nbsp;&nbsp;tb6612_pwma_config
<LI><a href="#[107]">&gt;&gt;</a>&nbsp;&nbsp;&nbsp;tb6612_pins_init
<LI><a href="#[100]">&gt;&gt;</a>&nbsp;&nbsp;&nbsp;tb6612_func_init
<LI><a href="#[b9]">&gt;&gt;</a>&nbsp;&nbsp;&nbsp;motor_direction_set
</UL>

<P><STRONG><a name="[109]"></a>IOCON_PinMuxSet</STRONG> (Thumb, 12 bytes, Stack size 8 bytes, driver_pwm_tb6612fng.o(i.IOCON_PinMuxSet))
<BR><BR>[Stack]<UL><LI>Max Depth = 8<LI>Call Chain = IOCON_PinMuxSet
</UL>
<BR>[Called By]<UL><LI><a href="#[107]">&gt;&gt;</a>&nbsp;&nbsp;&nbsp;tb6612_pins_init
</UL>

<P><STRONG><a name="[c5]"></a>_Init</STRONG> (Thumb, 2 bytes, Stack size 0 bytes, segger_rtt.o(i._Init))
<BR><BR>[Called By]<UL><LI><a href="#[c4]">&gt;&gt;</a>&nbsp;&nbsp;&nbsp;SEGGER_RTT_Init
<LI><a href="#[c6]">&gt;&gt;</a>&nbsp;&nbsp;&nbsp;SEGGER_RTT_Write
</UL>

<P><STRONG><a name="[c9]"></a>_PrintInt</STRONG> (Thumb, 234 bytes, Stack size 48 bytes, segger_rtt_printf.o(i._PrintInt))
<BR><BR>[Stack]<UL><LI>Max Depth = 144<LI>Call Chain = _PrintInt &rArr; _PrintUnsigned &rArr; _StoreChar &rArr; SEGGER_RTT_Write
</UL>
<BR>[Calls]<UL><LI><a href="#[c8]">&gt;&gt;</a>&nbsp;&nbsp;&nbsp;_StoreChar
<LI><a href="#[ca]">&gt;&gt;</a>&nbsp;&nbsp;&nbsp;_PrintUnsigned
</UL>
<BR>[Called By]<UL><LI><a href="#[af]">&gt;&gt;</a>&nbsp;&nbsp;&nbsp;SEGGER_RTT_vprintf
</UL>

<P><STRONG><a name="[ca]"></a>_PrintUnsigned</STRONG> (Thumb, 240 bytes, Stack size 48 bytes, segger_rtt_printf.o(i._PrintUnsigned))
<BR><BR>[Stack]<UL><LI>Max Depth = 96<LI>Call Chain = _PrintUnsigned &rArr; _StoreChar &rArr; SEGGER_RTT_Write
</UL>
<BR>[Calls]<UL><LI><a href="#[c8]">&gt;&gt;</a>&nbsp;&nbsp;&nbsp;_StoreChar
</UL>
<BR>[Called By]<UL><LI><a href="#[af]">&gt;&gt;</a>&nbsp;&nbsp;&nbsp;SEGGER_RTT_vprintf
<LI><a href="#[c9]">&gt;&gt;</a>&nbsp;&nbsp;&nbsp;_PrintInt
</UL>

<P><STRONG><a name="[c8]"></a>_StoreChar</STRONG> (Thumb, 68 bytes, Stack size 16 bytes, segger_rtt_printf.o(i._StoreChar))
<BR><BR>[Stack]<UL><LI>Max Depth = 48<LI>Call Chain = _StoreChar &rArr; SEGGER_RTT_Write
</UL>
<BR>[Calls]<UL><LI><a href="#[c6]">&gt;&gt;</a>&nbsp;&nbsp;&nbsp;SEGGER_RTT_Write
</UL>
<BR>[Called By]<UL><LI><a href="#[af]">&gt;&gt;</a>&nbsp;&nbsp;&nbsp;SEGGER_RTT_vprintf
<LI><a href="#[ca]">&gt;&gt;</a>&nbsp;&nbsp;&nbsp;_PrintUnsigned
<LI><a href="#[c9]">&gt;&gt;</a>&nbsp;&nbsp;&nbsp;_PrintInt
</UL>

<P><STRONG><a name="[c0]"></a>POWER_setVdLevel</STRONG> (Thumb, 14 bytes, Stack size 8 bytes, fsl_power_lib.o(i.POWER_setVdLevel))
<BR><BR>[Stack]<UL><LI>Max Depth = 8<LI>Call Chain = POWER_setVdLevel
</UL>
<BR>[Called By]<UL><LI><a href="#[80]">&gt;&gt;</a>&nbsp;&nbsp;&nbsp;POWER_SetVoltageForFreq
</UL>
<P>
<H3>
Undefined Global Symbols
</H3><HR></body></html>
