<!doctype html public "-//w3c//dtd html 4.0 transitional//en">
<html><head>
<title>Static Call Graph - [.\Objects_m0p\qei_dualcore_m0p.out]</title></head>
<body><HR>
<H1>Static Call Graph for image .\Objects_m0p\qei_dualcore_m0p.out</H1><HR>
<BR><P>#&#060CALLGRAPH&#062# ARM Linker, 5060528: Last Updated: Tue Mar 27 15:00:25 2018
<BR><P>
<H3>Maximum Stack Usage =         52 bytes + Unknown(Cycles, Untraceable Function Pointers)</H3><H3>
Call chain for Maximum Stack Depth:</H3>
main &rArr; PINT_Init &rArr; RESET_PeripheralReset &rArr; RESET_SetPeripheralReset
<P>
<H3>
Mutually Recursive functions
</H3> <LI><a href="#[1]">NMI_Handler</a>&nbsp;&nbsp;&nbsp;&rArr;&nbsp;&nbsp;&nbsp;<a href="#[1]">NMI_Handler</a><BR>
 <LI><a href="#[2]">HardFault_Handler</a>&nbsp;&nbsp;&nbsp;&rArr;&nbsp;&nbsp;&nbsp;<a href="#[2]">HardFault_Handler</a><BR>
 <LI><a href="#[3]">SVC_Handler</a>&nbsp;&nbsp;&nbsp;&rArr;&nbsp;&nbsp;&nbsp;<a href="#[3]">SVC_Handler</a><BR>
 <LI><a href="#[4]">PendSV_Handler</a>&nbsp;&nbsp;&nbsp;&rArr;&nbsp;&nbsp;&nbsp;<a href="#[4]">PendSV_Handler</a><BR>
 <LI><a href="#[5]">SysTick_Handler</a>&nbsp;&nbsp;&nbsp;&rArr;&nbsp;&nbsp;&nbsp;<a href="#[5]">SysTick_Handler</a><BR>
 <LI><a href="#[3f]">ADC0_SEQA_DriverIRQHandler</a>&nbsp;&nbsp;&nbsp;&rArr;&nbsp;&nbsp;&nbsp;<a href="#[3f]">ADC0_SEQA_DriverIRQHandler</a><BR>
</UL>
<P>
<H3>
Function Pointers
</H3><UL>
 <LI><a href="#[3f]">ADC0_SEQA_DriverIRQHandler</a> from startup_lpc54114_cm0plus.o(.text) referenced from startup_lpc54114_cm0plus.o(.text)
 <LI><a href="#[1c]">ADC0_SEQA_IRQHandler</a> from startup_lpc54114_cm0plus.o(.text) referenced from startup_lpc54114_cm0plus.o(RESET)
 <LI><a href="#[40]">ADC0_SEQB_DriverIRQHandler</a> from startup_lpc54114_cm0plus.o(.text) referenced from startup_lpc54114_cm0plus.o(.text)
 <LI><a href="#[1d]">ADC0_SEQB_IRQHandler</a> from startup_lpc54114_cm0plus.o(.text) referenced from startup_lpc54114_cm0plus.o(RESET)
 <LI><a href="#[41]">ADC0_THCMP_DriverIRQHandler</a> from startup_lpc54114_cm0plus.o(.text) referenced from startup_lpc54114_cm0plus.o(.text)
 <LI><a href="#[1e]">ADC0_THCMP_IRQHandler</a> from startup_lpc54114_cm0plus.o(.text) referenced from startup_lpc54114_cm0plus.o(RESET)
 <LI><a href="#[33]">CTIMER0_DriverIRQHandler</a> from fsl_ctimer.o(i.CTIMER0_DriverIRQHandler) referenced from startup_lpc54114_cm0plus.o(.text)
 <LI><a href="#[10]">CTIMER0_IRQHandler</a> from startup_lpc54114_cm0plus.o(.text) referenced from startup_lpc54114_cm0plus.o(RESET)
 <LI><a href="#[34]">CTIMER1_DriverIRQHandler</a> from fsl_ctimer.o(i.CTIMER1_DriverIRQHandler) referenced from startup_lpc54114_cm0plus.o(.text)
 <LI><a href="#[11]">CTIMER1_IRQHandler</a> from startup_lpc54114_cm0plus.o(.text) referenced from startup_lpc54114_cm0plus.o(RESET)
 <LI><a href="#[36]">CTIMER3_DriverIRQHandler</a> from fsl_ctimer.o(i.CTIMER3_DriverIRQHandler) referenced from startup_lpc54114_cm0plus.o(.text)
 <LI><a href="#[13]">CTIMER3_IRQHandler</a> from startup_lpc54114_cm0plus.o(.text) referenced from startup_lpc54114_cm0plus.o(RESET)
 <LI><a href="#[2a]">DMA0_DriverIRQHandler</a> from fsl_dma.o(i.DMA0_DriverIRQHandler) referenced from startup_lpc54114_cm0plus.o(.text)
 <LI><a href="#[7]">DMA0_IRQHandler</a> from startup_lpc54114_cm0plus.o(.text) referenced from startup_lpc54114_cm0plus.o(RESET)
 <LI><a href="#[42]">DMIC0_DriverIRQHandler</a> from fsl_dmic.o(i.DMIC0_DriverIRQHandler) referenced from startup_lpc54114_cm0plus.o(.text)
 <LI><a href="#[1f]">DMIC0_IRQHandler</a> from startup_lpc54114_cm0plus.o(.text) referenced from startup_lpc54114_cm0plus.o(RESET)
 <LI><a href="#[37]">FLEXCOMM0_DriverIRQHandler</a> from fsl_flexcomm.o(i.FLEXCOMM0_DriverIRQHandler) referenced from startup_lpc54114_cm0plus.o(.text)
 <LI><a href="#[14]">FLEXCOMM0_IRQHandler</a> from startup_lpc54114_cm0plus.o(.text) referenced from startup_lpc54114_cm0plus.o(RESET)
 <LI><a href="#[38]">FLEXCOMM1_DriverIRQHandler</a> from fsl_flexcomm.o(i.FLEXCOMM1_DriverIRQHandler) referenced from startup_lpc54114_cm0plus.o(.text)
 <LI><a href="#[15]">FLEXCOMM1_IRQHandler</a> from startup_lpc54114_cm0plus.o(.text) referenced from startup_lpc54114_cm0plus.o(RESET)
 <LI><a href="#[39]">FLEXCOMM2_DriverIRQHandler</a> from fsl_flexcomm.o(i.FLEXCOMM2_DriverIRQHandler) referenced from startup_lpc54114_cm0plus.o(.text)
 <LI><a href="#[16]">FLEXCOMM2_IRQHandler</a> from startup_lpc54114_cm0plus.o(.text) referenced from startup_lpc54114_cm0plus.o(RESET)
 <LI><a href="#[3a]">FLEXCOMM3_DriverIRQHandler</a> from fsl_flexcomm.o(i.FLEXCOMM3_DriverIRQHandler) referenced from startup_lpc54114_cm0plus.o(.text)
 <LI><a href="#[17]">FLEXCOMM3_IRQHandler</a> from startup_lpc54114_cm0plus.o(.text) referenced from startup_lpc54114_cm0plus.o(RESET)
 <LI><a href="#[3b]">FLEXCOMM4_DriverIRQHandler</a> from fsl_flexcomm.o(i.FLEXCOMM4_DriverIRQHandler) referenced from startup_lpc54114_cm0plus.o(.text)
 <LI><a href="#[18]">FLEXCOMM4_IRQHandler</a> from startup_lpc54114_cm0plus.o(.text) referenced from startup_lpc54114_cm0plus.o(RESET)
 <LI><a href="#[3c]">FLEXCOMM5_DriverIRQHandler</a> from fsl_flexcomm.o(i.FLEXCOMM5_DriverIRQHandler) referenced from startup_lpc54114_cm0plus.o(.text)
 <LI><a href="#[19]">FLEXCOMM5_IRQHandler</a> from startup_lpc54114_cm0plus.o(.text) referenced from startup_lpc54114_cm0plus.o(RESET)
 <LI><a href="#[3d]">FLEXCOMM6_DriverIRQHandler</a> from fsl_flexcomm.o(i.FLEXCOMM6_DriverIRQHandler) referenced from startup_lpc54114_cm0plus.o(.text)
 <LI><a href="#[1a]">FLEXCOMM6_IRQHandler</a> from startup_lpc54114_cm0plus.o(.text) referenced from startup_lpc54114_cm0plus.o(RESET)
 <LI><a href="#[3e]">FLEXCOMM7_DriverIRQHandler</a> from fsl_flexcomm.o(i.FLEXCOMM7_DriverIRQHandler) referenced from startup_lpc54114_cm0plus.o(.text)
 <LI><a href="#[1b]">FLEXCOMM7_IRQHandler</a> from startup_lpc54114_cm0plus.o(.text) referenced from startup_lpc54114_cm0plus.o(RESET)
 <LI><a href="#[2b]">GINT0_DriverIRQHandler</a> from fsl_gint.o(i.GINT0_DriverIRQHandler) referenced from startup_lpc54114_cm0plus.o(.text)
 <LI><a href="#[8]">GINT0_IRQHandler</a> from startup_lpc54114_cm0plus.o(.text) referenced from startup_lpc54114_cm0plus.o(RESET)
 <LI><a href="#[2c]">GINT1_DriverIRQHandler</a> from fsl_gint.o(i.GINT1_DriverIRQHandler) referenced from startup_lpc54114_cm0plus.o(.text)
 <LI><a href="#[9]">GINT1_IRQHandler</a> from startup_lpc54114_cm0plus.o(.text) referenced from startup_lpc54114_cm0plus.o(RESET)
 <LI><a href="#[43]">HWVAD0_DriverIRQHandler</a> from startup_lpc54114_cm0plus.o(.text) referenced from startup_lpc54114_cm0plus.o(.text)
 <LI><a href="#[20]">HWVAD0_IRQHandler</a> from fsl_dmic.o(i.HWVAD0_IRQHandler) referenced from startup_lpc54114_cm0plus.o(RESET)
 <LI><a href="#[2]">HardFault_Handler</a> from startup_lpc54114_cm0plus.o(.text) referenced from startup_lpc54114_cm0plus.o(RESET)
 <LI><a href="#[47]">IOH_DriverIRQHandler</a> from startup_lpc54114_cm0plus.o(.text) referenced from startup_lpc54114_cm0plus.o(.text)
 <LI><a href="#[24]">IOH_IRQHandler</a> from startup_lpc54114_cm0plus.o(.text) referenced from startup_lpc54114_cm0plus.o(RESET)
 <LI><a href="#[48]">MAILBOX_DriverIRQHandler</a> from startup_lpc54114_cm0plus.o(.text) referenced from startup_lpc54114_cm0plus.o(.text)
 <LI><a href="#[25]">MAILBOX_IRQHandler</a> from startup_lpc54114_cm0plus.o(.text) referenced from startup_lpc54114_cm0plus.o(RESET)
 <LI><a href="#[32]">MRT0_DriverIRQHandler</a> from startup_lpc54114_cm0plus.o(.text) referenced from startup_lpc54114_cm0plus.o(.text)
 <LI><a href="#[f]">MRT0_IRQHandler</a> from startup_lpc54114_cm0plus.o(.text) referenced from startup_lpc54114_cm0plus.o(RESET)
 <LI><a href="#[1]">NMI_Handler</a> from startup_lpc54114_cm0plus.o(.text) referenced from startup_lpc54114_cm0plus.o(RESET)
 <LI><a href="#[2d]">PIN_INT0_DriverIRQHandler</a> from fsl_pint.o(i.PIN_INT0_DriverIRQHandler) referenced from startup_lpc54114_cm0plus.o(.text)
 <LI><a href="#[a]">PIN_INT0_IRQHandler</a> from startup_lpc54114_cm0plus.o(.text) referenced from startup_lpc54114_cm0plus.o(RESET)
 <LI><a href="#[2e]">PIN_INT1_DriverIRQHandler</a> from fsl_pint.o(i.PIN_INT1_DriverIRQHandler) referenced from startup_lpc54114_cm0plus.o(.text)
 <LI><a href="#[b]">PIN_INT1_IRQHandler</a> from startup_lpc54114_cm0plus.o(.text) referenced from startup_lpc54114_cm0plus.o(RESET)
 <LI><a href="#[2f]">PIN_INT2_DriverIRQHandler</a> from fsl_pint.o(i.PIN_INT2_DriverIRQHandler) referenced from startup_lpc54114_cm0plus.o(.text)
 <LI><a href="#[c]">PIN_INT2_IRQHandler</a> from startup_lpc54114_cm0plus.o(.text) referenced from startup_lpc54114_cm0plus.o(RESET)
 <LI><a href="#[30]">PIN_INT3_DriverIRQHandler</a> from fsl_pint.o(i.PIN_INT3_DriverIRQHandler) referenced from startup_lpc54114_cm0plus.o(.text)
 <LI><a href="#[d]">PIN_INT3_IRQHandler</a> from startup_lpc54114_cm0plus.o(.text) referenced from startup_lpc54114_cm0plus.o(RESET)
 <LI><a href="#[4]">PendSV_Handler</a> from startup_lpc54114_cm0plus.o(.text) referenced from startup_lpc54114_cm0plus.o(RESET)
 <LI><a href="#[46]">RTC_DriverIRQHandler</a> from startup_lpc54114_cm0plus.o(.text) referenced from startup_lpc54114_cm0plus.o(.text)
 <LI><a href="#[23]">RTC_IRQHandler</a> from startup_lpc54114_cm0plus.o(.text) referenced from startup_lpc54114_cm0plus.o(RESET)
 <LI><a href="#[0]">Reset_Handler</a> from startup_lpc54114_cm0plus.o(.text) referenced from startup_lpc54114_cm0plus.o(RESET)
 <LI><a href="#[35]">SCT0_DriverIRQHandler</a> from startup_lpc54114_cm0plus.o(.text) referenced from startup_lpc54114_cm0plus.o(.text)
 <LI><a href="#[12]">SCT0_IRQHandler</a> from fsl_sctimer.o(i.SCT0_IRQHandler) referenced from startup_lpc54114_cm0plus.o(RESET)
 <LI><a href="#[3]">SVC_Handler</a> from startup_lpc54114_cm0plus.o(.text) referenced from startup_lpc54114_cm0plus.o(RESET)
 <LI><a href="#[5]">SysTick_Handler</a> from startup_lpc54114_cm0plus.o(.text) referenced from startup_lpc54114_cm0plus.o(RESET)
 <LI><a href="#[27]">SystemInit</a> from system_lpc54114_cm0plus.o(i.SystemInit) referenced from startup_lpc54114_cm0plus.o(.text)
 <LI><a href="#[45]">USB0_DriverIRQHandler</a> from startup_lpc54114_cm0plus.o(.text) referenced from startup_lpc54114_cm0plus.o(.text)
 <LI><a href="#[22]">USB0_IRQHandler</a> from startup_lpc54114_cm0plus.o(.text) referenced from startup_lpc54114_cm0plus.o(RESET)
 <LI><a href="#[44]">USB0_NEEDCLK_DriverIRQHandler</a> from startup_lpc54114_cm0plus.o(.text) referenced from startup_lpc54114_cm0plus.o(.text)
 <LI><a href="#[21]">USB0_NEEDCLK_IRQHandler</a> from startup_lpc54114_cm0plus.o(.text) referenced from startup_lpc54114_cm0plus.o(RESET)
 <LI><a href="#[31]">UTICK0_DriverIRQHandler</a> from fsl_utick.o(i.UTICK0_DriverIRQHandler) referenced from startup_lpc54114_cm0plus.o(.text)
 <LI><a href="#[e]">UTICK0_IRQHandler</a> from startup_lpc54114_cm0plus.o(.text) referenced from startup_lpc54114_cm0plus.o(RESET)
 <LI><a href="#[29]">WDT_BOD_DriverIRQHandler</a> from startup_lpc54114_cm0plus.o(.text) referenced from startup_lpc54114_cm0plus.o(.text)
 <LI><a href="#[6]">WDT_BOD_IRQHandler</a> from startup_lpc54114_cm0plus.o(.text) referenced from startup_lpc54114_cm0plus.o(RESET)
 <LI><a href="#[28]">__main</a> from entry.o(.ARM.Collect$$$$00000000) referenced from startup_lpc54114_cm0plus.o(.text)
 <LI><a href="#[26]">main</a> from main_m0p.o(i.main) referenced from entry9a.o(.ARM.Collect$$$$0000000B)
 <LI><a href="#[53]">mcmgr_get_core_property_lpc54114</a> from mcmgr_internal_core_api_lpc54114.o(i.mcmgr_get_core_property_lpc54114) referenced 2 times from mcmgr_internal_core_api_lpc54114.o(.constdata)
 <LI><a href="#[54]">mcmgr_get_current_core_lpc54114</a> from mcmgr_internal_core_api_lpc54114.o(i.mcmgr_get_current_core_lpc54114) referenced from mcmgr_internal_core_api_lpc54114.o(.constdata)
 <LI><a href="#[50]">mcmgr_get_startup_data_lpc54114</a> from mcmgr_internal_core_api_lpc54114.o(i.mcmgr_get_startup_data_lpc54114) referenced 2 times from mcmgr_internal_core_api_lpc54114.o(.constdata)
 <LI><a href="#[4d]">mcmgr_init_lpc54114</a> from mcmgr_internal_core_api_lpc54114.o(i.mcmgr_init_lpc54114) referenced 2 times from mcmgr_internal_core_api_lpc54114.o(.constdata)
 <LI><a href="#[4e]">mcmgr_load_app_lpc54114</a> from mcmgr_internal_core_api_lpc54114.o(i.mcmgr_load_app_lpc54114) referenced 2 times from mcmgr_internal_core_api_lpc54114.o(.constdata)
 <LI><a href="#[51]">mcmgr_signal_ready_lpc54114</a> from mcmgr_internal_core_api_lpc54114.o(i.mcmgr_signal_ready_lpc54114) referenced 2 times from mcmgr_internal_core_api_lpc54114.o(.constdata)
 <LI><a href="#[4f]">mcmgr_start_core_lpc54114</a> from mcmgr_internal_core_api_lpc54114.o(i.mcmgr_start_core_lpc54114) referenced 2 times from mcmgr_internal_core_api_lpc54114.o(.constdata)
 <LI><a href="#[52]">mcmgr_stop_core_lpc54114</a> from mcmgr_internal_core_api_lpc54114.o(i.mcmgr_stop_core_lpc54114) referenced 2 times from mcmgr_internal_core_api_lpc54114.o(.constdata)
 <LI><a href="#[49]">pint0_callback</a> from main_m0p.o(i.pint0_callback) referenced from main_m0p.o(i.main)
 <LI><a href="#[4a]">pint1_callback</a> from main_m0p.o(i.pint1_callback) referenced from main_m0p.o(i.main)
 <LI><a href="#[4b]">pint2_callback</a> from main_m0p.o(i.pint2_callback) referenced from main_m0p.o(i.main)
 <LI><a href="#[4c]">pint3_callback</a> from main_m0p.o(i.pint3_callback) referenced from main_m0p.o(i.main)
</UL>
<P>
<H3>
Global Symbols
</H3>
<P><STRONG><a name="[28]"></a>__main</STRONG> (Thumb, 0 bytes, Stack size unknown bytes, entry.o(.ARM.Collect$$$$00000000))
<BR>[Address Reference Count : 1]<UL><LI> startup_lpc54114_cm0plus.o(.text)
</UL>
<P><STRONG><a name="[6d]"></a>_main_stk</STRONG> (Thumb, 0 bytes, Stack size unknown bytes, entry4.o(.ARM.Collect$$$$00000003))

<P><STRONG><a name="[55]"></a>_main_scatterload</STRONG> (Thumb, 0 bytes, Stack size unknown bytes, entry5.o(.ARM.Collect$$$$00000004))
<BR><BR>[Calls]<UL><LI><a href="#[56]">&gt;&gt;</a>&nbsp;&nbsp;&nbsp;__scatterload
</UL>

<P><STRONG><a name="[57]"></a>__main_after_scatterload</STRONG> (Thumb, 0 bytes, Stack size unknown bytes, entry5.o(.ARM.Collect$$$$00000004))
<BR><BR>[Called By]<UL><LI><a href="#[56]">&gt;&gt;</a>&nbsp;&nbsp;&nbsp;__scatterload
</UL>

<P><STRONG><a name="[6e]"></a>_main_clock</STRONG> (Thumb, 0 bytes, Stack size unknown bytes, entry7b.o(.ARM.Collect$$$$00000008))

<P><STRONG><a name="[6f]"></a>_main_cpp_init</STRONG> (Thumb, 0 bytes, Stack size unknown bytes, entry8b.o(.ARM.Collect$$$$0000000A))

<P><STRONG><a name="[70]"></a>_main_init</STRONG> (Thumb, 0 bytes, Stack size unknown bytes, entry9a.o(.ARM.Collect$$$$0000000B))

<P><STRONG><a name="[71]"></a>__rt_final_cpp</STRONG> (Thumb, 0 bytes, Stack size unknown bytes, entry10a.o(.ARM.Collect$$$$0000000D))

<P><STRONG><a name="[72]"></a>__rt_final_exit</STRONG> (Thumb, 0 bytes, Stack size unknown bytes, entry11a.o(.ARM.Collect$$$$0000000F))

<P><STRONG><a name="[0]"></a>Reset_Handler</STRONG> (Thumb, 8 bytes, Stack size 0 bytes, startup_lpc54114_cm0plus.o(.text))
<BR>[Address Reference Count : 1]<UL><LI> startup_lpc54114_cm0plus.o(RESET)
</UL>
<P><STRONG><a name="[1]"></a>NMI_Handler</STRONG> (Thumb, 2 bytes, Stack size 0 bytes, startup_lpc54114_cm0plus.o(.text))
<BR><BR>[Calls]<UL><LI><a href="#[1]">&gt;&gt;</a>&nbsp;&nbsp;&nbsp;NMI_Handler
</UL>
<BR>[Called By]<UL><LI><a href="#[1]">&gt;&gt;</a>&nbsp;&nbsp;&nbsp;NMI_Handler
</UL>
<BR>[Address Reference Count : 1]<UL><LI> startup_lpc54114_cm0plus.o(RESET)
</UL>
<P><STRONG><a name="[2]"></a>HardFault_Handler</STRONG> (Thumb, 2 bytes, Stack size 0 bytes, startup_lpc54114_cm0plus.o(.text))
<BR><BR>[Calls]<UL><LI><a href="#[2]">&gt;&gt;</a>&nbsp;&nbsp;&nbsp;HardFault_Handler
</UL>
<BR>[Called By]<UL><LI><a href="#[2]">&gt;&gt;</a>&nbsp;&nbsp;&nbsp;HardFault_Handler
</UL>
<BR>[Address Reference Count : 1]<UL><LI> startup_lpc54114_cm0plus.o(RESET)
</UL>
<P><STRONG><a name="[3]"></a>SVC_Handler</STRONG> (Thumb, 2 bytes, Stack size 0 bytes, startup_lpc54114_cm0plus.o(.text))
<BR><BR>[Calls]<UL><LI><a href="#[3]">&gt;&gt;</a>&nbsp;&nbsp;&nbsp;SVC_Handler
</UL>
<BR>[Called By]<UL><LI><a href="#[3]">&gt;&gt;</a>&nbsp;&nbsp;&nbsp;SVC_Handler
</UL>
<BR>[Address Reference Count : 1]<UL><LI> startup_lpc54114_cm0plus.o(RESET)
</UL>
<P><STRONG><a name="[4]"></a>PendSV_Handler</STRONG> (Thumb, 2 bytes, Stack size 0 bytes, startup_lpc54114_cm0plus.o(.text))
<BR><BR>[Calls]<UL><LI><a href="#[4]">&gt;&gt;</a>&nbsp;&nbsp;&nbsp;PendSV_Handler
</UL>
<BR>[Called By]<UL><LI><a href="#[4]">&gt;&gt;</a>&nbsp;&nbsp;&nbsp;PendSV_Handler
</UL>
<BR>[Address Reference Count : 1]<UL><LI> startup_lpc54114_cm0plus.o(RESET)
</UL>
<P><STRONG><a name="[5]"></a>SysTick_Handler</STRONG> (Thumb, 2 bytes, Stack size 0 bytes, startup_lpc54114_cm0plus.o(.text))
<BR><BR>[Calls]<UL><LI><a href="#[5]">&gt;&gt;</a>&nbsp;&nbsp;&nbsp;SysTick_Handler
</UL>
<BR>[Called By]<UL><LI><a href="#[5]">&gt;&gt;</a>&nbsp;&nbsp;&nbsp;SysTick_Handler
</UL>
<BR>[Address Reference Count : 1]<UL><LI> startup_lpc54114_cm0plus.o(RESET)
</UL>
<P><STRONG><a name="[6]"></a>WDT_BOD_IRQHandler</STRONG> (Thumb, 4 bytes, Stack size 0 bytes, startup_lpc54114_cm0plus.o(.text))
<BR>[Address Reference Count : 1]<UL><LI> startup_lpc54114_cm0plus.o(RESET)
</UL>
<P><STRONG><a name="[7]"></a>DMA0_IRQHandler</STRONG> (Thumb, 4 bytes, Stack size 0 bytes, startup_lpc54114_cm0plus.o(.text))
<BR>[Address Reference Count : 1]<UL><LI> startup_lpc54114_cm0plus.o(RESET)
</UL>
<P><STRONG><a name="[8]"></a>GINT0_IRQHandler</STRONG> (Thumb, 4 bytes, Stack size 0 bytes, startup_lpc54114_cm0plus.o(.text))
<BR>[Address Reference Count : 1]<UL><LI> startup_lpc54114_cm0plus.o(RESET)
</UL>
<P><STRONG><a name="[9]"></a>GINT1_IRQHandler</STRONG> (Thumb, 4 bytes, Stack size 0 bytes, startup_lpc54114_cm0plus.o(.text))
<BR>[Address Reference Count : 1]<UL><LI> startup_lpc54114_cm0plus.o(RESET)
</UL>
<P><STRONG><a name="[a]"></a>PIN_INT0_IRQHandler</STRONG> (Thumb, 4 bytes, Stack size 0 bytes, startup_lpc54114_cm0plus.o(.text))
<BR>[Address Reference Count : 1]<UL><LI> startup_lpc54114_cm0plus.o(RESET)
</UL>
<P><STRONG><a name="[b]"></a>PIN_INT1_IRQHandler</STRONG> (Thumb, 4 bytes, Stack size 0 bytes, startup_lpc54114_cm0plus.o(.text))
<BR>[Address Reference Count : 1]<UL><LI> startup_lpc54114_cm0plus.o(RESET)
</UL>
<P><STRONG><a name="[c]"></a>PIN_INT2_IRQHandler</STRONG> (Thumb, 4 bytes, Stack size 0 bytes, startup_lpc54114_cm0plus.o(.text))
<BR>[Address Reference Count : 1]<UL><LI> startup_lpc54114_cm0plus.o(RESET)
</UL>
<P><STRONG><a name="[d]"></a>PIN_INT3_IRQHandler</STRONG> (Thumb, 4 bytes, Stack size 0 bytes, startup_lpc54114_cm0plus.o(.text))
<BR>[Address Reference Count : 1]<UL><LI> startup_lpc54114_cm0plus.o(RESET)
</UL>
<P><STRONG><a name="[e]"></a>UTICK0_IRQHandler</STRONG> (Thumb, 4 bytes, Stack size 0 bytes, startup_lpc54114_cm0plus.o(.text))
<BR>[Address Reference Count : 1]<UL><LI> startup_lpc54114_cm0plus.o(RESET)
</UL>
<P><STRONG><a name="[f]"></a>MRT0_IRQHandler</STRONG> (Thumb, 4 bytes, Stack size 0 bytes, startup_lpc54114_cm0plus.o(.text))
<BR>[Address Reference Count : 1]<UL><LI> startup_lpc54114_cm0plus.o(RESET)
</UL>
<P><STRONG><a name="[10]"></a>CTIMER0_IRQHandler</STRONG> (Thumb, 4 bytes, Stack size 0 bytes, startup_lpc54114_cm0plus.o(.text))
<BR>[Address Reference Count : 1]<UL><LI> startup_lpc54114_cm0plus.o(RESET)
</UL>
<P><STRONG><a name="[11]"></a>CTIMER1_IRQHandler</STRONG> (Thumb, 4 bytes, Stack size 0 bytes, startup_lpc54114_cm0plus.o(.text))
<BR>[Address Reference Count : 1]<UL><LI> startup_lpc54114_cm0plus.o(RESET)
</UL>
<P><STRONG><a name="[13]"></a>CTIMER3_IRQHandler</STRONG> (Thumb, 4 bytes, Stack size 0 bytes, startup_lpc54114_cm0plus.o(.text))
<BR>[Address Reference Count : 1]<UL><LI> startup_lpc54114_cm0plus.o(RESET)
</UL>
<P><STRONG><a name="[14]"></a>FLEXCOMM0_IRQHandler</STRONG> (Thumb, 4 bytes, Stack size 0 bytes, startup_lpc54114_cm0plus.o(.text))
<BR>[Address Reference Count : 1]<UL><LI> startup_lpc54114_cm0plus.o(RESET)
</UL>
<P><STRONG><a name="[15]"></a>FLEXCOMM1_IRQHandler</STRONG> (Thumb, 4 bytes, Stack size 0 bytes, startup_lpc54114_cm0plus.o(.text))
<BR>[Address Reference Count : 1]<UL><LI> startup_lpc54114_cm0plus.o(RESET)
</UL>
<P><STRONG><a name="[16]"></a>FLEXCOMM2_IRQHandler</STRONG> (Thumb, 4 bytes, Stack size 0 bytes, startup_lpc54114_cm0plus.o(.text))
<BR>[Address Reference Count : 1]<UL><LI> startup_lpc54114_cm0plus.o(RESET)
</UL>
<P><STRONG><a name="[17]"></a>FLEXCOMM3_IRQHandler</STRONG> (Thumb, 4 bytes, Stack size 0 bytes, startup_lpc54114_cm0plus.o(.text))
<BR>[Address Reference Count : 1]<UL><LI> startup_lpc54114_cm0plus.o(RESET)
</UL>
<P><STRONG><a name="[18]"></a>FLEXCOMM4_IRQHandler</STRONG> (Thumb, 4 bytes, Stack size 0 bytes, startup_lpc54114_cm0plus.o(.text))
<BR>[Address Reference Count : 1]<UL><LI> startup_lpc54114_cm0plus.o(RESET)
</UL>
<P><STRONG><a name="[19]"></a>FLEXCOMM5_IRQHandler</STRONG> (Thumb, 4 bytes, Stack size 0 bytes, startup_lpc54114_cm0plus.o(.text))
<BR>[Address Reference Count : 1]<UL><LI> startup_lpc54114_cm0plus.o(RESET)
</UL>
<P><STRONG><a name="[1a]"></a>FLEXCOMM6_IRQHandler</STRONG> (Thumb, 4 bytes, Stack size 0 bytes, startup_lpc54114_cm0plus.o(.text))
<BR>[Address Reference Count : 1]<UL><LI> startup_lpc54114_cm0plus.o(RESET)
</UL>
<P><STRONG><a name="[1b]"></a>FLEXCOMM7_IRQHandler</STRONG> (Thumb, 4 bytes, Stack size 0 bytes, startup_lpc54114_cm0plus.o(.text))
<BR>[Address Reference Count : 1]<UL><LI> startup_lpc54114_cm0plus.o(RESET)
</UL>
<P><STRONG><a name="[1c]"></a>ADC0_SEQA_IRQHandler</STRONG> (Thumb, 4 bytes, Stack size 0 bytes, startup_lpc54114_cm0plus.o(.text))
<BR>[Address Reference Count : 1]<UL><LI> startup_lpc54114_cm0plus.o(RESET)
</UL>
<P><STRONG><a name="[1d]"></a>ADC0_SEQB_IRQHandler</STRONG> (Thumb, 4 bytes, Stack size 0 bytes, startup_lpc54114_cm0plus.o(.text))
<BR>[Address Reference Count : 1]<UL><LI> startup_lpc54114_cm0plus.o(RESET)
</UL>
<P><STRONG><a name="[1e]"></a>ADC0_THCMP_IRQHandler</STRONG> (Thumb, 4 bytes, Stack size 0 bytes, startup_lpc54114_cm0plus.o(.text))
<BR>[Address Reference Count : 1]<UL><LI> startup_lpc54114_cm0plus.o(RESET)
</UL>
<P><STRONG><a name="[1f]"></a>DMIC0_IRQHandler</STRONG> (Thumb, 4 bytes, Stack size 0 bytes, startup_lpc54114_cm0plus.o(.text))
<BR>[Address Reference Count : 1]<UL><LI> startup_lpc54114_cm0plus.o(RESET)
</UL>
<P><STRONG><a name="[21]"></a>USB0_NEEDCLK_IRQHandler</STRONG> (Thumb, 4 bytes, Stack size 0 bytes, startup_lpc54114_cm0plus.o(.text))
<BR>[Address Reference Count : 1]<UL><LI> startup_lpc54114_cm0plus.o(RESET)
</UL>
<P><STRONG><a name="[22]"></a>USB0_IRQHandler</STRONG> (Thumb, 4 bytes, Stack size 0 bytes, startup_lpc54114_cm0plus.o(.text))
<BR>[Address Reference Count : 1]<UL><LI> startup_lpc54114_cm0plus.o(RESET)
</UL>
<P><STRONG><a name="[23]"></a>RTC_IRQHandler</STRONG> (Thumb, 4 bytes, Stack size 0 bytes, startup_lpc54114_cm0plus.o(.text))
<BR>[Address Reference Count : 1]<UL><LI> startup_lpc54114_cm0plus.o(RESET)
</UL>
<P><STRONG><a name="[24]"></a>IOH_IRQHandler</STRONG> (Thumb, 4 bytes, Stack size 0 bytes, startup_lpc54114_cm0plus.o(.text))
<BR>[Address Reference Count : 1]<UL><LI> startup_lpc54114_cm0plus.o(RESET)
</UL>
<P><STRONG><a name="[25]"></a>MAILBOX_IRQHandler</STRONG> (Thumb, 4 bytes, Stack size 0 bytes, startup_lpc54114_cm0plus.o(.text))
<BR>[Address Reference Count : 1]<UL><LI> startup_lpc54114_cm0plus.o(RESET)
</UL>
<P><STRONG><a name="[3f]"></a>ADC0_SEQA_DriverIRQHandler</STRONG> (Thumb, 0 bytes, Stack size 0 bytes, startup_lpc54114_cm0plus.o(.text))
<BR><BR>[Calls]<UL><LI><a href="#[3f]">&gt;&gt;</a>&nbsp;&nbsp;&nbsp;ADC0_SEQA_DriverIRQHandler
</UL>
<BR>[Called By]<UL><LI><a href="#[3f]">&gt;&gt;</a>&nbsp;&nbsp;&nbsp;ADC0_SEQA_DriverIRQHandler
</UL>
<BR>[Address Reference Count : 1]<UL><LI> startup_lpc54114_cm0plus.o(.text)
</UL>
<P><STRONG><a name="[40]"></a>ADC0_SEQB_DriverIRQHandler</STRONG> (Thumb, 0 bytes, Stack size 0 bytes, startup_lpc54114_cm0plus.o(.text))
<BR>[Address Reference Count : 1]<UL><LI> startup_lpc54114_cm0plus.o(.text)
</UL>
<P><STRONG><a name="[41]"></a>ADC0_THCMP_DriverIRQHandler</STRONG> (Thumb, 0 bytes, Stack size 0 bytes, startup_lpc54114_cm0plus.o(.text))
<BR>[Address Reference Count : 1]<UL><LI> startup_lpc54114_cm0plus.o(.text)
</UL>
<P><STRONG><a name="[43]"></a>HWVAD0_DriverIRQHandler</STRONG> (Thumb, 0 bytes, Stack size 0 bytes, startup_lpc54114_cm0plus.o(.text))
<BR>[Address Reference Count : 1]<UL><LI> startup_lpc54114_cm0plus.o(.text)
</UL>
<P><STRONG><a name="[47]"></a>IOH_DriverIRQHandler</STRONG> (Thumb, 0 bytes, Stack size 0 bytes, startup_lpc54114_cm0plus.o(.text))
<BR>[Address Reference Count : 1]<UL><LI> startup_lpc54114_cm0plus.o(.text)
</UL>
<P><STRONG><a name="[48]"></a>MAILBOX_DriverIRQHandler</STRONG> (Thumb, 0 bytes, Stack size 0 bytes, startup_lpc54114_cm0plus.o(.text))
<BR>[Address Reference Count : 1]<UL><LI> startup_lpc54114_cm0plus.o(.text)
</UL>
<P><STRONG><a name="[32]"></a>MRT0_DriverIRQHandler</STRONG> (Thumb, 0 bytes, Stack size 0 bytes, startup_lpc54114_cm0plus.o(.text))
<BR>[Address Reference Count : 1]<UL><LI> startup_lpc54114_cm0plus.o(.text)
</UL>
<P><STRONG><a name="[46]"></a>RTC_DriverIRQHandler</STRONG> (Thumb, 0 bytes, Stack size 0 bytes, startup_lpc54114_cm0plus.o(.text))
<BR>[Address Reference Count : 1]<UL><LI> startup_lpc54114_cm0plus.o(.text)
</UL>
<P><STRONG><a name="[35]"></a>SCT0_DriverIRQHandler</STRONG> (Thumb, 0 bytes, Stack size 0 bytes, startup_lpc54114_cm0plus.o(.text))
<BR>[Address Reference Count : 1]<UL><LI> startup_lpc54114_cm0plus.o(.text)
</UL>
<P><STRONG><a name="[45]"></a>USB0_DriverIRQHandler</STRONG> (Thumb, 0 bytes, Stack size 0 bytes, startup_lpc54114_cm0plus.o(.text))
<BR>[Address Reference Count : 1]<UL><LI> startup_lpc54114_cm0plus.o(.text)
</UL>
<P><STRONG><a name="[44]"></a>USB0_NEEDCLK_DriverIRQHandler</STRONG> (Thumb, 0 bytes, Stack size 0 bytes, startup_lpc54114_cm0plus.o(.text))
<BR>[Address Reference Count : 1]<UL><LI> startup_lpc54114_cm0plus.o(.text)
</UL>
<P><STRONG><a name="[29]"></a>WDT_BOD_DriverIRQHandler</STRONG> (Thumb, 0 bytes, Stack size 0 bytes, startup_lpc54114_cm0plus.o(.text))
<BR>[Address Reference Count : 1]<UL><LI> startup_lpc54114_cm0plus.o(.text)
</UL>
<P><STRONG><a name="[56]"></a>__scatterload</STRONG> (Thumb, 28 bytes, Stack size 0 bytes, init.o(.text))
<BR><BR>[Calls]<UL><LI><a href="#[57]">&gt;&gt;</a>&nbsp;&nbsp;&nbsp;__main_after_scatterload
</UL>
<BR>[Called By]<UL><LI><a href="#[55]">&gt;&gt;</a>&nbsp;&nbsp;&nbsp;_main_scatterload
</UL>

<P><STRONG><a name="[73]"></a>__scatterload_rt2</STRONG> (Thumb, 0 bytes, Stack size 0 bytes, init.o(.text), UNUSED)

<P><STRONG><a name="[33]"></a>CTIMER0_DriverIRQHandler</STRONG> (Thumb, 10 bytes, Stack size 8 bytes, fsl_ctimer.o(i.CTIMER0_DriverIRQHandler))
<BR><BR>[Stack]<UL><LI>Max Depth = 32<LI>Call Chain = CTIMER0_DriverIRQHandler &rArr; CTIMER_GenericIRQHandler
</UL>
<BR>[Calls]<UL><LI><a href="#[58]">&gt;&gt;</a>&nbsp;&nbsp;&nbsp;CTIMER_GenericIRQHandler
</UL>
<BR>[Address Reference Count : 1]<UL><LI> startup_lpc54114_cm0plus.o(.text)
</UL>
<P><STRONG><a name="[34]"></a>CTIMER1_DriverIRQHandler</STRONG> (Thumb, 10 bytes, Stack size 8 bytes, fsl_ctimer.o(i.CTIMER1_DriverIRQHandler))
<BR><BR>[Stack]<UL><LI>Max Depth = 32<LI>Call Chain = CTIMER1_DriverIRQHandler &rArr; CTIMER_GenericIRQHandler
</UL>
<BR>[Calls]<UL><LI><a href="#[58]">&gt;&gt;</a>&nbsp;&nbsp;&nbsp;CTIMER_GenericIRQHandler
</UL>
<BR>[Address Reference Count : 1]<UL><LI> startup_lpc54114_cm0plus.o(.text)
</UL>
<P><STRONG><a name="[36]"></a>CTIMER3_DriverIRQHandler</STRONG> (Thumb, 10 bytes, Stack size 8 bytes, fsl_ctimer.o(i.CTIMER3_DriverIRQHandler))
<BR><BR>[Stack]<UL><LI>Max Depth = 32<LI>Call Chain = CTIMER3_DriverIRQHandler &rArr; CTIMER_GenericIRQHandler
</UL>
<BR>[Calls]<UL><LI><a href="#[58]">&gt;&gt;</a>&nbsp;&nbsp;&nbsp;CTIMER_GenericIRQHandler
</UL>
<BR>[Address Reference Count : 1]<UL><LI> startup_lpc54114_cm0plus.o(.text)
</UL>
<P><STRONG><a name="[58]"></a>CTIMER_GenericIRQHandler</STRONG> (Thumb, 110 bytes, Stack size 24 bytes, fsl_ctimer.o(i.CTIMER_GenericIRQHandler))
<BR><BR>[Stack]<UL><LI>Max Depth = 24<LI>Call Chain = CTIMER_GenericIRQHandler
</UL>
<BR>[Calls]<UL><LI><a href="#[59]">&gt;&gt;</a>&nbsp;&nbsp;&nbsp;CTIMER_ClearStatusFlags
</UL>
<BR>[Called By]<UL><LI><a href="#[36]">&gt;&gt;</a>&nbsp;&nbsp;&nbsp;CTIMER3_DriverIRQHandler
<LI><a href="#[34]">&gt;&gt;</a>&nbsp;&nbsp;&nbsp;CTIMER1_DriverIRQHandler
<LI><a href="#[33]">&gt;&gt;</a>&nbsp;&nbsp;&nbsp;CTIMER0_DriverIRQHandler
</UL>

<P><STRONG><a name="[2a]"></a>DMA0_DriverIRQHandler</STRONG> (Thumb, 160 bytes, Stack size 24 bytes, fsl_dma.o(i.DMA0_DriverIRQHandler))
<BR><BR>[Stack]<UL><LI>Max Depth = 24<LI>Call Chain = DMA0_DriverIRQHandler
</UL>
<BR>[Address Reference Count : 1]<UL><LI> startup_lpc54114_cm0plus.o(.text)
</UL>
<P><STRONG><a name="[42]"></a>DMIC0_DriverIRQHandler</STRONG> (Thumb, 18 bytes, Stack size 8 bytes, fsl_dmic.o(i.DMIC0_DriverIRQHandler))
<BR><BR>[Stack]<UL><LI>Max Depth = 8<LI>Call Chain = DMIC0_DriverIRQHandler
</UL>
<BR>[Address Reference Count : 1]<UL><LI> startup_lpc54114_cm0plus.o(.text)
</UL>
<P><STRONG><a name="[37]"></a>FLEXCOMM0_DriverIRQHandler</STRONG> (Thumb, 18 bytes, Stack size 8 bytes, fsl_flexcomm.o(i.FLEXCOMM0_DriverIRQHandler))
<BR><BR>[Stack]<UL><LI>Max Depth = 8<LI>Call Chain = FLEXCOMM0_DriverIRQHandler
</UL>
<BR>[Address Reference Count : 1]<UL><LI> startup_lpc54114_cm0plus.o(.text)
</UL>
<P><STRONG><a name="[38]"></a>FLEXCOMM1_DriverIRQHandler</STRONG> (Thumb, 18 bytes, Stack size 8 bytes, fsl_flexcomm.o(i.FLEXCOMM1_DriverIRQHandler))
<BR><BR>[Stack]<UL><LI>Max Depth = 8<LI>Call Chain = FLEXCOMM1_DriverIRQHandler
</UL>
<BR>[Address Reference Count : 1]<UL><LI> startup_lpc54114_cm0plus.o(.text)
</UL>
<P><STRONG><a name="[39]"></a>FLEXCOMM2_DriverIRQHandler</STRONG> (Thumb, 18 bytes, Stack size 8 bytes, fsl_flexcomm.o(i.FLEXCOMM2_DriverIRQHandler))
<BR><BR>[Stack]<UL><LI>Max Depth = 8<LI>Call Chain = FLEXCOMM2_DriverIRQHandler
</UL>
<BR>[Address Reference Count : 1]<UL><LI> startup_lpc54114_cm0plus.o(.text)
</UL>
<P><STRONG><a name="[3a]"></a>FLEXCOMM3_DriverIRQHandler</STRONG> (Thumb, 18 bytes, Stack size 8 bytes, fsl_flexcomm.o(i.FLEXCOMM3_DriverIRQHandler))
<BR><BR>[Stack]<UL><LI>Max Depth = 8<LI>Call Chain = FLEXCOMM3_DriverIRQHandler
</UL>
<BR>[Address Reference Count : 1]<UL><LI> startup_lpc54114_cm0plus.o(.text)
</UL>
<P><STRONG><a name="[3b]"></a>FLEXCOMM4_DriverIRQHandler</STRONG> (Thumb, 18 bytes, Stack size 8 bytes, fsl_flexcomm.o(i.FLEXCOMM4_DriverIRQHandler))
<BR><BR>[Stack]<UL><LI>Max Depth = 8<LI>Call Chain = FLEXCOMM4_DriverIRQHandler
</UL>
<BR>[Address Reference Count : 1]<UL><LI> startup_lpc54114_cm0plus.o(.text)
</UL>
<P><STRONG><a name="[3c]"></a>FLEXCOMM5_DriverIRQHandler</STRONG> (Thumb, 18 bytes, Stack size 8 bytes, fsl_flexcomm.o(i.FLEXCOMM5_DriverIRQHandler))
<BR><BR>[Stack]<UL><LI>Max Depth = 8<LI>Call Chain = FLEXCOMM5_DriverIRQHandler
</UL>
<BR>[Address Reference Count : 1]<UL><LI> startup_lpc54114_cm0plus.o(.text)
</UL>
<P><STRONG><a name="[3d]"></a>FLEXCOMM6_DriverIRQHandler</STRONG> (Thumb, 18 bytes, Stack size 8 bytes, fsl_flexcomm.o(i.FLEXCOMM6_DriverIRQHandler))
<BR><BR>[Stack]<UL><LI>Max Depth = 8<LI>Call Chain = FLEXCOMM6_DriverIRQHandler
</UL>
<BR>[Address Reference Count : 1]<UL><LI> startup_lpc54114_cm0plus.o(.text)
</UL>
<P><STRONG><a name="[3e]"></a>FLEXCOMM7_DriverIRQHandler</STRONG> (Thumb, 18 bytes, Stack size 8 bytes, fsl_flexcomm.o(i.FLEXCOMM7_DriverIRQHandler))
<BR><BR>[Stack]<UL><LI>Max Depth = 8<LI>Call Chain = FLEXCOMM7_DriverIRQHandler
</UL>
<BR>[Address Reference Count : 1]<UL><LI> startup_lpc54114_cm0plus.o(.text)
</UL>
<P><STRONG><a name="[2b]"></a>GINT0_DriverIRQHandler</STRONG> (Thumb, 34 bytes, Stack size 8 bytes, fsl_gint.o(i.GINT0_DriverIRQHandler))
<BR><BR>[Stack]<UL><LI>Max Depth = 8<LI>Call Chain = GINT0_DriverIRQHandler
</UL>
<BR>[Address Reference Count : 1]<UL><LI> startup_lpc54114_cm0plus.o(.text)
</UL>
<P><STRONG><a name="[2c]"></a>GINT1_DriverIRQHandler</STRONG> (Thumb, 34 bytes, Stack size 8 bytes, fsl_gint.o(i.GINT1_DriverIRQHandler))
<BR><BR>[Stack]<UL><LI>Max Depth = 8<LI>Call Chain = GINT1_DriverIRQHandler
</UL>
<BR>[Address Reference Count : 1]<UL><LI> startup_lpc54114_cm0plus.o(.text)
</UL>
<P><STRONG><a name="[20]"></a>HWVAD0_IRQHandler</STRONG> (Thumb, 18 bytes, Stack size 8 bytes, fsl_dmic.o(i.HWVAD0_IRQHandler))
<BR><BR>[Stack]<UL><LI>Max Depth = 8<LI>Call Chain = HWVAD0_IRQHandler
</UL>
<BR>[Address Reference Count : 1]<UL><LI> startup_lpc54114_cm0plus.o(RESET)
</UL>
<P><STRONG><a name="[67]"></a>INPUTMUX_AttachSignal</STRONG> (Thumb, 14 bytes, Stack size 16 bytes, fsl_inputmux.o(i.INPUTMUX_AttachSignal))
<BR><BR>[Stack]<UL><LI>Max Depth = 16<LI>Call Chain = INPUTMUX_AttachSignal
</UL>
<BR>[Called By]<UL><LI><a href="#[26]">&gt;&gt;</a>&nbsp;&nbsp;&nbsp;main
</UL>

<P><STRONG><a name="[68]"></a>INPUTMUX_Deinit</STRONG> (Thumb, 44 bytes, Stack size 12 bytes, fsl_inputmux.o(i.INPUTMUX_Deinit))
<BR><BR>[Stack]<UL><LI>Max Depth = 12<LI>Call Chain = INPUTMUX_Deinit
</UL>
<BR>[Called By]<UL><LI><a href="#[26]">&gt;&gt;</a>&nbsp;&nbsp;&nbsp;main
</UL>

<P><STRONG><a name="[66]"></a>INPUTMUX_Init</STRONG> (Thumb, 44 bytes, Stack size 12 bytes, fsl_inputmux.o(i.INPUTMUX_Init))
<BR><BR>[Stack]<UL><LI>Max Depth = 12<LI>Call Chain = INPUTMUX_Init
</UL>
<BR>[Called By]<UL><LI><a href="#[26]">&gt;&gt;</a>&nbsp;&nbsp;&nbsp;main
</UL>

<P><STRONG><a name="[5b]"></a>MCMGR_GetCurrentCore</STRONG> (Thumb, 10 bytes, Stack size 8 bytes, mcmgr.o(i.MCMGR_GetCurrentCore))
<BR><BR>[Stack]<UL><LI>Max Depth = 8<LI>Call Chain = MCMGR_GetCurrentCore
</UL>
<BR>[Called By]<UL><LI><a href="#[5a]">&gt;&gt;</a>&nbsp;&nbsp;&nbsp;MCMGR_Init
</UL>

<P><STRONG><a name="[64]"></a>MCMGR_GetStartupData</STRONG> (Thumb, 38 bytes, Stack size 16 bytes, mcmgr.o(i.MCMGR_GetStartupData))
<BR><BR>[Stack]<UL><LI>Max Depth = 16<LI>Call Chain = MCMGR_GetStartupData
</UL>
<BR>[Called By]<UL><LI><a href="#[26]">&gt;&gt;</a>&nbsp;&nbsp;&nbsp;main
</UL>

<P><STRONG><a name="[5a]"></a>MCMGR_Init</STRONG> (Thumb, 38 bytes, Stack size 8 bytes, mcmgr.o(i.MCMGR_Init))
<BR><BR>[Stack]<UL><LI>Max Depth = 16<LI>Call Chain = MCMGR_Init &rArr; MCMGR_GetCurrentCore
</UL>
<BR>[Calls]<UL><LI><a href="#[5b]">&gt;&gt;</a>&nbsp;&nbsp;&nbsp;MCMGR_GetCurrentCore
</UL>
<BR>[Called By]<UL><LI><a href="#[26]">&gt;&gt;</a>&nbsp;&nbsp;&nbsp;main
</UL>

<P><STRONG><a name="[6a]"></a>MCMGR_SignalReady</STRONG> (Thumb, 34 bytes, Stack size 8 bytes, mcmgr.o(i.MCMGR_SignalReady))
<BR><BR>[Stack]<UL><LI>Max Depth = 8<LI>Call Chain = MCMGR_SignalReady
</UL>
<BR>[Called By]<UL><LI><a href="#[26]">&gt;&gt;</a>&nbsp;&nbsp;&nbsp;main
</UL>

<P><STRONG><a name="[5c]"></a>PINT_EnableCallback</STRONG> (Thumb, 72 bytes, Stack size 16 bytes, fsl_pint.o(i.PINT_EnableCallback))
<BR><BR>[Stack]<UL><LI>Max Depth = 16<LI>Call Chain = PINT_EnableCallback
</UL>
<BR>[Calls]<UL><LI><a href="#[5e]">&gt;&gt;</a>&nbsp;&nbsp;&nbsp;PINT_PinInterruptClrStatus
<LI><a href="#[5d]">&gt;&gt;</a>&nbsp;&nbsp;&nbsp;NVIC_ClearPendingIRQ
</UL>
<BR>[Called By]<UL><LI><a href="#[26]">&gt;&gt;</a>&nbsp;&nbsp;&nbsp;main
</UL>

<P><STRONG><a name="[5f]"></a>PINT_Init</STRONG> (Thumb, 92 bytes, Stack size 24 bytes, fsl_pint.o(i.PINT_Init))
<BR><BR>[Stack]<UL><LI>Max Depth = 44<LI>Call Chain = PINT_Init &rArr; RESET_PeripheralReset &rArr; RESET_SetPeripheralReset
</UL>
<BR>[Calls]<UL><LI><a href="#[60]">&gt;&gt;</a>&nbsp;&nbsp;&nbsp;RESET_PeripheralReset
</UL>
<BR>[Called By]<UL><LI><a href="#[26]">&gt;&gt;</a>&nbsp;&nbsp;&nbsp;main
</UL>

<P><STRONG><a name="[61]"></a>PINT_PatternMatchResetDetectLogic</STRONG> (Thumb, 20 bytes, Stack size 8 bytes, fsl_pint.o(i.PINT_PatternMatchResetDetectLogic))
<BR><BR>[Stack]<UL><LI>Max Depth = 8<LI>Call Chain = PINT_PatternMatchResetDetectLogic
</UL>
<BR>[Called By]<UL><LI><a href="#[30]">&gt;&gt;</a>&nbsp;&nbsp;&nbsp;PIN_INT3_DriverIRQHandler
<LI><a href="#[2f]">&gt;&gt;</a>&nbsp;&nbsp;&nbsp;PIN_INT2_DriverIRQHandler
<LI><a href="#[2e]">&gt;&gt;</a>&nbsp;&nbsp;&nbsp;PIN_INT1_DriverIRQHandler
<LI><a href="#[2d]">&gt;&gt;</a>&nbsp;&nbsp;&nbsp;PIN_INT0_DriverIRQHandler
</UL>

<P><STRONG><a name="[69]"></a>PINT_PinInterruptConfig</STRONG> (Thumb, 102 bytes, Stack size 12 bytes, fsl_pint.o(i.PINT_PinInterruptConfig))
<BR><BR>[Stack]<UL><LI>Max Depth = 12<LI>Call Chain = PINT_PinInterruptConfig
</UL>
<BR>[Called By]<UL><LI><a href="#[26]">&gt;&gt;</a>&nbsp;&nbsp;&nbsp;main
</UL>

<P><STRONG><a name="[2d]"></a>PIN_INT0_DriverIRQHandler</STRONG> (Thumb, 38 bytes, Stack size 8 bytes, fsl_pint.o(i.PIN_INT0_DriverIRQHandler))
<BR><BR>[Stack]<UL><LI>Max Depth = 16<LI>Call Chain = PIN_INT0_DriverIRQHandler &rArr; PINT_PatternMatchResetDetectLogic
</UL>
<BR>[Calls]<UL><LI><a href="#[61]">&gt;&gt;</a>&nbsp;&nbsp;&nbsp;PINT_PatternMatchResetDetectLogic
<LI><a href="#[5e]">&gt;&gt;</a>&nbsp;&nbsp;&nbsp;PINT_PinInterruptClrStatus
</UL>
<BR>[Address Reference Count : 1]<UL><LI> startup_lpc54114_cm0plus.o(.text)
</UL>
<P><STRONG><a name="[2e]"></a>PIN_INT1_DriverIRQHandler</STRONG> (Thumb, 38 bytes, Stack size 8 bytes, fsl_pint.o(i.PIN_INT1_DriverIRQHandler))
<BR><BR>[Stack]<UL><LI>Max Depth = 16<LI>Call Chain = PIN_INT1_DriverIRQHandler &rArr; PINT_PatternMatchResetDetectLogic
</UL>
<BR>[Calls]<UL><LI><a href="#[61]">&gt;&gt;</a>&nbsp;&nbsp;&nbsp;PINT_PatternMatchResetDetectLogic
<LI><a href="#[5e]">&gt;&gt;</a>&nbsp;&nbsp;&nbsp;PINT_PinInterruptClrStatus
</UL>
<BR>[Address Reference Count : 1]<UL><LI> startup_lpc54114_cm0plus.o(.text)
</UL>
<P><STRONG><a name="[2f]"></a>PIN_INT2_DriverIRQHandler</STRONG> (Thumb, 38 bytes, Stack size 8 bytes, fsl_pint.o(i.PIN_INT2_DriverIRQHandler))
<BR><BR>[Stack]<UL><LI>Max Depth = 16<LI>Call Chain = PIN_INT2_DriverIRQHandler &rArr; PINT_PatternMatchResetDetectLogic
</UL>
<BR>[Calls]<UL><LI><a href="#[61]">&gt;&gt;</a>&nbsp;&nbsp;&nbsp;PINT_PatternMatchResetDetectLogic
<LI><a href="#[5e]">&gt;&gt;</a>&nbsp;&nbsp;&nbsp;PINT_PinInterruptClrStatus
</UL>
<BR>[Address Reference Count : 1]<UL><LI> startup_lpc54114_cm0plus.o(.text)
</UL>
<P><STRONG><a name="[30]"></a>PIN_INT3_DriverIRQHandler</STRONG> (Thumb, 38 bytes, Stack size 8 bytes, fsl_pint.o(i.PIN_INT3_DriverIRQHandler))
<BR><BR>[Stack]<UL><LI>Max Depth = 16<LI>Call Chain = PIN_INT3_DriverIRQHandler &rArr; PINT_PatternMatchResetDetectLogic
</UL>
<BR>[Calls]<UL><LI><a href="#[61]">&gt;&gt;</a>&nbsp;&nbsp;&nbsp;PINT_PatternMatchResetDetectLogic
<LI><a href="#[5e]">&gt;&gt;</a>&nbsp;&nbsp;&nbsp;PINT_PinInterruptClrStatus
</UL>
<BR>[Address Reference Count : 1]<UL><LI> startup_lpc54114_cm0plus.o(.text)
</UL>
<P><STRONG><a name="[63]"></a>RESET_ClearPeripheralReset</STRONG> (Thumb, 60 bytes, Stack size 12 bytes, fsl_reset.o(i.RESET_ClearPeripheralReset))
<BR><BR>[Stack]<UL><LI>Max Depth = 12<LI>Call Chain = RESET_ClearPeripheralReset
</UL>
<BR>[Called By]<UL><LI><a href="#[60]">&gt;&gt;</a>&nbsp;&nbsp;&nbsp;RESET_PeripheralReset
</UL>

<P><STRONG><a name="[60]"></a>RESET_PeripheralReset</STRONG> (Thumb, 18 bytes, Stack size 8 bytes, fsl_reset.o(i.RESET_PeripheralReset))
<BR><BR>[Stack]<UL><LI>Max Depth = 20<LI>Call Chain = RESET_PeripheralReset &rArr; RESET_SetPeripheralReset
</UL>
<BR>[Calls]<UL><LI><a href="#[62]">&gt;&gt;</a>&nbsp;&nbsp;&nbsp;RESET_SetPeripheralReset
<LI><a href="#[63]">&gt;&gt;</a>&nbsp;&nbsp;&nbsp;RESET_ClearPeripheralReset
</UL>
<BR>[Called By]<UL><LI><a href="#[5f]">&gt;&gt;</a>&nbsp;&nbsp;&nbsp;PINT_Init
</UL>

<P><STRONG><a name="[62]"></a>RESET_SetPeripheralReset</STRONG> (Thumb, 58 bytes, Stack size 12 bytes, fsl_reset.o(i.RESET_SetPeripheralReset))
<BR><BR>[Stack]<UL><LI>Max Depth = 12<LI>Call Chain = RESET_SetPeripheralReset
</UL>
<BR>[Called By]<UL><LI><a href="#[60]">&gt;&gt;</a>&nbsp;&nbsp;&nbsp;RESET_PeripheralReset
</UL>

<P><STRONG><a name="[12]"></a>SCT0_IRQHandler</STRONG> (Thumb, 12 bytes, Stack size 8 bytes, fsl_sctimer.o(i.SCT0_IRQHandler))
<BR><BR>[Stack]<UL><LI>Max Depth = 8<LI>Call Chain = SCT0_IRQHandler
</UL>
<BR>[Address Reference Count : 1]<UL><LI> startup_lpc54114_cm0plus.o(RESET)
</UL>
<P><STRONG><a name="[27]"></a>SystemInit</STRONG> (Thumb, 8 bytes, Stack size 0 bytes, system_lpc54114_cm0plus.o(i.SystemInit))
<BR>[Address Reference Count : 1]<UL><LI> startup_lpc54114_cm0plus.o(.text)
</UL>
<P><STRONG><a name="[31]"></a>UTICK0_DriverIRQHandler</STRONG> (Thumb, 16 bytes, Stack size 8 bytes, fsl_utick.o(i.UTICK0_DriverIRQHandler))
<BR><BR>[Stack]<UL><LI>Max Depth = 8<LI>Call Chain = UTICK0_DriverIRQHandler
</UL>
<BR>[Address Reference Count : 1]<UL><LI> startup_lpc54114_cm0plus.o(.text)
</UL>
<P><STRONG><a name="[74]"></a>__scatterload_copy</STRONG> (Thumb, 14 bytes, Stack size unknown bytes, handlers.o(i.__scatterload_copy), UNUSED)

<P><STRONG><a name="[75]"></a>__scatterload_null</STRONG> (Thumb, 2 bytes, Stack size unknown bytes, handlers.o(i.__scatterload_null), UNUSED)

<P><STRONG><a name="[76]"></a>__scatterload_zeroinit</STRONG> (Thumb, 14 bytes, Stack size unknown bytes, handlers.o(i.__scatterload_zeroinit), UNUSED)

<P><STRONG><a name="[65]"></a>delay</STRONG> (Thumb, 28 bytes, Stack size 8 bytes, main_m0p.o(i.delay))
<BR><BR>[Stack]<UL><LI>Max Depth = 8<LI>Call Chain = delay
</UL>
<BR>[Called By]<UL><LI><a href="#[26]">&gt;&gt;</a>&nbsp;&nbsp;&nbsp;main
</UL>

<P><STRONG><a name="[26]"></a>main</STRONG> (Thumb, 174 bytes, Stack size 8 bytes, main_m0p.o(i.main))
<BR><BR>[Stack]<UL><LI>Max Depth = 52<LI>Call Chain = main &rArr; PINT_Init &rArr; RESET_PeripheralReset &rArr; RESET_SetPeripheralReset
</UL>
<BR>[Calls]<UL><LI><a href="#[69]">&gt;&gt;</a>&nbsp;&nbsp;&nbsp;PINT_PinInterruptConfig
<LI><a href="#[5f]">&gt;&gt;</a>&nbsp;&nbsp;&nbsp;PINT_Init
<LI><a href="#[5c]">&gt;&gt;</a>&nbsp;&nbsp;&nbsp;PINT_EnableCallback
<LI><a href="#[6a]">&gt;&gt;</a>&nbsp;&nbsp;&nbsp;MCMGR_SignalReady
<LI><a href="#[5a]">&gt;&gt;</a>&nbsp;&nbsp;&nbsp;MCMGR_Init
<LI><a href="#[64]">&gt;&gt;</a>&nbsp;&nbsp;&nbsp;MCMGR_GetStartupData
<LI><a href="#[66]">&gt;&gt;</a>&nbsp;&nbsp;&nbsp;INPUTMUX_Init
<LI><a href="#[68]">&gt;&gt;</a>&nbsp;&nbsp;&nbsp;INPUTMUX_Deinit
<LI><a href="#[67]">&gt;&gt;</a>&nbsp;&nbsp;&nbsp;INPUTMUX_AttachSignal
<LI><a href="#[65]">&gt;&gt;</a>&nbsp;&nbsp;&nbsp;delay
</UL>
<BR>[Address Reference Count : 1]<UL><LI> entry9a.o(.ARM.Collect$$$$0000000B)
</UL>
<P><STRONG><a name="[49]"></a>pint0_callback</STRONG> (Thumb, 148 bytes, Stack size 16 bytes, main_m0p.o(i.pint0_callback))
<BR><BR>[Stack]<UL><LI>Max Depth = 16<LI>Call Chain = pint0_callback
</UL>
<BR>[Calls]<UL><LI><a href="#[6c]">&gt;&gt;</a>&nbsp;&nbsp;&nbsp;GPIO_ReadPinsInput
</UL>
<BR>[Address Reference Count : 1]<UL><LI> main_m0p.o(i.main)
</UL>
<P><STRONG><a name="[4a]"></a>pint1_callback</STRONG> (Thumb, 148 bytes, Stack size 16 bytes, main_m0p.o(i.pint1_callback))
<BR><BR>[Stack]<UL><LI>Max Depth = 16<LI>Call Chain = pint1_callback
</UL>
<BR>[Calls]<UL><LI><a href="#[6c]">&gt;&gt;</a>&nbsp;&nbsp;&nbsp;GPIO_ReadPinsInput
</UL>
<BR>[Address Reference Count : 1]<UL><LI> main_m0p.o(i.main)
</UL>
<P><STRONG><a name="[4b]"></a>pint2_callback</STRONG> (Thumb, 148 bytes, Stack size 16 bytes, main_m0p.o(i.pint2_callback))
<BR><BR>[Stack]<UL><LI>Max Depth = 16<LI>Call Chain = pint2_callback
</UL>
<BR>[Calls]<UL><LI><a href="#[6c]">&gt;&gt;</a>&nbsp;&nbsp;&nbsp;GPIO_ReadPinsInput
</UL>
<BR>[Address Reference Count : 1]<UL><LI> main_m0p.o(i.main)
</UL>
<P><STRONG><a name="[4c]"></a>pint3_callback</STRONG> (Thumb, 148 bytes, Stack size 16 bytes, main_m0p.o(i.pint3_callback))
<BR><BR>[Stack]<UL><LI>Max Depth = 16<LI>Call Chain = pint3_callback
</UL>
<BR>[Calls]<UL><LI><a href="#[6c]">&gt;&gt;</a>&nbsp;&nbsp;&nbsp;GPIO_ReadPinsInput
</UL>
<BR>[Address Reference Count : 1]<UL><LI> main_m0p.o(i.main)
</UL><P>
<H3>
Local Symbols
</H3>
<P><STRONG><a name="[6c]"></a>GPIO_ReadPinsInput</STRONG> (Thumb, 14 bytes, Stack size 0 bytes, main_m0p.o(i.GPIO_ReadPinsInput))
<BR><BR>[Called By]<UL><LI><a href="#[4c]">&gt;&gt;</a>&nbsp;&nbsp;&nbsp;pint3_callback
<LI><a href="#[4b]">&gt;&gt;</a>&nbsp;&nbsp;&nbsp;pint2_callback
<LI><a href="#[4a]">&gt;&gt;</a>&nbsp;&nbsp;&nbsp;pint1_callback
<LI><a href="#[49]">&gt;&gt;</a>&nbsp;&nbsp;&nbsp;pint0_callback
</UL>

<P><STRONG><a name="[59]"></a>CTIMER_ClearStatusFlags</STRONG> (Thumb, 4 bytes, Stack size 0 bytes, fsl_ctimer.o(i.CTIMER_ClearStatusFlags))
<BR><BR>[Called By]<UL><LI><a href="#[58]">&gt;&gt;</a>&nbsp;&nbsp;&nbsp;CTIMER_GenericIRQHandler
</UL>

<P><STRONG><a name="[5d]"></a>NVIC_ClearPendingIRQ</STRONG> (Thumb, 14 bytes, Stack size 0 bytes, fsl_pint.o(i.NVIC_ClearPendingIRQ))
<BR><BR>[Called By]<UL><LI><a href="#[5c]">&gt;&gt;</a>&nbsp;&nbsp;&nbsp;PINT_EnableCallback
</UL>

<P><STRONG><a name="[5e]"></a>PINT_PinInterruptClrStatus</STRONG> (Thumb, 8 bytes, Stack size 0 bytes, fsl_pint.o(i.PINT_PinInterruptClrStatus))
<BR><BR>[Called By]<UL><LI><a href="#[5c]">&gt;&gt;</a>&nbsp;&nbsp;&nbsp;PINT_EnableCallback
<LI><a href="#[30]">&gt;&gt;</a>&nbsp;&nbsp;&nbsp;PIN_INT3_DriverIRQHandler
<LI><a href="#[2f]">&gt;&gt;</a>&nbsp;&nbsp;&nbsp;PIN_INT2_DriverIRQHandler
<LI><a href="#[2e]">&gt;&gt;</a>&nbsp;&nbsp;&nbsp;PIN_INT1_DriverIRQHandler
<LI><a href="#[2d]">&gt;&gt;</a>&nbsp;&nbsp;&nbsp;PIN_INT0_DriverIRQHandler
</UL>

<P><STRONG><a name="[6b]"></a>MAILBOX_Init</STRONG> (Thumb, 42 bytes, Stack size 12 bytes, mcmgr_internal_core_api_lpc54114.o(i.MAILBOX_Init))
<BR><BR>[Stack]<UL><LI>Max Depth = 12<LI>Call Chain = MAILBOX_Init
</UL>
<BR>[Called By]<UL><LI><a href="#[4d]">&gt;&gt;</a>&nbsp;&nbsp;&nbsp;mcmgr_init_lpc54114
</UL>

<P><STRONG><a name="[53]"></a>mcmgr_get_core_property_lpc54114</STRONG> (Thumb, 8 bytes, Stack size 8 bytes, mcmgr_internal_core_api_lpc54114.o(i.mcmgr_get_core_property_lpc54114))
<BR><BR>[Stack]<UL><LI>Max Depth = 8<LI>Call Chain = mcmgr_get_core_property_lpc54114
</UL>
<BR>[Address Reference Count : 1]<UL><LI> mcmgr_internal_core_api_lpc54114.o(.constdata)
</UL>
<P><STRONG><a name="[54]"></a>mcmgr_get_current_core_lpc54114</STRONG> (Thumb, 4 bytes, Stack size 0 bytes, mcmgr_internal_core_api_lpc54114.o(i.mcmgr_get_current_core_lpc54114))
<BR>[Address Reference Count : 1]<UL><LI> mcmgr_internal_core_api_lpc54114.o(.constdata)
</UL>
<P><STRONG><a name="[50]"></a>mcmgr_get_startup_data_lpc54114</STRONG> (Thumb, 44 bytes, Stack size 12 bytes, mcmgr_internal_core_api_lpc54114.o(i.mcmgr_get_startup_data_lpc54114))
<BR><BR>[Stack]<UL><LI>Max Depth = 12<LI>Call Chain = mcmgr_get_startup_data_lpc54114
</UL>
<BR>[Address Reference Count : 1]<UL><LI> mcmgr_internal_core_api_lpc54114.o(.constdata)
</UL>
<P><STRONG><a name="[4d]"></a>mcmgr_init_lpc54114</STRONG> (Thumb, 40 bytes, Stack size 8 bytes, mcmgr_internal_core_api_lpc54114.o(i.mcmgr_init_lpc54114))
<BR><BR>[Stack]<UL><LI>Max Depth = 20<LI>Call Chain = mcmgr_init_lpc54114 &rArr; MAILBOX_Init
</UL>
<BR>[Calls]<UL><LI><a href="#[6b]">&gt;&gt;</a>&nbsp;&nbsp;&nbsp;MAILBOX_Init
</UL>
<BR>[Address Reference Count : 1]<UL><LI> mcmgr_internal_core_api_lpc54114.o(.constdata)
</UL>
<P><STRONG><a name="[4e]"></a>mcmgr_load_app_lpc54114</STRONG> (Thumb, 6 bytes, Stack size 0 bytes, mcmgr_internal_core_api_lpc54114.o(i.mcmgr_load_app_lpc54114))
<BR>[Address Reference Count : 1]<UL><LI> mcmgr_internal_core_api_lpc54114.o(.constdata)
</UL>
<P><STRONG><a name="[51]"></a>mcmgr_signal_ready_lpc54114</STRONG> (Thumb, 24 bytes, Stack size 0 bytes, mcmgr_internal_core_api_lpc54114.o(i.mcmgr_signal_ready_lpc54114))
<BR>[Address Reference Count : 1]<UL><LI> mcmgr_internal_core_api_lpc54114.o(.constdata)
</UL>
<P><STRONG><a name="[4f]"></a>mcmgr_start_core_lpc54114</STRONG> (Thumb, 112 bytes, Stack size 20 bytes, mcmgr_internal_core_api_lpc54114.o(i.mcmgr_start_core_lpc54114))
<BR><BR>[Stack]<UL><LI>Max Depth = 20<LI>Call Chain = mcmgr_start_core_lpc54114
</UL>
<BR>[Address Reference Count : 1]<UL><LI> mcmgr_internal_core_api_lpc54114.o(.constdata)
</UL>
<P><STRONG><a name="[52]"></a>mcmgr_stop_core_lpc54114</STRONG> (Thumb, 36 bytes, Stack size 0 bytes, mcmgr_internal_core_api_lpc54114.o(i.mcmgr_stop_core_lpc54114))
<BR>[Address Reference Count : 1]<UL><LI> mcmgr_internal_core_api_lpc54114.o(.constdata)
</UL><P>
<H3>
Undefined Global Symbols
</H3><HR></body></html>
