<!doctype html public "-//w3c//dtd html 4.0 transitional//en">
<html><head>
<title>Static Call Graph - [.\Objects\mpu9250_spi_int.out]</title></head>
<body><HR>
<H1>Static Call Graph for image .\Objects\mpu9250_spi_int.out</H1><HR>
<BR><P>#&#060CALLGRAPH&#062# ARM Linker, 5060422: Last Updated: Sun Sep 10 01:13:01 2017
<BR><P>
<H3>Maximum Stack Usage =        516 bytes + Unknown(Cycles, Untraceable Function Pointers)</H3><H3>
Call chain for Maximum Stack Depth:</H3>
main &rArr; InitBleSubsystem &rArr; QN_isp_download &rArr; isp &rArr; qn_api_nvds_put &rArr; nvds_put &rArr; nvds_purge &rArr; DbgConsole_Printf &rArr; DbgConsole_PrintfFormattedData &rArr; DbgConsole_ConvertRadixNumToString
<P>
<H3>
Mutually Recursive functions
</H3> <LI><a href="#[1]">NMI_Handler</a>&nbsp;&nbsp;&nbsp;&rArr;&nbsp;&nbsp;&nbsp;<a href="#[1]">NMI_Handler</a><BR>
 <LI><a href="#[2]">HardFault_Handler</a>&nbsp;&nbsp;&nbsp;&rArr;&nbsp;&nbsp;&nbsp;<a href="#[2]">HardFault_Handler</a><BR>
 <LI><a href="#[3]">MemManage_Handler</a>&nbsp;&nbsp;&nbsp;&rArr;&nbsp;&nbsp;&nbsp;<a href="#[3]">MemManage_Handler</a><BR>
 <LI><a href="#[4]">BusFault_Handler</a>&nbsp;&nbsp;&nbsp;&rArr;&nbsp;&nbsp;&nbsp;<a href="#[4]">BusFault_Handler</a><BR>
 <LI><a href="#[5]">UsageFault_Handler</a>&nbsp;&nbsp;&nbsp;&rArr;&nbsp;&nbsp;&nbsp;<a href="#[5]">UsageFault_Handler</a><BR>
 <LI><a href="#[6]">SVC_Handler</a>&nbsp;&nbsp;&nbsp;&rArr;&nbsp;&nbsp;&nbsp;<a href="#[6]">SVC_Handler</a><BR>
 <LI><a href="#[7]">DebugMon_Handler</a>&nbsp;&nbsp;&nbsp;&rArr;&nbsp;&nbsp;&nbsp;<a href="#[7]">DebugMon_Handler</a><BR>
 <LI><a href="#[8]">PendSV_Handler</a>&nbsp;&nbsp;&nbsp;&rArr;&nbsp;&nbsp;&nbsp;<a href="#[8]">PendSV_Handler</a><BR>
 <LI><a href="#[4b]">ADC0_SEQA_DriverIRQHandler</a>&nbsp;&nbsp;&nbsp;&rArr;&nbsp;&nbsp;&nbsp;<a href="#[4b]">ADC0_SEQA_DriverIRQHandler</a><BR>
 <LI><a href="#[8f]">CLOCK_GetFlexCommClkFreq</a>&nbsp;&nbsp;&nbsp;&rArr;&nbsp;&nbsp;&nbsp;<a href="#[71]">CLOCK_GetFreq</a><BR>
</UL>
<P>
<H3>
Function Pointers
</H3><UL>
 <LI><a href="#[4b]">ADC0_SEQA_DriverIRQHandler</a> from startup_lpc54114_cm4.o(.text) referenced from startup_lpc54114_cm4.o(.text)
 <LI><a href="#[20]">ADC0_SEQA_IRQHandler</a> from startup_lpc54114_cm4.o(.text) referenced from startup_lpc54114_cm4.o(RESET)
 <LI><a href="#[4c]">ADC0_SEQB_DriverIRQHandler</a> from startup_lpc54114_cm4.o(.text) referenced from startup_lpc54114_cm4.o(.text)
 <LI><a href="#[21]">ADC0_SEQB_IRQHandler</a> from startup_lpc54114_cm4.o(.text) referenced from startup_lpc54114_cm4.o(RESET)
 <LI><a href="#[4d]">ADC0_THCMP_DriverIRQHandler</a> from startup_lpc54114_cm4.o(.text) referenced from startup_lpc54114_cm4.o(.text)
 <LI><a href="#[22]">ADC0_THCMP_IRQHandler</a> from startup_lpc54114_cm4.o(.text) referenced from startup_lpc54114_cm4.o(RESET)
 <LI><a href="#[4]">BusFault_Handler</a> from startup_lpc54114_cm4.o(.text) referenced from startup_lpc54114_cm4.o(RESET)
 <LI><a href="#[3f]">CTIMER0_DriverIRQHandler</a> from fsl_ctimer.o(i.CTIMER0_DriverIRQHandler) referenced from startup_lpc54114_cm4.o(.text)
 <LI><a href="#[14]">CTIMER0_IRQHandler</a> from startup_lpc54114_cm4.o(.text) referenced from startup_lpc54114_cm4.o(RESET)
 <LI><a href="#[40]">CTIMER1_DriverIRQHandler</a> from fsl_ctimer.o(i.CTIMER1_DriverIRQHandler) referenced from startup_lpc54114_cm4.o(.text)
 <LI><a href="#[15]">CTIMER1_IRQHandler</a> from startup_lpc54114_cm4.o(.text) referenced from startup_lpc54114_cm4.o(RESET)
 <LI><a href="#[59]">CTIMER2_DriverIRQHandler</a> from fsl_ctimer.o(i.CTIMER2_DriverIRQHandler) referenced from startup_lpc54114_cm4.o(.text)
 <LI><a href="#[2e]">CTIMER2_IRQHandler</a> from startup_lpc54114_cm4.o(.text) referenced from startup_lpc54114_cm4.o(RESET)
 <LI><a href="#[42]">CTIMER3_DriverIRQHandler</a> from fsl_ctimer.o(i.CTIMER3_DriverIRQHandler) referenced from startup_lpc54114_cm4.o(.text)
 <LI><a href="#[17]">CTIMER3_IRQHandler</a> from startup_lpc54114_cm4.o(.text) referenced from startup_lpc54114_cm4.o(RESET)
 <LI><a href="#[5a]">CTIMER4_DriverIRQHandler</a> from fsl_ctimer.o(i.CTIMER4_DriverIRQHandler) referenced from startup_lpc54114_cm4.o(.text)
 <LI><a href="#[2f]">CTIMER4_IRQHandler</a> from startup_lpc54114_cm4.o(.text) referenced from startup_lpc54114_cm4.o(RESET)
 <LI><a href="#[36]">DMA0_DriverIRQHandler</a> from fsl_dma.o(i.DMA0_DriverIRQHandler) referenced from startup_lpc54114_cm4.o(.text)
 <LI><a href="#[b]">DMA0_IRQHandler</a> from startup_lpc54114_cm4.o(.text) referenced from startup_lpc54114_cm4.o(RESET)
 <LI><a href="#[4e]">DMIC0_DriverIRQHandler</a> from fsl_dmic.o(i.DMIC0_DriverIRQHandler) referenced from startup_lpc54114_cm4.o(.text)
 <LI><a href="#[23]">DMIC0_IRQHandler</a> from startup_lpc54114_cm4.o(.text) referenced from startup_lpc54114_cm4.o(RESET)
 <LI><a href="#[5f]">DbgConsole_Putchar</a> from fsl_debug_console.o(i.DbgConsole_Putchar) referenced from fsl_debug_console.o(i.DbgConsole_Printf)
 <LI><a href="#[7]">DebugMon_Handler</a> from startup_lpc54114_cm4.o(.text) referenced from startup_lpc54114_cm4.o(RESET)
 <LI><a href="#[43]">FLEXCOMM0_DriverIRQHandler</a> from fsl_flexcomm.o(i.FLEXCOMM0_DriverIRQHandler) referenced from startup_lpc54114_cm4.o(.text)
 <LI><a href="#[18]">FLEXCOMM0_IRQHandler</a> from startup_lpc54114_cm4.o(.text) referenced from startup_lpc54114_cm4.o(RESET)
 <LI><a href="#[44]">FLEXCOMM1_DriverIRQHandler</a> from fsl_flexcomm.o(i.FLEXCOMM1_DriverIRQHandler) referenced from startup_lpc54114_cm4.o(.text)
 <LI><a href="#[19]">FLEXCOMM1_IRQHandler</a> from startup_lpc54114_cm4.o(.text) referenced from startup_lpc54114_cm4.o(RESET)
 <LI><a href="#[45]">FLEXCOMM2_DriverIRQHandler</a> from fsl_flexcomm.o(i.FLEXCOMM2_DriverIRQHandler) referenced from startup_lpc54114_cm4.o(.text)
 <LI><a href="#[1a]">FLEXCOMM2_IRQHandler</a> from startup_lpc54114_cm4.o(.text) referenced from startup_lpc54114_cm4.o(RESET)
 <LI><a href="#[46]">FLEXCOMM3_DriverIRQHandler</a> from fsl_flexcomm.o(i.FLEXCOMM3_DriverIRQHandler) referenced from startup_lpc54114_cm4.o(.text)
 <LI><a href="#[1b]">FLEXCOMM3_IRQHandler</a> from startup_lpc54114_cm4.o(.text) referenced from startup_lpc54114_cm4.o(RESET)
 <LI><a href="#[47]">FLEXCOMM4_DriverIRQHandler</a> from fsl_flexcomm.o(i.FLEXCOMM4_DriverIRQHandler) referenced from startup_lpc54114_cm4.o(.text)
 <LI><a href="#[1c]">FLEXCOMM4_IRQHandler</a> from startup_lpc54114_cm4.o(.text) referenced from startup_lpc54114_cm4.o(RESET)
 <LI><a href="#[48]">FLEXCOMM5_DriverIRQHandler</a> from fsl_flexcomm.o(i.FLEXCOMM5_DriverIRQHandler) referenced from startup_lpc54114_cm4.o(.text)
 <LI><a href="#[1d]">FLEXCOMM5_IRQHandler</a> from startup_lpc54114_cm4.o(.text) referenced from startup_lpc54114_cm4.o(RESET)
 <LI><a href="#[49]">FLEXCOMM6_DriverIRQHandler</a> from fsl_flexcomm.o(i.FLEXCOMM6_DriverIRQHandler) referenced from startup_lpc54114_cm4.o(.text)
 <LI><a href="#[1e]">FLEXCOMM6_IRQHandler</a> from startup_lpc54114_cm4.o(.text) referenced from startup_lpc54114_cm4.o(RESET)
 <LI><a href="#[4a]">FLEXCOMM7_DriverIRQHandler</a> from fsl_flexcomm.o(i.FLEXCOMM7_DriverIRQHandler) referenced from startup_lpc54114_cm4.o(.text)
 <LI><a href="#[1f]">FLEXCOMM7_IRQHandler</a> from ble_uart_int.o(i.FLEXCOMM7_IRQHandler) referenced from startup_lpc54114_cm4.o(RESET)
 <LI><a href="#[37]">GINT0_DriverIRQHandler</a> from fsl_gint.o(i.GINT0_DriverIRQHandler) referenced from startup_lpc54114_cm4.o(.text)
 <LI><a href="#[c]">GINT0_IRQHandler</a> from startup_lpc54114_cm4.o(.text) referenced from startup_lpc54114_cm4.o(RESET)
 <LI><a href="#[38]">GINT1_DriverIRQHandler</a> from fsl_gint.o(i.GINT1_DriverIRQHandler) referenced from startup_lpc54114_cm4.o(.text)
 <LI><a href="#[d]">GINT1_IRQHandler</a> from startup_lpc54114_cm4.o(.text) referenced from startup_lpc54114_cm4.o(RESET)
 <LI><a href="#[4f]">HWVAD0_DriverIRQHandler</a> from startup_lpc54114_cm4.o(.text) referenced from startup_lpc54114_cm4.o(.text)
 <LI><a href="#[24]">HWVAD0_IRQHandler</a> from fsl_dmic.o(i.HWVAD0_IRQHandler) referenced from startup_lpc54114_cm4.o(RESET)
 <LI><a href="#[2]">HardFault_Handler</a> from startup_lpc54114_cm4.o(.text) referenced from startup_lpc54114_cm4.o(RESET)
 <LI><a href="#[53]">IOH_DriverIRQHandler</a> from startup_lpc54114_cm4.o(.text) referenced from startup_lpc54114_cm4.o(.text)
 <LI><a href="#[28]">IOH_IRQHandler</a> from startup_lpc54114_cm4.o(.text) referenced from startup_lpc54114_cm4.o(RESET)
 <LI><a href="#[54]">MAILBOX_DriverIRQHandler</a> from startup_lpc54114_cm4.o(.text) referenced from startup_lpc54114_cm4.o(.text)
 <LI><a href="#[29]">MAILBOX_IRQHandler</a> from startup_lpc54114_cm4.o(.text) referenced from startup_lpc54114_cm4.o(RESET)
 <LI><a href="#[3e]">MRT0_DriverIRQHandler</a> from startup_lpc54114_cm4.o(.text) referenced from startup_lpc54114_cm4.o(.text)
 <LI><a href="#[13]">MRT0_IRQHandler</a> from startup_lpc54114_cm4.o(.text) referenced from startup_lpc54114_cm4.o(RESET)
 <LI><a href="#[3]">MemManage_Handler</a> from startup_lpc54114_cm4.o(.text) referenced from startup_lpc54114_cm4.o(RESET)
 <LI><a href="#[1]">NMI_Handler</a> from startup_lpc54114_cm4.o(.text) referenced from startup_lpc54114_cm4.o(RESET)
 <LI><a href="#[39]">PIN_INT0_DriverIRQHandler</a> from fsl_pint.o(i.PIN_INT0_DriverIRQHandler) referenced from startup_lpc54114_cm4.o(.text)
 <LI><a href="#[e]">PIN_INT0_IRQHandler</a> from startup_lpc54114_cm4.o(.text) referenced from startup_lpc54114_cm4.o(RESET)
 <LI><a href="#[3a]">PIN_INT1_DriverIRQHandler</a> from fsl_pint.o(i.PIN_INT1_DriverIRQHandler) referenced from startup_lpc54114_cm4.o(.text)
 <LI><a href="#[f]">PIN_INT1_IRQHandler</a> from startup_lpc54114_cm4.o(.text) referenced from startup_lpc54114_cm4.o(RESET)
 <LI><a href="#[3b]">PIN_INT2_DriverIRQHandler</a> from fsl_pint.o(i.PIN_INT2_DriverIRQHandler) referenced from startup_lpc54114_cm4.o(.text)
 <LI><a href="#[10]">PIN_INT2_IRQHandler</a> from startup_lpc54114_cm4.o(.text) referenced from startup_lpc54114_cm4.o(RESET)
 <LI><a href="#[3c]">PIN_INT3_DriverIRQHandler</a> from fsl_pint.o(i.PIN_INT3_DriverIRQHandler) referenced from startup_lpc54114_cm4.o(.text)
 <LI><a href="#[11]">PIN_INT3_IRQHandler</a> from startup_lpc54114_cm4.o(.text) referenced from startup_lpc54114_cm4.o(RESET)
 <LI><a href="#[55]">PIN_INT4_DriverIRQHandler</a> from fsl_pint.o(i.PIN_INT4_DriverIRQHandler) referenced from startup_lpc54114_cm4.o(.text)
 <LI><a href="#[2a]">PIN_INT4_IRQHandler</a> from startup_lpc54114_cm4.o(.text) referenced from startup_lpc54114_cm4.o(RESET)
 <LI><a href="#[56]">PIN_INT5_DriverIRQHandler</a> from fsl_pint.o(i.PIN_INT5_DriverIRQHandler) referenced from startup_lpc54114_cm4.o(.text)
 <LI><a href="#[2b]">PIN_INT5_IRQHandler</a> from startup_lpc54114_cm4.o(.text) referenced from startup_lpc54114_cm4.o(RESET)
 <LI><a href="#[57]">PIN_INT6_DriverIRQHandler</a> from fsl_pint.o(i.PIN_INT6_DriverIRQHandler) referenced from startup_lpc54114_cm4.o(.text)
 <LI><a href="#[2c]">PIN_INT6_IRQHandler</a> from startup_lpc54114_cm4.o(.text) referenced from startup_lpc54114_cm4.o(RESET)
 <LI><a href="#[58]">PIN_INT7_DriverIRQHandler</a> from fsl_pint.o(i.PIN_INT7_DriverIRQHandler) referenced from startup_lpc54114_cm4.o(.text)
 <LI><a href="#[2d]">PIN_INT7_IRQHandler</a> from startup_lpc54114_cm4.o(.text) referenced from startup_lpc54114_cm4.o(RESET)
 <LI><a href="#[8]">PendSV_Handler</a> from startup_lpc54114_cm4.o(.text) referenced from startup_lpc54114_cm4.o(RESET)
 <LI><a href="#[52]">RTC_DriverIRQHandler</a> from startup_lpc54114_cm4.o(.text) referenced from startup_lpc54114_cm4.o(.text)
 <LI><a href="#[27]">RTC_IRQHandler</a> from startup_lpc54114_cm4.o(.text) referenced from startup_lpc54114_cm4.o(RESET)
 <LI><a href="#[5b]">Reserved54_DriverIRQHandler</a> from startup_lpc54114_cm4.o(.text) referenced from startup_lpc54114_cm4.o(.text)
 <LI><a href="#[30]">Reserved54_IRQHandler</a> from startup_lpc54114_cm4.o(.text) referenced from startup_lpc54114_cm4.o(RESET)
 <LI><a href="#[0]">Reset_Handler</a> from startup_lpc54114_cm4.o(.text) referenced from startup_lpc54114_cm4.o(RESET)
 <LI><a href="#[41]">SCT0_DriverIRQHandler</a> from startup_lpc54114_cm4.o(.text) referenced from startup_lpc54114_cm4.o(.text)
 <LI><a href="#[16]">SCT0_IRQHandler</a> from fsl_sctimer.o(i.SCT0_IRQHandler) referenced from startup_lpc54114_cm4.o(RESET)
 <LI><a href="#[5c]">SPIFI0_DriverIRQHandler</a> from startup_lpc54114_cm4.o(.text) referenced from startup_lpc54114_cm4.o(.text)
 <LI><a href="#[31]">SPIFI0_IRQHandler</a> from startup_lpc54114_cm4.o(.text) referenced from startup_lpc54114_cm4.o(RESET)
 <LI><a href="#[6]">SVC_Handler</a> from startup_lpc54114_cm4.o(.text) referenced from startup_lpc54114_cm4.o(RESET)
 <LI><a href="#[9]">SysTick_Handler</a> from main_qn9021_ble.o(i.SysTick_Handler) referenced from startup_lpc54114_cm4.o(RESET)
 <LI><a href="#[33]">SystemInit</a> from system_lpc54114_cm4.o(i.SystemInit) referenced from startup_lpc54114_cm4.o(.text)
 <LI><a href="#[5e]">USART_ReadBlocking</a> from fsl_usart.o(i.USART_ReadBlocking) referenced from fsl_debug_console.o(i.DbgConsole_Init)
 <LI><a href="#[5d]">USART_WriteBlocking</a> from fsl_usart.o(i.USART_WriteBlocking) referenced from fsl_debug_console.o(i.DbgConsole_Init)
 <LI><a href="#[51]">USB0_DriverIRQHandler</a> from startup_lpc54114_cm4.o(.text) referenced from startup_lpc54114_cm4.o(.text)
 <LI><a href="#[26]">USB0_IRQHandler</a> from startup_lpc54114_cm4.o(.text) referenced from startup_lpc54114_cm4.o(RESET)
 <LI><a href="#[50]">USB0_NEEDCLK_DriverIRQHandler</a> from startup_lpc54114_cm4.o(.text) referenced from startup_lpc54114_cm4.o(.text)
 <LI><a href="#[25]">USB0_NEEDCLK_IRQHandler</a> from startup_lpc54114_cm4.o(.text) referenced from startup_lpc54114_cm4.o(RESET)
 <LI><a href="#[3d]">UTICK0_DriverIRQHandler</a> from fsl_utick.o(i.UTICK0_DriverIRQHandler) referenced from startup_lpc54114_cm4.o(.text)
 <LI><a href="#[12]">UTICK0_IRQHandler</a> from startup_lpc54114_cm4.o(.text) referenced from startup_lpc54114_cm4.o(RESET)
 <LI><a href="#[5]">UsageFault_Handler</a> from startup_lpc54114_cm4.o(.text) referenced from startup_lpc54114_cm4.o(RESET)
 <LI><a href="#[35]">WDT_BOD_DriverIRQHandler</a> from startup_lpc54114_cm4.o(.text) referenced from startup_lpc54114_cm4.o(.text)
 <LI><a href="#[a]">WDT_BOD_IRQHandler</a> from startup_lpc54114_cm4.o(.text) referenced from startup_lpc54114_cm4.o(RESET)
 <LI><a href="#[34]">__main</a> from entry.o(.ARM.Collect$$$$00000000) referenced from startup_lpc54114_cm4.o(.text)
 <LI><a href="#[32]">main</a> from main_qn9021_ble.o(i.main) referenced from entry9a.o(.ARM.Collect$$$$0000000B)
 <LI><a href="#[61]">pint_intr_callback</a> from ble_wakeup.o(i.pint_intr_callback) referenced from ble_wakeup.o(i.wakeup_init)
 <LI><a href="#[60]">read_app</a> from qn_isp.o(i.read_app) referenced from qn_isp.o(i.isp)
</UL>
<P>
<H3>
Global Symbols
</H3>
<P><STRONG><a name="[34]"></a>__main</STRONG> (Thumb, 0 bytes, Stack size unknown bytes, entry.o(.ARM.Collect$$$$00000000))
<BR>[Address Reference Count : 1]<UL><LI> startup_lpc54114_cm4.o(.text)
</UL>
<P><STRONG><a name="[118]"></a>_main_stk</STRONG> (Thumb, 0 bytes, Stack size unknown bytes, entry4.o(.ARM.Collect$$$$00000003))

<P><STRONG><a name="[62]"></a>_main_scatterload</STRONG> (Thumb, 0 bytes, Stack size unknown bytes, entry5.o(.ARM.Collect$$$$00000004))
<BR><BR>[Calls]<UL><LI><a href="#[63]">&gt;&gt;</a>&nbsp;&nbsp;&nbsp;__scatterload
</UL>

<P><STRONG><a name="[6a]"></a>__main_after_scatterload</STRONG> (Thumb, 0 bytes, Stack size unknown bytes, entry5.o(.ARM.Collect$$$$00000004))
<BR><BR>[Called By]<UL><LI><a href="#[63]">&gt;&gt;</a>&nbsp;&nbsp;&nbsp;__scatterload
</UL>

<P><STRONG><a name="[119]"></a>_main_clock</STRONG> (Thumb, 0 bytes, Stack size unknown bytes, entry7b.o(.ARM.Collect$$$$00000008))

<P><STRONG><a name="[11a]"></a>_main_cpp_init</STRONG> (Thumb, 0 bytes, Stack size unknown bytes, entry8b.o(.ARM.Collect$$$$0000000A))

<P><STRONG><a name="[11b]"></a>_main_init</STRONG> (Thumb, 0 bytes, Stack size unknown bytes, entry9a.o(.ARM.Collect$$$$0000000B))

<P><STRONG><a name="[11c]"></a>__rt_final_cpp</STRONG> (Thumb, 0 bytes, Stack size unknown bytes, entry10a.o(.ARM.Collect$$$$0000000D))

<P><STRONG><a name="[11d]"></a>__rt_final_exit</STRONG> (Thumb, 0 bytes, Stack size unknown bytes, entry11a.o(.ARM.Collect$$$$0000000F))

<P><STRONG><a name="[0]"></a>Reset_Handler</STRONG> (Thumb, 66 bytes, Stack size 0 bytes, startup_lpc54114_cm4.o(.text))
<BR>[Address Reference Count : 1]<UL><LI> startup_lpc54114_cm4.o(RESET)
</UL>
<P><STRONG><a name="[1]"></a>NMI_Handler</STRONG> (Thumb, 2 bytes, Stack size 0 bytes, startup_lpc54114_cm4.o(.text))
<BR><BR>[Calls]<UL><LI><a href="#[1]">&gt;&gt;</a>&nbsp;&nbsp;&nbsp;NMI_Handler
</UL>
<BR>[Called By]<UL><LI><a href="#[1]">&gt;&gt;</a>&nbsp;&nbsp;&nbsp;NMI_Handler
</UL>
<BR>[Address Reference Count : 1]<UL><LI> startup_lpc54114_cm4.o(RESET)
</UL>
<P><STRONG><a name="[2]"></a>HardFault_Handler</STRONG> (Thumb, 2 bytes, Stack size 0 bytes, startup_lpc54114_cm4.o(.text))
<BR><BR>[Calls]<UL><LI><a href="#[2]">&gt;&gt;</a>&nbsp;&nbsp;&nbsp;HardFault_Handler
</UL>
<BR>[Called By]<UL><LI><a href="#[2]">&gt;&gt;</a>&nbsp;&nbsp;&nbsp;HardFault_Handler
</UL>
<BR>[Address Reference Count : 1]<UL><LI> startup_lpc54114_cm4.o(RESET)
</UL>
<P><STRONG><a name="[3]"></a>MemManage_Handler</STRONG> (Thumb, 2 bytes, Stack size 0 bytes, startup_lpc54114_cm4.o(.text))
<BR><BR>[Calls]<UL><LI><a href="#[3]">&gt;&gt;</a>&nbsp;&nbsp;&nbsp;MemManage_Handler
</UL>
<BR>[Called By]<UL><LI><a href="#[3]">&gt;&gt;</a>&nbsp;&nbsp;&nbsp;MemManage_Handler
</UL>
<BR>[Address Reference Count : 1]<UL><LI> startup_lpc54114_cm4.o(RESET)
</UL>
<P><STRONG><a name="[4]"></a>BusFault_Handler</STRONG> (Thumb, 2 bytes, Stack size 0 bytes, startup_lpc54114_cm4.o(.text))
<BR><BR>[Calls]<UL><LI><a href="#[4]">&gt;&gt;</a>&nbsp;&nbsp;&nbsp;BusFault_Handler
</UL>
<BR>[Called By]<UL><LI><a href="#[4]">&gt;&gt;</a>&nbsp;&nbsp;&nbsp;BusFault_Handler
</UL>
<BR>[Address Reference Count : 1]<UL><LI> startup_lpc54114_cm4.o(RESET)
</UL>
<P><STRONG><a name="[5]"></a>UsageFault_Handler</STRONG> (Thumb, 2 bytes, Stack size 0 bytes, startup_lpc54114_cm4.o(.text))
<BR><BR>[Calls]<UL><LI><a href="#[5]">&gt;&gt;</a>&nbsp;&nbsp;&nbsp;UsageFault_Handler
</UL>
<BR>[Called By]<UL><LI><a href="#[5]">&gt;&gt;</a>&nbsp;&nbsp;&nbsp;UsageFault_Handler
</UL>
<BR>[Address Reference Count : 1]<UL><LI> startup_lpc54114_cm4.o(RESET)
</UL>
<P><STRONG><a name="[6]"></a>SVC_Handler</STRONG> (Thumb, 2 bytes, Stack size 0 bytes, startup_lpc54114_cm4.o(.text))
<BR><BR>[Calls]<UL><LI><a href="#[6]">&gt;&gt;</a>&nbsp;&nbsp;&nbsp;SVC_Handler
</UL>
<BR>[Called By]<UL><LI><a href="#[6]">&gt;&gt;</a>&nbsp;&nbsp;&nbsp;SVC_Handler
</UL>
<BR>[Address Reference Count : 1]<UL><LI> startup_lpc54114_cm4.o(RESET)
</UL>
<P><STRONG><a name="[7]"></a>DebugMon_Handler</STRONG> (Thumb, 2 bytes, Stack size 0 bytes, startup_lpc54114_cm4.o(.text))
<BR><BR>[Calls]<UL><LI><a href="#[7]">&gt;&gt;</a>&nbsp;&nbsp;&nbsp;DebugMon_Handler
</UL>
<BR>[Called By]<UL><LI><a href="#[7]">&gt;&gt;</a>&nbsp;&nbsp;&nbsp;DebugMon_Handler
</UL>
<BR>[Address Reference Count : 1]<UL><LI> startup_lpc54114_cm4.o(RESET)
</UL>
<P><STRONG><a name="[8]"></a>PendSV_Handler</STRONG> (Thumb, 2 bytes, Stack size 0 bytes, startup_lpc54114_cm4.o(.text))
<BR><BR>[Calls]<UL><LI><a href="#[8]">&gt;&gt;</a>&nbsp;&nbsp;&nbsp;PendSV_Handler
</UL>
<BR>[Called By]<UL><LI><a href="#[8]">&gt;&gt;</a>&nbsp;&nbsp;&nbsp;PendSV_Handler
</UL>
<BR>[Address Reference Count : 1]<UL><LI> startup_lpc54114_cm4.o(RESET)
</UL>
<P><STRONG><a name="[a]"></a>WDT_BOD_IRQHandler</STRONG> (Thumb, 4 bytes, Stack size 0 bytes, startup_lpc54114_cm4.o(.text))
<BR>[Address Reference Count : 1]<UL><LI> startup_lpc54114_cm4.o(RESET)
</UL>
<P><STRONG><a name="[b]"></a>DMA0_IRQHandler</STRONG> (Thumb, 4 bytes, Stack size 0 bytes, startup_lpc54114_cm4.o(.text))
<BR>[Address Reference Count : 1]<UL><LI> startup_lpc54114_cm4.o(RESET)
</UL>
<P><STRONG><a name="[c]"></a>GINT0_IRQHandler</STRONG> (Thumb, 4 bytes, Stack size 0 bytes, startup_lpc54114_cm4.o(.text))
<BR>[Address Reference Count : 1]<UL><LI> startup_lpc54114_cm4.o(RESET)
</UL>
<P><STRONG><a name="[d]"></a>GINT1_IRQHandler</STRONG> (Thumb, 4 bytes, Stack size 0 bytes, startup_lpc54114_cm4.o(.text))
<BR>[Address Reference Count : 1]<UL><LI> startup_lpc54114_cm4.o(RESET)
</UL>
<P><STRONG><a name="[e]"></a>PIN_INT0_IRQHandler</STRONG> (Thumb, 4 bytes, Stack size 0 bytes, startup_lpc54114_cm4.o(.text))
<BR>[Address Reference Count : 1]<UL><LI> startup_lpc54114_cm4.o(RESET)
</UL>
<P><STRONG><a name="[f]"></a>PIN_INT1_IRQHandler</STRONG> (Thumb, 4 bytes, Stack size 0 bytes, startup_lpc54114_cm4.o(.text))
<BR>[Address Reference Count : 1]<UL><LI> startup_lpc54114_cm4.o(RESET)
</UL>
<P><STRONG><a name="[10]"></a>PIN_INT2_IRQHandler</STRONG> (Thumb, 4 bytes, Stack size 0 bytes, startup_lpc54114_cm4.o(.text))
<BR>[Address Reference Count : 1]<UL><LI> startup_lpc54114_cm4.o(RESET)
</UL>
<P><STRONG><a name="[11]"></a>PIN_INT3_IRQHandler</STRONG> (Thumb, 4 bytes, Stack size 0 bytes, startup_lpc54114_cm4.o(.text))
<BR>[Address Reference Count : 1]<UL><LI> startup_lpc54114_cm4.o(RESET)
</UL>
<P><STRONG><a name="[12]"></a>UTICK0_IRQHandler</STRONG> (Thumb, 4 bytes, Stack size 0 bytes, startup_lpc54114_cm4.o(.text))
<BR>[Address Reference Count : 1]<UL><LI> startup_lpc54114_cm4.o(RESET)
</UL>
<P><STRONG><a name="[13]"></a>MRT0_IRQHandler</STRONG> (Thumb, 4 bytes, Stack size 0 bytes, startup_lpc54114_cm4.o(.text))
<BR>[Address Reference Count : 1]<UL><LI> startup_lpc54114_cm4.o(RESET)
</UL>
<P><STRONG><a name="[14]"></a>CTIMER0_IRQHandler</STRONG> (Thumb, 4 bytes, Stack size 0 bytes, startup_lpc54114_cm4.o(.text))
<BR>[Address Reference Count : 1]<UL><LI> startup_lpc54114_cm4.o(RESET)
</UL>
<P><STRONG><a name="[15]"></a>CTIMER1_IRQHandler</STRONG> (Thumb, 4 bytes, Stack size 0 bytes, startup_lpc54114_cm4.o(.text))
<BR>[Address Reference Count : 1]<UL><LI> startup_lpc54114_cm4.o(RESET)
</UL>
<P><STRONG><a name="[17]"></a>CTIMER3_IRQHandler</STRONG> (Thumb, 4 bytes, Stack size 0 bytes, startup_lpc54114_cm4.o(.text))
<BR>[Address Reference Count : 1]<UL><LI> startup_lpc54114_cm4.o(RESET)
</UL>
<P><STRONG><a name="[18]"></a>FLEXCOMM0_IRQHandler</STRONG> (Thumb, 4 bytes, Stack size 0 bytes, startup_lpc54114_cm4.o(.text))
<BR>[Address Reference Count : 1]<UL><LI> startup_lpc54114_cm4.o(RESET)
</UL>
<P><STRONG><a name="[19]"></a>FLEXCOMM1_IRQHandler</STRONG> (Thumb, 4 bytes, Stack size 0 bytes, startup_lpc54114_cm4.o(.text))
<BR>[Address Reference Count : 1]<UL><LI> startup_lpc54114_cm4.o(RESET)
</UL>
<P><STRONG><a name="[1a]"></a>FLEXCOMM2_IRQHandler</STRONG> (Thumb, 4 bytes, Stack size 0 bytes, startup_lpc54114_cm4.o(.text))
<BR>[Address Reference Count : 1]<UL><LI> startup_lpc54114_cm4.o(RESET)
</UL>
<P><STRONG><a name="[1b]"></a>FLEXCOMM3_IRQHandler</STRONG> (Thumb, 4 bytes, Stack size 0 bytes, startup_lpc54114_cm4.o(.text))
<BR>[Address Reference Count : 1]<UL><LI> startup_lpc54114_cm4.o(RESET)
</UL>
<P><STRONG><a name="[1c]"></a>FLEXCOMM4_IRQHandler</STRONG> (Thumb, 4 bytes, Stack size 0 bytes, startup_lpc54114_cm4.o(.text))
<BR>[Address Reference Count : 1]<UL><LI> startup_lpc54114_cm4.o(RESET)
</UL>
<P><STRONG><a name="[1d]"></a>FLEXCOMM5_IRQHandler</STRONG> (Thumb, 4 bytes, Stack size 0 bytes, startup_lpc54114_cm4.o(.text))
<BR>[Address Reference Count : 1]<UL><LI> startup_lpc54114_cm4.o(RESET)
</UL>
<P><STRONG><a name="[1e]"></a>FLEXCOMM6_IRQHandler</STRONG> (Thumb, 4 bytes, Stack size 0 bytes, startup_lpc54114_cm4.o(.text))
<BR>[Address Reference Count : 1]<UL><LI> startup_lpc54114_cm4.o(RESET)
</UL>
<P><STRONG><a name="[20]"></a>ADC0_SEQA_IRQHandler</STRONG> (Thumb, 4 bytes, Stack size 0 bytes, startup_lpc54114_cm4.o(.text))
<BR>[Address Reference Count : 1]<UL><LI> startup_lpc54114_cm4.o(RESET)
</UL>
<P><STRONG><a name="[21]"></a>ADC0_SEQB_IRQHandler</STRONG> (Thumb, 4 bytes, Stack size 0 bytes, startup_lpc54114_cm4.o(.text))
<BR>[Address Reference Count : 1]<UL><LI> startup_lpc54114_cm4.o(RESET)
</UL>
<P><STRONG><a name="[22]"></a>ADC0_THCMP_IRQHandler</STRONG> (Thumb, 4 bytes, Stack size 0 bytes, startup_lpc54114_cm4.o(.text))
<BR>[Address Reference Count : 1]<UL><LI> startup_lpc54114_cm4.o(RESET)
</UL>
<P><STRONG><a name="[23]"></a>DMIC0_IRQHandler</STRONG> (Thumb, 4 bytes, Stack size 0 bytes, startup_lpc54114_cm4.o(.text))
<BR>[Address Reference Count : 1]<UL><LI> startup_lpc54114_cm4.o(RESET)
</UL>
<P><STRONG><a name="[25]"></a>USB0_NEEDCLK_IRQHandler</STRONG> (Thumb, 4 bytes, Stack size 0 bytes, startup_lpc54114_cm4.o(.text))
<BR>[Address Reference Count : 1]<UL><LI> startup_lpc54114_cm4.o(RESET)
</UL>
<P><STRONG><a name="[26]"></a>USB0_IRQHandler</STRONG> (Thumb, 4 bytes, Stack size 0 bytes, startup_lpc54114_cm4.o(.text))
<BR>[Address Reference Count : 1]<UL><LI> startup_lpc54114_cm4.o(RESET)
</UL>
<P><STRONG><a name="[27]"></a>RTC_IRQHandler</STRONG> (Thumb, 4 bytes, Stack size 0 bytes, startup_lpc54114_cm4.o(.text))
<BR>[Address Reference Count : 1]<UL><LI> startup_lpc54114_cm4.o(RESET)
</UL>
<P><STRONG><a name="[28]"></a>IOH_IRQHandler</STRONG> (Thumb, 4 bytes, Stack size 0 bytes, startup_lpc54114_cm4.o(.text))
<BR>[Address Reference Count : 1]<UL><LI> startup_lpc54114_cm4.o(RESET)
</UL>
<P><STRONG><a name="[29]"></a>MAILBOX_IRQHandler</STRONG> (Thumb, 4 bytes, Stack size 0 bytes, startup_lpc54114_cm4.o(.text))
<BR>[Address Reference Count : 1]<UL><LI> startup_lpc54114_cm4.o(RESET)
</UL>
<P><STRONG><a name="[2a]"></a>PIN_INT4_IRQHandler</STRONG> (Thumb, 4 bytes, Stack size 0 bytes, startup_lpc54114_cm4.o(.text))
<BR>[Address Reference Count : 1]<UL><LI> startup_lpc54114_cm4.o(RESET)
</UL>
<P><STRONG><a name="[2b]"></a>PIN_INT5_IRQHandler</STRONG> (Thumb, 4 bytes, Stack size 0 bytes, startup_lpc54114_cm4.o(.text))
<BR>[Address Reference Count : 1]<UL><LI> startup_lpc54114_cm4.o(RESET)
</UL>
<P><STRONG><a name="[2c]"></a>PIN_INT6_IRQHandler</STRONG> (Thumb, 4 bytes, Stack size 0 bytes, startup_lpc54114_cm4.o(.text))
<BR>[Address Reference Count : 1]<UL><LI> startup_lpc54114_cm4.o(RESET)
</UL>
<P><STRONG><a name="[2d]"></a>PIN_INT7_IRQHandler</STRONG> (Thumb, 4 bytes, Stack size 0 bytes, startup_lpc54114_cm4.o(.text))
<BR>[Address Reference Count : 1]<UL><LI> startup_lpc54114_cm4.o(RESET)
</UL>
<P><STRONG><a name="[2e]"></a>CTIMER2_IRQHandler</STRONG> (Thumb, 4 bytes, Stack size 0 bytes, startup_lpc54114_cm4.o(.text))
<BR>[Address Reference Count : 1]<UL><LI> startup_lpc54114_cm4.o(RESET)
</UL>
<P><STRONG><a name="[2f]"></a>CTIMER4_IRQHandler</STRONG> (Thumb, 4 bytes, Stack size 0 bytes, startup_lpc54114_cm4.o(.text))
<BR>[Address Reference Count : 1]<UL><LI> startup_lpc54114_cm4.o(RESET)
</UL>
<P><STRONG><a name="[30]"></a>Reserved54_IRQHandler</STRONG> (Thumb, 4 bytes, Stack size 0 bytes, startup_lpc54114_cm4.o(.text))
<BR>[Address Reference Count : 1]<UL><LI> startup_lpc54114_cm4.o(RESET)
</UL>
<P><STRONG><a name="[31]"></a>SPIFI0_IRQHandler</STRONG> (Thumb, 4 bytes, Stack size 0 bytes, startup_lpc54114_cm4.o(.text))
<BR>[Address Reference Count : 1]<UL><LI> startup_lpc54114_cm4.o(RESET)
</UL>
<P><STRONG><a name="[4b]"></a>ADC0_SEQA_DriverIRQHandler</STRONG> (Thumb, 0 bytes, Stack size 0 bytes, startup_lpc54114_cm4.o(.text))
<BR><BR>[Calls]<UL><LI><a href="#[4b]">&gt;&gt;</a>&nbsp;&nbsp;&nbsp;ADC0_SEQA_DriverIRQHandler
</UL>
<BR>[Called By]<UL><LI><a href="#[4b]">&gt;&gt;</a>&nbsp;&nbsp;&nbsp;ADC0_SEQA_DriverIRQHandler
</UL>
<BR>[Address Reference Count : 1]<UL><LI> startup_lpc54114_cm4.o(.text)
</UL>
<P><STRONG><a name="[4c]"></a>ADC0_SEQB_DriverIRQHandler</STRONG> (Thumb, 0 bytes, Stack size 0 bytes, startup_lpc54114_cm4.o(.text))
<BR>[Address Reference Count : 1]<UL><LI> startup_lpc54114_cm4.o(.text)
</UL>
<P><STRONG><a name="[4d]"></a>ADC0_THCMP_DriverIRQHandler</STRONG> (Thumb, 0 bytes, Stack size 0 bytes, startup_lpc54114_cm4.o(.text))
<BR>[Address Reference Count : 1]<UL><LI> startup_lpc54114_cm4.o(.text)
</UL>
<P><STRONG><a name="[4f]"></a>HWVAD0_DriverIRQHandler</STRONG> (Thumb, 0 bytes, Stack size 0 bytes, startup_lpc54114_cm4.o(.text))
<BR>[Address Reference Count : 1]<UL><LI> startup_lpc54114_cm4.o(.text)
</UL>
<P><STRONG><a name="[53]"></a>IOH_DriverIRQHandler</STRONG> (Thumb, 0 bytes, Stack size 0 bytes, startup_lpc54114_cm4.o(.text))
<BR>[Address Reference Count : 1]<UL><LI> startup_lpc54114_cm4.o(.text)
</UL>
<P><STRONG><a name="[54]"></a>MAILBOX_DriverIRQHandler</STRONG> (Thumb, 0 bytes, Stack size 0 bytes, startup_lpc54114_cm4.o(.text))
<BR>[Address Reference Count : 1]<UL><LI> startup_lpc54114_cm4.o(.text)
</UL>
<P><STRONG><a name="[3e]"></a>MRT0_DriverIRQHandler</STRONG> (Thumb, 0 bytes, Stack size 0 bytes, startup_lpc54114_cm4.o(.text))
<BR>[Address Reference Count : 1]<UL><LI> startup_lpc54114_cm4.o(.text)
</UL>
<P><STRONG><a name="[52]"></a>RTC_DriverIRQHandler</STRONG> (Thumb, 0 bytes, Stack size 0 bytes, startup_lpc54114_cm4.o(.text))
<BR>[Address Reference Count : 1]<UL><LI> startup_lpc54114_cm4.o(.text)
</UL>
<P><STRONG><a name="[5b]"></a>Reserved54_DriverIRQHandler</STRONG> (Thumb, 0 bytes, Stack size 0 bytes, startup_lpc54114_cm4.o(.text))
<BR>[Address Reference Count : 1]<UL><LI> startup_lpc54114_cm4.o(.text)
</UL>
<P><STRONG><a name="[41]"></a>SCT0_DriverIRQHandler</STRONG> (Thumb, 0 bytes, Stack size 0 bytes, startup_lpc54114_cm4.o(.text))
<BR>[Address Reference Count : 1]<UL><LI> startup_lpc54114_cm4.o(.text)
</UL>
<P><STRONG><a name="[5c]"></a>SPIFI0_DriverIRQHandler</STRONG> (Thumb, 0 bytes, Stack size 0 bytes, startup_lpc54114_cm4.o(.text))
<BR>[Address Reference Count : 1]<UL><LI> startup_lpc54114_cm4.o(.text)
</UL>
<P><STRONG><a name="[51]"></a>USB0_DriverIRQHandler</STRONG> (Thumb, 0 bytes, Stack size 0 bytes, startup_lpc54114_cm4.o(.text))
<BR>[Address Reference Count : 1]<UL><LI> startup_lpc54114_cm4.o(.text)
</UL>
<P><STRONG><a name="[50]"></a>USB0_NEEDCLK_DriverIRQHandler</STRONG> (Thumb, 0 bytes, Stack size 0 bytes, startup_lpc54114_cm4.o(.text))
<BR>[Address Reference Count : 1]<UL><LI> startup_lpc54114_cm4.o(.text)
</UL>
<P><STRONG><a name="[35]"></a>WDT_BOD_DriverIRQHandler</STRONG> (Thumb, 0 bytes, Stack size 0 bytes, startup_lpc54114_cm4.o(.text))
<BR>[Address Reference Count : 1]<UL><LI> startup_lpc54114_cm4.o(.text)
</UL>
<P><STRONG><a name="[114]"></a>rand</STRONG> (Thumb, 20 bytes, Stack size 0 bytes, rand.o(.text))
<BR><BR>[Called By]<UL><LI><a href="#[e4]">&gt;&gt;</a>&nbsp;&nbsp;&nbsp;set_random_data
</UL>

<P><STRONG><a name="[11e]"></a>srand</STRONG> (Thumb, 6 bytes, Stack size 0 bytes, rand.o(.text), UNUSED)

<P><STRONG><a name="[b5]"></a>__aeabi_memcpy</STRONG> (Thumb, 36 bytes, Stack size 0 bytes, memcpya.o(.text))
<BR><BR>[Called By]<UL><LI><a href="#[60]">&gt;&gt;</a>&nbsp;&nbsp;&nbsp;read_app
<LI><a href="#[c2]">&gt;&gt;</a>&nbsp;&nbsp;&nbsp;nvds_config
<LI><a href="#[bc]">&gt;&gt;</a>&nbsp;&nbsp;&nbsp;app_eaci_cmd_nvds
<LI><a href="#[10f]">&gt;&gt;</a>&nbsp;&nbsp;&nbsp;read_flash
<LI><a href="#[100]">&gt;&gt;</a>&nbsp;&nbsp;&nbsp;program
<LI><a href="#[f9]">&gt;&gt;</a>&nbsp;&nbsp;&nbsp;nvds_write
<LI><a href="#[f7]">&gt;&gt;</a>&nbsp;&nbsp;&nbsp;nvds_read
<LI><a href="#[b6]">&gt;&gt;</a>&nbsp;&nbsp;&nbsp;__nvds_write
<LI><a href="#[b4]">&gt;&gt;</a>&nbsp;&nbsp;&nbsp;__nvds_read
</UL>

<P><STRONG><a name="[f4]"></a>__aeabi_memcpy4</STRONG> (Thumb, 0 bytes, Stack size 0 bytes, memcpya.o(.text))
<BR><BR>[Called By]<UL><LI><a href="#[c2]">&gt;&gt;</a>&nbsp;&nbsp;&nbsp;nvds_config
</UL>

<P><STRONG><a name="[11f]"></a>__aeabi_memcpy8</STRONG> (Thumb, 0 bytes, Stack size 0 bytes, memcpya.o(.text), UNUSED)

<P><STRONG><a name="[89]"></a>CLOCK_GetExtClkFreq</STRONG> (Thumb, 4 bytes, Stack size 0 bytes, fsl_clock.o(i.CLOCK_GetExtClkFreq))
<BR><BR>[Called By]<UL><LI><a href="#[87]">&gt;&gt;</a>&nbsp;&nbsp;&nbsp;CLOCK_GetCoreSysClkFreq
</UL>

<P><STRONG><a name="[64]"></a>__aeabi_uldivmod</STRONG> (Thumb, 98 bytes, Stack size 40 bytes, uldiv.o(.text))
<BR><BR>[Stack]<UL><LI>Max Depth = 40<LI>Call Chain = __aeabi_uldivmod
</UL>
<BR>[Calls]<UL><LI><a href="#[65]">&gt;&gt;</a>&nbsp;&nbsp;&nbsp;__aeabi_llsr
<LI><a href="#[66]">&gt;&gt;</a>&nbsp;&nbsp;&nbsp;__aeabi_llsl
</UL>
<BR>[Called By]<UL><LI><a href="#[71]">&gt;&gt;</a>&nbsp;&nbsp;&nbsp;CLOCK_GetFreq
<LI><a href="#[ae]">&gt;&gt;</a>&nbsp;&nbsp;&nbsp;SystemCoreClockUpdate
</UL>

<P><STRONG><a name="[68]"></a>__aeabi_memset</STRONG> (Thumb, 14 bytes, Stack size 0 bytes, memseta.o(.text))
<BR><BR>[Called By]<UL><LI><a href="#[69]">&gt;&gt;</a>&nbsp;&nbsp;&nbsp;_memset$wrapper
<LI><a href="#[67]">&gt;&gt;</a>&nbsp;&nbsp;&nbsp;__aeabi_memclr
<LI><a href="#[f5]">&gt;&gt;</a>&nbsp;&nbsp;&nbsp;nvds_erase
</UL>

<P><STRONG><a name="[120]"></a>__aeabi_memset4</STRONG> (Thumb, 0 bytes, Stack size 0 bytes, memseta.o(.text), UNUSED)

<P><STRONG><a name="[121]"></a>__aeabi_memset8</STRONG> (Thumb, 0 bytes, Stack size 0 bytes, memseta.o(.text), UNUSED)

<P><STRONG><a name="[67]"></a>__aeabi_memclr</STRONG> (Thumb, 4 bytes, Stack size 0 bytes, memseta.o(.text))
<BR><BR>[Calls]<UL><LI><a href="#[68]">&gt;&gt;</a>&nbsp;&nbsp;&nbsp;__aeabi_memset
</UL>
<BR>[Called By]<UL><LI><a href="#[c4]">&gt;&gt;</a>&nbsp;&nbsp;&nbsp;uartrom_regcb_eaci
</UL>

<P><STRONG><a name="[cb]"></a>__aeabi_memclr4</STRONG> (Thumb, 0 bytes, Stack size 0 bytes, memseta.o(.text))
<BR><BR>[Called By]<UL><LI><a href="#[a9]">&gt;&gt;</a>&nbsp;&nbsp;&nbsp;app_env_init
</UL>

<P><STRONG><a name="[122]"></a>__aeabi_memclr8</STRONG> (Thumb, 0 bytes, Stack size 0 bytes, memseta.o(.text), UNUSED)

<P><STRONG><a name="[69]"></a>_memset$wrapper</STRONG> (Thumb, 18 bytes, Stack size 8 bytes, memseta.o(.text), UNUSED)
<BR><BR>[Calls]<UL><LI><a href="#[68]">&gt;&gt;</a>&nbsp;&nbsp;&nbsp;__aeabi_memset
</UL>

<P><STRONG><a name="[99]"></a>strlen</STRONG> (Thumb, 14 bytes, Stack size 0 bytes, strlen.o(.text))
<BR><BR>[Called By]<UL><LI><a href="#[96]">&gt;&gt;</a>&nbsp;&nbsp;&nbsp;DbgConsole_PrintfFormattedData
</UL>

<P><STRONG><a name="[fb]"></a>memcmp</STRONG> (Thumb, 26 bytes, Stack size 12 bytes, memcmp.o(.text))
<BR><BR>[Stack]<UL><LI>Max Depth = 12<LI>Call Chain = memcmp
</UL>
<BR>[Called By]<UL><LI><a href="#[10d]">&gt;&gt;</a>&nbsp;&nbsp;&nbsp;verify_nvds
<LI><a href="#[fd]">&gt;&gt;</a>&nbsp;&nbsp;&nbsp;nvds_put
<LI><a href="#[fa]">&gt;&gt;</a>&nbsp;&nbsp;&nbsp;nvds_is_magic_number_ok
</UL>

<P><STRONG><a name="[66]"></a>__aeabi_llsl</STRONG> (Thumb, 30 bytes, Stack size 0 bytes, llshl.o(.text))
<BR><BR>[Called By]<UL><LI><a href="#[64]">&gt;&gt;</a>&nbsp;&nbsp;&nbsp;__aeabi_uldivmod
</UL>

<P><STRONG><a name="[123]"></a>_ll_shift_l</STRONG> (Thumb, 0 bytes, Stack size 0 bytes, llshl.o(.text), UNUSED)

<P><STRONG><a name="[65]"></a>__aeabi_llsr</STRONG> (Thumb, 32 bytes, Stack size 0 bytes, llushr.o(.text))
<BR><BR>[Called By]<UL><LI><a href="#[64]">&gt;&gt;</a>&nbsp;&nbsp;&nbsp;__aeabi_uldivmod
</UL>

<P><STRONG><a name="[124]"></a>_ll_ushift_r</STRONG> (Thumb, 0 bytes, Stack size 0 bytes, llushr.o(.text), UNUSED)

<P><STRONG><a name="[63]"></a>__scatterload</STRONG> (Thumb, 28 bytes, Stack size 0 bytes, init.o(.text))
<BR><BR>[Calls]<UL><LI><a href="#[6a]">&gt;&gt;</a>&nbsp;&nbsp;&nbsp;__main_after_scatterload
</UL>
<BR>[Called By]<UL><LI><a href="#[62]">&gt;&gt;</a>&nbsp;&nbsp;&nbsp;_main_scatterload
</UL>

<P><STRONG><a name="[125]"></a>__scatterload_rt2</STRONG> (Thumb, 0 bytes, Stack size 0 bytes, init.o(.text), UNUSED)

<P><STRONG><a name="[6b]"></a>BLE_Reset</STRONG> (Thumb, 114 bytes, Stack size 16 bytes, ble_wakeup.o(i.BLE_Reset))
<BR><BR>[Stack]<UL><LI>Max Depth = 28<LI>Call Chain = BLE_Reset &rArr; GPIO_PinInit
</UL>
<BR>[Calls]<UL><LI><a href="#[6d]">&gt;&gt;</a>&nbsp;&nbsp;&nbsp;GPIO_PinInit
<LI><a href="#[6c]">&gt;&gt;</a>&nbsp;&nbsp;&nbsp;IOCON_PinMuxSet
<LI><a href="#[6e]">&gt;&gt;</a>&nbsp;&nbsp;&nbsp;GPIO_WritePinOutput
</UL>
<BR>[Called By]<UL><LI><a href="#[d5]">&gt;&gt;</a>&nbsp;&nbsp;&nbsp;connect
</UL>

<P><STRONG><a name="[6f]"></a>BLE_UART_CONFIG</STRONG> (Thumb, 62 bytes, Stack size 24 bytes, ble_uart_int.o(i.BLE_UART_CONFIG))
<BR><BR>[Stack]<UL><LI>Max Depth = 284<LI>Call Chain = BLE_UART_CONFIG &rArr; USART_Init &rArr; USART_SetBaudRate &rArr; __aeabi_assert &rArr; DbgConsole_Printf &rArr; DbgConsole_PrintfFormattedData &rArr; DbgConsole_ConvertRadixNumToString
</UL>
<BR>[Calls]<UL><LI><a href="#[71]">&gt;&gt;</a>&nbsp;&nbsp;&nbsp;CLOCK_GetFreq
<LI><a href="#[72]">&gt;&gt;</a>&nbsp;&nbsp;&nbsp;USART_Init
<LI><a href="#[70]">&gt;&gt;</a>&nbsp;&nbsp;&nbsp;USART_GetDefaultConfig
<LI><a href="#[73]">&gt;&gt;</a>&nbsp;&nbsp;&nbsp;USART_EnableInterrupts
<LI><a href="#[74]">&gt;&gt;</a>&nbsp;&nbsp;&nbsp;EnableIRQ
</UL>
<BR>[Called By]<UL><LI><a href="#[9e]">&gt;&gt;</a>&nbsp;&nbsp;&nbsp;InitBleSubsystem
<LI><a href="#[d5]">&gt;&gt;</a>&nbsp;&nbsp;&nbsp;connect
</UL>

<P><STRONG><a name="[75]"></a>BLE_UART_Init</STRONG> (Thumb, 76 bytes, Stack size 24 bytes, ble_uart_int.o(i.BLE_UART_Init))
<BR><BR>[Stack]<UL><LI>Max Depth = 284<LI>Call Chain = BLE_UART_Init &rArr; USART_Init &rArr; USART_SetBaudRate &rArr; __aeabi_assert &rArr; DbgConsole_Printf &rArr; DbgConsole_PrintfFormattedData &rArr; DbgConsole_ConvertRadixNumToString
</UL>
<BR>[Calls]<UL><LI><a href="#[71]">&gt;&gt;</a>&nbsp;&nbsp;&nbsp;CLOCK_GetFreq
<LI><a href="#[77]">&gt;&gt;</a>&nbsp;&nbsp;&nbsp;CLOCK_AttachClk
<LI><a href="#[72]">&gt;&gt;</a>&nbsp;&nbsp;&nbsp;USART_Init
<LI><a href="#[70]">&gt;&gt;</a>&nbsp;&nbsp;&nbsp;USART_GetDefaultConfig
<LI><a href="#[78]">&gt;&gt;</a>&nbsp;&nbsp;&nbsp;RESET_PeripheralReset
<LI><a href="#[73]">&gt;&gt;</a>&nbsp;&nbsp;&nbsp;USART_EnableInterrupts
<LI><a href="#[74]">&gt;&gt;</a>&nbsp;&nbsp;&nbsp;EnableIRQ
<LI><a href="#[76]">&gt;&gt;</a>&nbsp;&nbsp;&nbsp;BLE_UART_PinMuxSetup
</UL>
<BR>[Called By]<UL><LI><a href="#[9e]">&gt;&gt;</a>&nbsp;&nbsp;&nbsp;InitBleSubsystem
</UL>

<P><STRONG><a name="[7a]"></a>BLE_wakeup</STRONG> (Thumb, 28 bytes, Stack size 8 bytes, ble_wakeup.o(i.BLE_wakeup))
<BR><BR>[Stack]<UL><LI>Max Depth = 16<LI>Call Chain = BLE_wakeup &rArr; GPIO_WritePinOutput
</UL>
<BR>[Calls]<UL><LI><a href="#[6e]">&gt;&gt;</a>&nbsp;&nbsp;&nbsp;GPIO_WritePinOutput
</UL>
<BR>[Called By]<UL><LI><a href="#[c1]">&gt;&gt;</a>&nbsp;&nbsp;&nbsp;app_eaci_evt
</UL>

<P><STRONG><a name="[7b]"></a>BOARD_BootClockFROHF48M</STRONG> (Thumb, 56 bytes, Stack size 8 bytes, clock_config.o(i.BOARD_BootClockFROHF48M))
<BR><BR>[Stack]<UL><LI>Max Depth = 24<LI>Call Chain = BOARD_BootClockFROHF48M &rArr; POWER_SetVoltageForFreq &rArr; POWER_setVdLevel
</UL>
<BR>[Calls]<UL><LI><a href="#[7d]">&gt;&gt;</a>&nbsp;&nbsp;&nbsp;POWER_SetVoltageForFreq
<LI><a href="#[7f]">&gt;&gt;</a>&nbsp;&nbsp;&nbsp;CLOCK_SetupFROClocking
<LI><a href="#[7e]">&gt;&gt;</a>&nbsp;&nbsp;&nbsp;CLOCK_SetFLASHAccessCyclesForFreq
<LI><a href="#[80]">&gt;&gt;</a>&nbsp;&nbsp;&nbsp;CLOCK_SetClkDiv
<LI><a href="#[77]">&gt;&gt;</a>&nbsp;&nbsp;&nbsp;CLOCK_AttachClk
<LI><a href="#[7c]">&gt;&gt;</a>&nbsp;&nbsp;&nbsp;POWER_DisablePD
</UL>
<BR>[Called By]<UL><LI><a href="#[32]">&gt;&gt;</a>&nbsp;&nbsp;&nbsp;main
</UL>

<P><STRONG><a name="[81]"></a>BOARD_InitDebugConsole</STRONG> (Thumb, 50 bytes, Stack size 16 bytes, board.o(i.BOARD_InitDebugConsole))
<BR><BR>[Stack]<UL><LI>Max Depth = 308<LI>Call Chain = BOARD_InitDebugConsole &rArr; DbgConsole_Init &rArr; USART_Init &rArr; USART_SetBaudRate &rArr; __aeabi_assert &rArr; DbgConsole_Printf &rArr; DbgConsole_PrintfFormattedData &rArr; DbgConsole_ConvertRadixNumToString
</UL>
<BR>[Calls]<UL><LI><a href="#[71]">&gt;&gt;</a>&nbsp;&nbsp;&nbsp;CLOCK_GetFreq
<LI><a href="#[83]">&gt;&gt;</a>&nbsp;&nbsp;&nbsp;__aeabi_assert
<LI><a href="#[82]">&gt;&gt;</a>&nbsp;&nbsp;&nbsp;DbgConsole_Init
<LI><a href="#[78]">&gt;&gt;</a>&nbsp;&nbsp;&nbsp;RESET_PeripheralReset
</UL>
<BR>[Called By]<UL><LI><a href="#[32]">&gt;&gt;</a>&nbsp;&nbsp;&nbsp;main
</UL>

<P><STRONG><a name="[84]"></a>BOARD_InitPins</STRONG> (Thumb, 64 bytes, Stack size 16 bytes, pin_mux.o(i.BOARD_InitPins))
<BR><BR>[Stack]<UL><LI>Max Depth = 24<LI>Call Chain = BOARD_InitPins &rArr; IOCON_PinMuxSet
</UL>
<BR>[Calls]<UL><LI><a href="#[85]">&gt;&gt;</a>&nbsp;&nbsp;&nbsp;IOCON_PinMuxSet
</UL>
<BR>[Called By]<UL><LI><a href="#[32]">&gt;&gt;</a>&nbsp;&nbsp;&nbsp;main
</UL>

<P><STRONG><a name="[77]"></a>CLOCK_AttachClk</STRONG> (Thumb, 60 bytes, Stack size 16 bytes, fsl_clock.o(i.CLOCK_AttachClk))
<BR><BR>[Stack]<UL><LI>Max Depth = 16<LI>Call Chain = CLOCK_AttachClk
</UL>
<BR>[Called By]<UL><LI><a href="#[7b]">&gt;&gt;</a>&nbsp;&nbsp;&nbsp;BOARD_BootClockFROHF48M
<LI><a href="#[32]">&gt;&gt;</a>&nbsp;&nbsp;&nbsp;main
<LI><a href="#[75]">&gt;&gt;</a>&nbsp;&nbsp;&nbsp;BLE_UART_Init
</UL>

<P><STRONG><a name="[86]"></a>CLOCK_GetAsyncApbClkFreq</STRONG> (Thumb, 40 bytes, Stack size 8 bytes, fsl_clock.o(i.CLOCK_GetAsyncApbClkFreq))
<BR><BR>[Stack]<UL><LI>Max Depth = 12<LI>Call Chain = CLOCK_GetAsyncApbClkFreq &rArr; CLOCK_GetCoreSysClkFreq
</UL>
<BR>[Calls]<UL><LI><a href="#[87]">&gt;&gt;</a>&nbsp;&nbsp;&nbsp;CLOCK_GetCoreSysClkFreq
</UL>
<BR>[Called By]<UL><LI><a href="#[71]">&gt;&gt;</a>&nbsp;&nbsp;&nbsp;CLOCK_GetFreq
</UL>

<P><STRONG><a name="[87]"></a>CLOCK_GetCoreSysClkFreq</STRONG> (Thumb, 120 bytes, Stack size 4 bytes, fsl_clock.o(i.CLOCK_GetCoreSysClkFreq))
<BR><BR>[Stack]<UL><LI>Max Depth = 4<LI>Call Chain = CLOCK_GetCoreSysClkFreq
</UL>
<BR>[Calls]<UL><LI><a href="#[8a]">&gt;&gt;</a>&nbsp;&nbsp;&nbsp;CLOCK_GetWdtOscFreq
<LI><a href="#[8c]">&gt;&gt;</a>&nbsp;&nbsp;&nbsp;CLOCK_GetPllOutFreq
<LI><a href="#[8d]">&gt;&gt;</a>&nbsp;&nbsp;&nbsp;CLOCK_GetOsc32KFreq
<LI><a href="#[8b]">&gt;&gt;</a>&nbsp;&nbsp;&nbsp;CLOCK_GetFroHfFreq
<LI><a href="#[88]">&gt;&gt;</a>&nbsp;&nbsp;&nbsp;CLOCK_GetFro12MFreq
<LI><a href="#[89]">&gt;&gt;</a>&nbsp;&nbsp;&nbsp;CLOCK_GetExtClkFreq
</UL>
<BR>[Called By]<UL><LI><a href="#[71]">&gt;&gt;</a>&nbsp;&nbsp;&nbsp;CLOCK_GetFreq
<LI><a href="#[8e]">&gt;&gt;</a>&nbsp;&nbsp;&nbsp;CLOCK_GetFRGInputClock
<LI><a href="#[86]">&gt;&gt;</a>&nbsp;&nbsp;&nbsp;CLOCK_GetAsyncApbClkFreq
</UL>

<P><STRONG><a name="[8e]"></a>CLOCK_GetFRGInputClock</STRONG> (Thumb, 60 bytes, Stack size 4 bytes, fsl_clock.o(i.CLOCK_GetFRGInputClock))
<BR><BR>[Stack]<UL><LI>Max Depth = 8<LI>Call Chain = CLOCK_GetFRGInputClock &rArr; CLOCK_GetCoreSysClkFreq
</UL>
<BR>[Calls]<UL><LI><a href="#[8c]">&gt;&gt;</a>&nbsp;&nbsp;&nbsp;CLOCK_GetPllOutFreq
<LI><a href="#[8b]">&gt;&gt;</a>&nbsp;&nbsp;&nbsp;CLOCK_GetFroHfFreq
<LI><a href="#[88]">&gt;&gt;</a>&nbsp;&nbsp;&nbsp;CLOCK_GetFro12MFreq
<LI><a href="#[87]">&gt;&gt;</a>&nbsp;&nbsp;&nbsp;CLOCK_GetCoreSysClkFreq
</UL>
<BR>[Called By]<UL><LI><a href="#[71]">&gt;&gt;</a>&nbsp;&nbsp;&nbsp;CLOCK_GetFreq
</UL>

<P><STRONG><a name="[8f]"></a>CLOCK_GetFlexCommClkFreq</STRONG> (Thumb, 88 bytes, Stack size 8 bytes, fsl_clock.o(i.CLOCK_GetFlexCommClkFreq))
<BR><BR>[Stack]<UL><LI>Max Depth = 8 + In Cycle
<LI>Call Chain = CLOCK_GetFlexCommClkFreq &rArr;  CLOCK_GetFreq (Cycle)
</UL>
<BR>[Calls]<UL><LI><a href="#[8c]">&gt;&gt;</a>&nbsp;&nbsp;&nbsp;CLOCK_GetPllOutFreq
<LI><a href="#[90]">&gt;&gt;</a>&nbsp;&nbsp;&nbsp;CLOCK_GetI2SMClkFreq
<LI><a href="#[8b]">&gt;&gt;</a>&nbsp;&nbsp;&nbsp;CLOCK_GetFroHfFreq
<LI><a href="#[88]">&gt;&gt;</a>&nbsp;&nbsp;&nbsp;CLOCK_GetFro12MFreq
<LI><a href="#[71]">&gt;&gt;</a>&nbsp;&nbsp;&nbsp;CLOCK_GetFreq
</UL>
<BR>[Called By]<UL><LI><a href="#[71]">&gt;&gt;</a>&nbsp;&nbsp;&nbsp;CLOCK_GetFreq
</UL>

<P><STRONG><a name="[71]"></a>CLOCK_GetFreq</STRONG> (Thumb, 424 bytes, Stack size 24 bytes, fsl_clock.o(i.CLOCK_GetFreq))
<BR><BR>[Stack]<UL><LI>Max Depth = 64<LI>Call Chain = CLOCK_GetFreq &rArr; __aeabi_uldivmod
</UL>
<BR>[Calls]<UL><LI><a href="#[8a]">&gt;&gt;</a>&nbsp;&nbsp;&nbsp;CLOCK_GetWdtOscFreq
<LI><a href="#[8c]">&gt;&gt;</a>&nbsp;&nbsp;&nbsp;CLOCK_GetPllOutFreq
<LI><a href="#[90]">&gt;&gt;</a>&nbsp;&nbsp;&nbsp;CLOCK_GetI2SMClkFreq
<LI><a href="#[8b]">&gt;&gt;</a>&nbsp;&nbsp;&nbsp;CLOCK_GetFroHfFreq
<LI><a href="#[88]">&gt;&gt;</a>&nbsp;&nbsp;&nbsp;CLOCK_GetFro12MFreq
<LI><a href="#[8f]">&gt;&gt;</a>&nbsp;&nbsp;&nbsp;CLOCK_GetFlexCommClkFreq
<LI><a href="#[8e]">&gt;&gt;</a>&nbsp;&nbsp;&nbsp;CLOCK_GetFRGInputClock
<LI><a href="#[87]">&gt;&gt;</a>&nbsp;&nbsp;&nbsp;CLOCK_GetCoreSysClkFreq
<LI><a href="#[86]">&gt;&gt;</a>&nbsp;&nbsp;&nbsp;CLOCK_GetAsyncApbClkFreq
<LI><a href="#[64]">&gt;&gt;</a>&nbsp;&nbsp;&nbsp;__aeabi_uldivmod
</UL>
<BR>[Called By]<UL><LI><a href="#[8f]">&gt;&gt;</a>&nbsp;&nbsp;&nbsp;CLOCK_GetFlexCommClkFreq
<LI><a href="#[81]">&gt;&gt;</a>&nbsp;&nbsp;&nbsp;BOARD_InitDebugConsole
<LI><a href="#[75]">&gt;&gt;</a>&nbsp;&nbsp;&nbsp;BLE_UART_Init
<LI><a href="#[6f]">&gt;&gt;</a>&nbsp;&nbsp;&nbsp;BLE_UART_CONFIG
</UL>

<P><STRONG><a name="[88]"></a>CLOCK_GetFro12MFreq</STRONG> (Thumb, 18 bytes, Stack size 0 bytes, fsl_clock.o(i.CLOCK_GetFro12MFreq))
<BR><BR>[Called By]<UL><LI><a href="#[71]">&gt;&gt;</a>&nbsp;&nbsp;&nbsp;CLOCK_GetFreq
<LI><a href="#[8f]">&gt;&gt;</a>&nbsp;&nbsp;&nbsp;CLOCK_GetFlexCommClkFreq
<LI><a href="#[8e]">&gt;&gt;</a>&nbsp;&nbsp;&nbsp;CLOCK_GetFRGInputClock
<LI><a href="#[87]">&gt;&gt;</a>&nbsp;&nbsp;&nbsp;CLOCK_GetCoreSysClkFreq
</UL>

<P><STRONG><a name="[8b]"></a>CLOCK_GetFroHfFreq</STRONG> (Thumb, 46 bytes, Stack size 0 bytes, fsl_clock.o(i.CLOCK_GetFroHfFreq))
<BR><BR>[Called By]<UL><LI><a href="#[71]">&gt;&gt;</a>&nbsp;&nbsp;&nbsp;CLOCK_GetFreq
<LI><a href="#[8f]">&gt;&gt;</a>&nbsp;&nbsp;&nbsp;CLOCK_GetFlexCommClkFreq
<LI><a href="#[8e]">&gt;&gt;</a>&nbsp;&nbsp;&nbsp;CLOCK_GetFRGInputClock
<LI><a href="#[87]">&gt;&gt;</a>&nbsp;&nbsp;&nbsp;CLOCK_GetCoreSysClkFreq
</UL>

<P><STRONG><a name="[90]"></a>CLOCK_GetI2SMClkFreq</STRONG> (Thumb, 6 bytes, Stack size 0 bytes, fsl_clock.o(i.CLOCK_GetI2SMClkFreq))
<BR><BR>[Called By]<UL><LI><a href="#[71]">&gt;&gt;</a>&nbsp;&nbsp;&nbsp;CLOCK_GetFreq
<LI><a href="#[8f]">&gt;&gt;</a>&nbsp;&nbsp;&nbsp;CLOCK_GetFlexCommClkFreq
</UL>

<P><STRONG><a name="[8d]"></a>CLOCK_GetOsc32KFreq</STRONG> (Thumb, 6 bytes, Stack size 0 bytes, fsl_clock.o(i.CLOCK_GetOsc32KFreq))
<BR><BR>[Called By]<UL><LI><a href="#[87]">&gt;&gt;</a>&nbsp;&nbsp;&nbsp;CLOCK_GetCoreSysClkFreq
</UL>

<P><STRONG><a name="[8c]"></a>CLOCK_GetPllOutFreq</STRONG> (Thumb, 6 bytes, Stack size 0 bytes, fsl_clock.o(i.CLOCK_GetPllOutFreq))
<BR><BR>[Called By]<UL><LI><a href="#[71]">&gt;&gt;</a>&nbsp;&nbsp;&nbsp;CLOCK_GetFreq
<LI><a href="#[8f]">&gt;&gt;</a>&nbsp;&nbsp;&nbsp;CLOCK_GetFlexCommClkFreq
<LI><a href="#[8e]">&gt;&gt;</a>&nbsp;&nbsp;&nbsp;CLOCK_GetFRGInputClock
<LI><a href="#[87]">&gt;&gt;</a>&nbsp;&nbsp;&nbsp;CLOCK_GetCoreSysClkFreq
</UL>

<P><STRONG><a name="[8a]"></a>CLOCK_GetWdtOscFreq</STRONG> (Thumb, 50 bytes, Stack size 0 bytes, fsl_clock.o(i.CLOCK_GetWdtOscFreq))
<BR><BR>[Called By]<UL><LI><a href="#[71]">&gt;&gt;</a>&nbsp;&nbsp;&nbsp;CLOCK_GetFreq
<LI><a href="#[87]">&gt;&gt;</a>&nbsp;&nbsp;&nbsp;CLOCK_GetCoreSysClkFreq
</UL>

<P><STRONG><a name="[80]"></a>CLOCK_SetClkDiv</STRONG> (Thumb, 36 bytes, Stack size 8 bytes, fsl_clock.o(i.CLOCK_SetClkDiv))
<BR><BR>[Stack]<UL><LI>Max Depth = 8<LI>Call Chain = CLOCK_SetClkDiv
</UL>
<BR>[Called By]<UL><LI><a href="#[7b]">&gt;&gt;</a>&nbsp;&nbsp;&nbsp;BOARD_BootClockFROHF48M
</UL>

<P><STRONG><a name="[7e]"></a>CLOCK_SetFLASHAccessCyclesForFreq</STRONG> (Thumb, 68 bytes, Stack size 8 bytes, fsl_clock.o(i.CLOCK_SetFLASHAccessCyclesForFreq))
<BR><BR>[Stack]<UL><LI>Max Depth = 8<LI>Call Chain = CLOCK_SetFLASHAccessCyclesForFreq
</UL>
<BR>[Calls]<UL><LI><a href="#[91]">&gt;&gt;</a>&nbsp;&nbsp;&nbsp;CLOCK_SetFLASHAccessCycles
</UL>
<BR>[Called By]<UL><LI><a href="#[7b]">&gt;&gt;</a>&nbsp;&nbsp;&nbsp;BOARD_BootClockFROHF48M
</UL>

<P><STRONG><a name="[7f]"></a>CLOCK_SetupFROClocking</STRONG> (Thumb, 138 bytes, Stack size 16 bytes, fsl_clock.o(i.CLOCK_SetupFROClocking))
<BR><BR>[Stack]<UL><LI>Max Depth = 16<LI>Call Chain = CLOCK_SetupFROClocking
</UL>
<BR>[Calls]<UL><LI><a href="#[92]">&gt;&gt;</a>&nbsp;&nbsp;&nbsp;POWER_DisablePD
</UL>
<BR>[Called By]<UL><LI><a href="#[7b]">&gt;&gt;</a>&nbsp;&nbsp;&nbsp;BOARD_BootClockFROHF48M
</UL>

<P><STRONG><a name="[3f]"></a>CTIMER0_DriverIRQHandler</STRONG> (Thumb, 10 bytes, Stack size 8 bytes, fsl_ctimer.o(i.CTIMER0_DriverIRQHandler))
<BR><BR>[Stack]<UL><LI>Max Depth = 32<LI>Call Chain = CTIMER0_DriverIRQHandler &rArr; CTIMER_GenericIRQHandler
</UL>
<BR>[Calls]<UL><LI><a href="#[93]">&gt;&gt;</a>&nbsp;&nbsp;&nbsp;CTIMER_GenericIRQHandler
</UL>
<BR>[Address Reference Count : 1]<UL><LI> startup_lpc54114_cm4.o(.text)
</UL>
<P><STRONG><a name="[40]"></a>CTIMER1_DriverIRQHandler</STRONG> (Thumb, 10 bytes, Stack size 8 bytes, fsl_ctimer.o(i.CTIMER1_DriverIRQHandler))
<BR><BR>[Stack]<UL><LI>Max Depth = 32<LI>Call Chain = CTIMER1_DriverIRQHandler &rArr; CTIMER_GenericIRQHandler
</UL>
<BR>[Calls]<UL><LI><a href="#[93]">&gt;&gt;</a>&nbsp;&nbsp;&nbsp;CTIMER_GenericIRQHandler
</UL>
<BR>[Address Reference Count : 1]<UL><LI> startup_lpc54114_cm4.o(.text)
</UL>
<P><STRONG><a name="[59]"></a>CTIMER2_DriverIRQHandler</STRONG> (Thumb, 10 bytes, Stack size 8 bytes, fsl_ctimer.o(i.CTIMER2_DriverIRQHandler))
<BR><BR>[Stack]<UL><LI>Max Depth = 32<LI>Call Chain = CTIMER2_DriverIRQHandler &rArr; CTIMER_GenericIRQHandler
</UL>
<BR>[Calls]<UL><LI><a href="#[93]">&gt;&gt;</a>&nbsp;&nbsp;&nbsp;CTIMER_GenericIRQHandler
</UL>
<BR>[Address Reference Count : 1]<UL><LI> startup_lpc54114_cm4.o(.text)
</UL>
<P><STRONG><a name="[42]"></a>CTIMER3_DriverIRQHandler</STRONG> (Thumb, 10 bytes, Stack size 8 bytes, fsl_ctimer.o(i.CTIMER3_DriverIRQHandler))
<BR><BR>[Stack]<UL><LI>Max Depth = 32<LI>Call Chain = CTIMER3_DriverIRQHandler &rArr; CTIMER_GenericIRQHandler
</UL>
<BR>[Calls]<UL><LI><a href="#[93]">&gt;&gt;</a>&nbsp;&nbsp;&nbsp;CTIMER_GenericIRQHandler
</UL>
<BR>[Address Reference Count : 1]<UL><LI> startup_lpc54114_cm4.o(.text)
</UL>
<P><STRONG><a name="[5a]"></a>CTIMER4_DriverIRQHandler</STRONG> (Thumb, 10 bytes, Stack size 8 bytes, fsl_ctimer.o(i.CTIMER4_DriverIRQHandler))
<BR><BR>[Stack]<UL><LI>Max Depth = 32<LI>Call Chain = CTIMER4_DriverIRQHandler &rArr; CTIMER_GenericIRQHandler
</UL>
<BR>[Calls]<UL><LI><a href="#[93]">&gt;&gt;</a>&nbsp;&nbsp;&nbsp;CTIMER_GenericIRQHandler
</UL>
<BR>[Address Reference Count : 1]<UL><LI> startup_lpc54114_cm4.o(.text)
</UL>
<P><STRONG><a name="[93]"></a>CTIMER_GenericIRQHandler</STRONG> (Thumb, 110 bytes, Stack size 24 bytes, fsl_ctimer.o(i.CTIMER_GenericIRQHandler))
<BR><BR>[Stack]<UL><LI>Max Depth = 24<LI>Call Chain = CTIMER_GenericIRQHandler
</UL>
<BR>[Calls]<UL><LI><a href="#[94]">&gt;&gt;</a>&nbsp;&nbsp;&nbsp;CTIMER_ClearStatusFlags
</UL>
<BR>[Called By]<UL><LI><a href="#[5a]">&gt;&gt;</a>&nbsp;&nbsp;&nbsp;CTIMER4_DriverIRQHandler
<LI><a href="#[42]">&gt;&gt;</a>&nbsp;&nbsp;&nbsp;CTIMER3_DriverIRQHandler
<LI><a href="#[59]">&gt;&gt;</a>&nbsp;&nbsp;&nbsp;CTIMER2_DriverIRQHandler
<LI><a href="#[40]">&gt;&gt;</a>&nbsp;&nbsp;&nbsp;CTIMER1_DriverIRQHandler
<LI><a href="#[3f]">&gt;&gt;</a>&nbsp;&nbsp;&nbsp;CTIMER0_DriverIRQHandler
</UL>

<P><STRONG><a name="[111]"></a>CheckRxTimeOut</STRONG> (Thumb, 44 bytes, Stack size 8 bytes, ble_uart_int.o(i.CheckRxTimeOut))
<BR><BR>[Stack]<UL><LI>Max Depth = 8<LI>Call Chain = CheckRxTimeOut
</UL>
<BR>[Called By]<UL><LI><a href="#[e0]">&gt;&gt;</a>&nbsp;&nbsp;&nbsp;write_command_wait_rsp_exe_result
<LI><a href="#[112]">&gt;&gt;</a>&nbsp;&nbsp;&nbsp;read_rx_payload_data
<LI><a href="#[d6]">&gt;&gt;</a>&nbsp;&nbsp;&nbsp;read_rx_payload_confirm
</UL>

<P><STRONG><a name="[36]"></a>DMA0_DriverIRQHandler</STRONG> (Thumb, 168 bytes, Stack size 24 bytes, fsl_dma.o(i.DMA0_DriverIRQHandler))
<BR><BR>[Stack]<UL><LI>Max Depth = 24<LI>Call Chain = DMA0_DriverIRQHandler
</UL>
<BR>[Address Reference Count : 1]<UL><LI> startup_lpc54114_cm4.o(.text)
</UL>
<P><STRONG><a name="[4e]"></a>DMIC0_DriverIRQHandler</STRONG> (Thumb, 16 bytes, Stack size 8 bytes, fsl_dmic.o(i.DMIC0_DriverIRQHandler))
<BR><BR>[Stack]<UL><LI>Max Depth = 8<LI>Call Chain = DMIC0_DriverIRQHandler
</UL>
<BR>[Address Reference Count : 1]<UL><LI> startup_lpc54114_cm4.o(.text)
</UL>
<P><STRONG><a name="[82]"></a>DbgConsole_Init</STRONG> (Thumb, 74 bytes, Stack size 32 bytes, fsl_debug_console.o(i.DbgConsole_Init))
<BR><BR>[Stack]<UL><LI>Max Depth = 292<LI>Call Chain = DbgConsole_Init &rArr; USART_Init &rArr; USART_SetBaudRate &rArr; __aeabi_assert &rArr; DbgConsole_Printf &rArr; DbgConsole_PrintfFormattedData &rArr; DbgConsole_ConvertRadixNumToString
</UL>
<BR>[Calls]<UL><LI><a href="#[72]">&gt;&gt;</a>&nbsp;&nbsp;&nbsp;USART_Init
<LI><a href="#[70]">&gt;&gt;</a>&nbsp;&nbsp;&nbsp;USART_GetDefaultConfig
</UL>
<BR>[Called By]<UL><LI><a href="#[81]">&gt;&gt;</a>&nbsp;&nbsp;&nbsp;BOARD_InitDebugConsole
</UL>

<P><STRONG><a name="[95]"></a>DbgConsole_Printf</STRONG> (Thumb, 44 bytes, Stack size 32 bytes, fsl_debug_console.o(i.DbgConsole_Printf))
<BR><BR>[Stack]<UL><LI>Max Depth = 188<LI>Call Chain = DbgConsole_Printf &rArr; DbgConsole_PrintfFormattedData &rArr; DbgConsole_ConvertRadixNumToString
</UL>
<BR>[Calls]<UL><LI><a href="#[96]">&gt;&gt;</a>&nbsp;&nbsp;&nbsp;DbgConsole_PrintfFormattedData
</UL>
<BR>[Called By]<UL><LI><a href="#[83]">&gt;&gt;</a>&nbsp;&nbsp;&nbsp;__aeabi_assert
<LI><a href="#[d0]">&gt;&gt;</a>&nbsp;&nbsp;&nbsp;ble_uart_rxdone
<LI><a href="#[9e]">&gt;&gt;</a>&nbsp;&nbsp;&nbsp;InitBleSubsystem
<LI><a href="#[32]">&gt;&gt;</a>&nbsp;&nbsp;&nbsp;main
<LI><a href="#[ea]">&gt;&gt;</a>&nbsp;&nbsp;&nbsp;qn_api_open
<LI><a href="#[ef]">&gt;&gt;</a>&nbsp;&nbsp;&nbsp;qn_api_download_nvds
<LI><a href="#[eb]">&gt;&gt;</a>&nbsp;&nbsp;&nbsp;qn_api_download_app
<LI><a href="#[f0]">&gt;&gt;</a>&nbsp;&nbsp;&nbsp;qn_api_close
<LI><a href="#[ab]">&gt;&gt;</a>&nbsp;&nbsp;&nbsp;isp
<LI><a href="#[c9]">&gt;&gt;</a>&nbsp;&nbsp;&nbsp;app_eaci_msg_hdl
<LI><a href="#[c1]">&gt;&gt;</a>&nbsp;&nbsp;&nbsp;app_eaci_evt
<LI><a href="#[bd]">&gt;&gt;</a>&nbsp;&nbsp;&nbsp;app_eaci_data_error_rsp
<LI><a href="#[bf]">&gt;&gt;</a>&nbsp;&nbsp;&nbsp;app_eaci_data_ind_qpps
<LI><a href="#[61]">&gt;&gt;</a>&nbsp;&nbsp;&nbsp;pint_intr_callback
<LI><a href="#[10b]">&gt;&gt;</a>&nbsp;&nbsp;&nbsp;set_nvds_in_ram_size
<LI><a href="#[103]">&gt;&gt;</a>&nbsp;&nbsp;&nbsp;set_app_size
<LI><a href="#[e7]">&gt;&gt;</a>&nbsp;&nbsp;&nbsp;set_app_in_flash_address
<LI><a href="#[112]">&gt;&gt;</a>&nbsp;&nbsp;&nbsp;read_rx_payload_data
<LI><a href="#[10e]">&gt;&gt;</a>&nbsp;&nbsp;&nbsp;read_nvds_data
<LI><a href="#[d8]">&gt;&gt;</a>&nbsp;&nbsp;&nbsp;read_flash_id
<LI><a href="#[10f]">&gt;&gt;</a>&nbsp;&nbsp;&nbsp;read_flash
<LI><a href="#[fd]">&gt;&gt;</a>&nbsp;&nbsp;&nbsp;nvds_put
<LI><a href="#[fc]">&gt;&gt;</a>&nbsp;&nbsp;&nbsp;nvds_purge
<LI><a href="#[f6]">&gt;&gt;</a>&nbsp;&nbsp;&nbsp;nvds_get
<LI><a href="#[e3]">&gt;&gt;</a>&nbsp;&nbsp;&nbsp;initialize_flash
<LI><a href="#[e2]">&gt;&gt;</a>&nbsp;&nbsp;&nbsp;free_payload
<LI><a href="#[df]">&gt;&gt;</a>&nbsp;&nbsp;&nbsp;flash_erase_sector
<LI><a href="#[dd]">&gt;&gt;</a>&nbsp;&nbsp;&nbsp;flash_erase
<LI><a href="#[d5]">&gt;&gt;</a>&nbsp;&nbsp;&nbsp;connect
<LI><a href="#[d4]">&gt;&gt;</a>&nbsp;&nbsp;&nbsp;config
<LI><a href="#[b8]">&gt;&gt;</a>&nbsp;&nbsp;&nbsp;alloc_tx_payload
<LI><a href="#[b7]">&gt;&gt;</a>&nbsp;&nbsp;&nbsp;alloc_rx_payload
</UL>

<P><STRONG><a name="[5f]"></a>DbgConsole_Putchar</STRONG> (Thumb, 30 bytes, Stack size 8 bytes, fsl_debug_console.o(i.DbgConsole_Putchar))
<BR><BR>[Stack]<UL><LI>Max Depth = 8<LI>Call Chain = DbgConsole_Putchar
</UL>
<BR>[Address Reference Count : 1]<UL><LI> fsl_debug_console.o(i.DbgConsole_Printf)
</UL>
<P><STRONG><a name="[43]"></a>FLEXCOMM0_DriverIRQHandler</STRONG> (Thumb, 36 bytes, Stack size 8 bytes, fsl_flexcomm.o(i.FLEXCOMM0_DriverIRQHandler))
<BR><BR>[Stack]<UL><LI>Max Depth = 196<LI>Call Chain = FLEXCOMM0_DriverIRQHandler &rArr; __aeabi_assert &rArr; DbgConsole_Printf &rArr; DbgConsole_PrintfFormattedData &rArr; DbgConsole_ConvertRadixNumToString
</UL>
<BR>[Calls]<UL><LI><a href="#[83]">&gt;&gt;</a>&nbsp;&nbsp;&nbsp;__aeabi_assert
</UL>
<BR>[Address Reference Count : 1]<UL><LI> startup_lpc54114_cm4.o(.text)
</UL>
<P><STRONG><a name="[44]"></a>FLEXCOMM1_DriverIRQHandler</STRONG> (Thumb, 36 bytes, Stack size 8 bytes, fsl_flexcomm.o(i.FLEXCOMM1_DriverIRQHandler))
<BR><BR>[Stack]<UL><LI>Max Depth = 196<LI>Call Chain = FLEXCOMM1_DriverIRQHandler &rArr; __aeabi_assert &rArr; DbgConsole_Printf &rArr; DbgConsole_PrintfFormattedData &rArr; DbgConsole_ConvertRadixNumToString
</UL>
<BR>[Calls]<UL><LI><a href="#[83]">&gt;&gt;</a>&nbsp;&nbsp;&nbsp;__aeabi_assert
</UL>
<BR>[Address Reference Count : 1]<UL><LI> startup_lpc54114_cm4.o(.text)
</UL>
<P><STRONG><a name="[45]"></a>FLEXCOMM2_DriverIRQHandler</STRONG> (Thumb, 36 bytes, Stack size 8 bytes, fsl_flexcomm.o(i.FLEXCOMM2_DriverIRQHandler))
<BR><BR>[Stack]<UL><LI>Max Depth = 196<LI>Call Chain = FLEXCOMM2_DriverIRQHandler &rArr; __aeabi_assert &rArr; DbgConsole_Printf &rArr; DbgConsole_PrintfFormattedData &rArr; DbgConsole_ConvertRadixNumToString
</UL>
<BR>[Calls]<UL><LI><a href="#[83]">&gt;&gt;</a>&nbsp;&nbsp;&nbsp;__aeabi_assert
</UL>
<BR>[Address Reference Count : 1]<UL><LI> startup_lpc54114_cm4.o(.text)
</UL>
<P><STRONG><a name="[46]"></a>FLEXCOMM3_DriverIRQHandler</STRONG> (Thumb, 36 bytes, Stack size 8 bytes, fsl_flexcomm.o(i.FLEXCOMM3_DriverIRQHandler))
<BR><BR>[Stack]<UL><LI>Max Depth = 196<LI>Call Chain = FLEXCOMM3_DriverIRQHandler &rArr; __aeabi_assert &rArr; DbgConsole_Printf &rArr; DbgConsole_PrintfFormattedData &rArr; DbgConsole_ConvertRadixNumToString
</UL>
<BR>[Calls]<UL><LI><a href="#[83]">&gt;&gt;</a>&nbsp;&nbsp;&nbsp;__aeabi_assert
</UL>
<BR>[Address Reference Count : 1]<UL><LI> startup_lpc54114_cm4.o(.text)
</UL>
<P><STRONG><a name="[47]"></a>FLEXCOMM4_DriverIRQHandler</STRONG> (Thumb, 36 bytes, Stack size 8 bytes, fsl_flexcomm.o(i.FLEXCOMM4_DriverIRQHandler))
<BR><BR>[Stack]<UL><LI>Max Depth = 196<LI>Call Chain = FLEXCOMM4_DriverIRQHandler &rArr; __aeabi_assert &rArr; DbgConsole_Printf &rArr; DbgConsole_PrintfFormattedData &rArr; DbgConsole_ConvertRadixNumToString
</UL>
<BR>[Calls]<UL><LI><a href="#[83]">&gt;&gt;</a>&nbsp;&nbsp;&nbsp;__aeabi_assert
</UL>
<BR>[Address Reference Count : 1]<UL><LI> startup_lpc54114_cm4.o(.text)
</UL>
<P><STRONG><a name="[48]"></a>FLEXCOMM5_DriverIRQHandler</STRONG> (Thumb, 36 bytes, Stack size 8 bytes, fsl_flexcomm.o(i.FLEXCOMM5_DriverIRQHandler))
<BR><BR>[Stack]<UL><LI>Max Depth = 196<LI>Call Chain = FLEXCOMM5_DriverIRQHandler &rArr; __aeabi_assert &rArr; DbgConsole_Printf &rArr; DbgConsole_PrintfFormattedData &rArr; DbgConsole_ConvertRadixNumToString
</UL>
<BR>[Calls]<UL><LI><a href="#[83]">&gt;&gt;</a>&nbsp;&nbsp;&nbsp;__aeabi_assert
</UL>
<BR>[Address Reference Count : 1]<UL><LI> startup_lpc54114_cm4.o(.text)
</UL>
<P><STRONG><a name="[49]"></a>FLEXCOMM6_DriverIRQHandler</STRONG> (Thumb, 36 bytes, Stack size 8 bytes, fsl_flexcomm.o(i.FLEXCOMM6_DriverIRQHandler))
<BR><BR>[Stack]<UL><LI>Max Depth = 196<LI>Call Chain = FLEXCOMM6_DriverIRQHandler &rArr; __aeabi_assert &rArr; DbgConsole_Printf &rArr; DbgConsole_PrintfFormattedData &rArr; DbgConsole_ConvertRadixNumToString
</UL>
<BR>[Calls]<UL><LI><a href="#[83]">&gt;&gt;</a>&nbsp;&nbsp;&nbsp;__aeabi_assert
</UL>
<BR>[Address Reference Count : 1]<UL><LI> startup_lpc54114_cm4.o(.text)
</UL>
<P><STRONG><a name="[4a]"></a>FLEXCOMM7_DriverIRQHandler</STRONG> (Thumb, 36 bytes, Stack size 8 bytes, fsl_flexcomm.o(i.FLEXCOMM7_DriverIRQHandler))
<BR><BR>[Stack]<UL><LI>Max Depth = 196<LI>Call Chain = FLEXCOMM7_DriverIRQHandler &rArr; __aeabi_assert &rArr; DbgConsole_Printf &rArr; DbgConsole_PrintfFormattedData &rArr; DbgConsole_ConvertRadixNumToString
</UL>
<BR>[Calls]<UL><LI><a href="#[83]">&gt;&gt;</a>&nbsp;&nbsp;&nbsp;__aeabi_assert
</UL>
<BR>[Address Reference Count : 1]<UL><LI> startup_lpc54114_cm4.o(.text)
</UL>
<P><STRONG><a name="[1f]"></a>FLEXCOMM7_IRQHandler</STRONG> (Thumb, 56 bytes, Stack size 0 bytes, ble_uart_int.o(i.FLEXCOMM7_IRQHandler))
<BR>[Address Reference Count : 1]<UL><LI> startup_lpc54114_cm4.o(RESET)
</UL>
<P><STRONG><a name="[9a]"></a>FLEXCOMM_GetInstance</STRONG> (Thumb, 38 bytes, Stack size 16 bytes, fsl_flexcomm.o(i.FLEXCOMM_GetInstance))
<BR><BR>[Stack]<UL><LI>Max Depth = 204<LI>Call Chain = FLEXCOMM_GetInstance &rArr; __aeabi_assert &rArr; DbgConsole_Printf &rArr; DbgConsole_PrintfFormattedData &rArr; DbgConsole_ConvertRadixNumToString
</UL>
<BR>[Calls]<UL><LI><a href="#[83]">&gt;&gt;</a>&nbsp;&nbsp;&nbsp;__aeabi_assert
</UL>
<BR>[Called By]<UL><LI><a href="#[9b]">&gt;&gt;</a>&nbsp;&nbsp;&nbsp;FLEXCOMM_Init
</UL>

<P><STRONG><a name="[9b]"></a>FLEXCOMM_Init</STRONG> (Thumb, 68 bytes, Stack size 16 bytes, fsl_flexcomm.o(i.FLEXCOMM_Init))
<BR><BR>[Stack]<UL><LI>Max Depth = 220<LI>Call Chain = FLEXCOMM_Init &rArr; FLEXCOMM_GetInstance &rArr; __aeabi_assert &rArr; DbgConsole_Printf &rArr; DbgConsole_PrintfFormattedData &rArr; DbgConsole_ConvertRadixNumToString
</UL>
<BR>[Calls]<UL><LI><a href="#[9c]">&gt;&gt;</a>&nbsp;&nbsp;&nbsp;FLEXCOMM_SetPeriph
<LI><a href="#[9a]">&gt;&gt;</a>&nbsp;&nbsp;&nbsp;FLEXCOMM_GetInstance
</UL>
<BR>[Called By]<UL><LI><a href="#[72]">&gt;&gt;</a>&nbsp;&nbsp;&nbsp;USART_Init
</UL>

<P><STRONG><a name="[9c]"></a>FLEXCOMM_SetPeriph</STRONG> (Thumb, 68 bytes, Stack size 16 bytes, fsl_flexcomm.o(i.FLEXCOMM_SetPeriph))
<BR><BR>[Stack]<UL><LI>Max Depth = 24<LI>Call Chain = FLEXCOMM_SetPeriph &rArr; FLEXCOMM_PeripheralIsPresent
</UL>
<BR>[Calls]<UL><LI><a href="#[9d]">&gt;&gt;</a>&nbsp;&nbsp;&nbsp;FLEXCOMM_PeripheralIsPresent
</UL>
<BR>[Called By]<UL><LI><a href="#[9b]">&gt;&gt;</a>&nbsp;&nbsp;&nbsp;FLEXCOMM_Init
</UL>

<P><STRONG><a name="[37]"></a>GINT0_DriverIRQHandler</STRONG> (Thumb, 32 bytes, Stack size 8 bytes, fsl_gint.o(i.GINT0_DriverIRQHandler))
<BR><BR>[Stack]<UL><LI>Max Depth = 8<LI>Call Chain = GINT0_DriverIRQHandler
</UL>
<BR>[Address Reference Count : 1]<UL><LI> startup_lpc54114_cm4.o(.text)
</UL>
<P><STRONG><a name="[38]"></a>GINT1_DriverIRQHandler</STRONG> (Thumb, 32 bytes, Stack size 8 bytes, fsl_gint.o(i.GINT1_DriverIRQHandler))
<BR><BR>[Stack]<UL><LI>Max Depth = 8<LI>Call Chain = GINT1_DriverIRQHandler
</UL>
<BR>[Address Reference Count : 1]<UL><LI> startup_lpc54114_cm4.o(.text)
</UL>
<P><STRONG><a name="[6d]"></a>GPIO_PinInit</STRONG> (Thumb, 84 bytes, Stack size 12 bytes, fsl_gpio.o(i.GPIO_PinInit))
<BR><BR>[Stack]<UL><LI>Max Depth = 12<LI>Call Chain = GPIO_PinInit
</UL>
<BR>[Called By]<UL><LI><a href="#[a2]">&gt;&gt;</a>&nbsp;&nbsp;&nbsp;app_eaci_cmd_adv
<LI><a href="#[a0]">&gt;&gt;</a>&nbsp;&nbsp;&nbsp;wakeup_init
<LI><a href="#[6b]">&gt;&gt;</a>&nbsp;&nbsp;&nbsp;BLE_Reset
</UL>

<P><STRONG><a name="[24]"></a>HWVAD0_IRQHandler</STRONG> (Thumb, 16 bytes, Stack size 8 bytes, fsl_dmic.o(i.HWVAD0_IRQHandler))
<BR><BR>[Stack]<UL><LI>Max Depth = 8<LI>Call Chain = HWVAD0_IRQHandler
</UL>
<BR>[Address Reference Count : 1]<UL><LI> startup_lpc54114_cm4.o(RESET)
</UL>
<P><STRONG><a name="[116]"></a>INPUTMUX_AttachSignal</STRONG> (Thumb, 14 bytes, Stack size 12 bytes, fsl_inputmux.o(i.INPUTMUX_AttachSignal))
<BR><BR>[Stack]<UL><LI>Max Depth = 12<LI>Call Chain = INPUTMUX_AttachSignal
</UL>
<BR>[Called By]<UL><LI><a href="#[a0]">&gt;&gt;</a>&nbsp;&nbsp;&nbsp;wakeup_init
</UL>

<P><STRONG><a name="[117]"></a>INPUTMUX_Deinit</STRONG> (Thumb, 36 bytes, Stack size 8 bytes, fsl_inputmux.o(i.INPUTMUX_Deinit))
<BR><BR>[Stack]<UL><LI>Max Depth = 8<LI>Call Chain = INPUTMUX_Deinit
</UL>
<BR>[Called By]<UL><LI><a href="#[a0]">&gt;&gt;</a>&nbsp;&nbsp;&nbsp;wakeup_init
</UL>

<P><STRONG><a name="[115]"></a>INPUTMUX_Init</STRONG> (Thumb, 36 bytes, Stack size 8 bytes, fsl_inputmux.o(i.INPUTMUX_Init))
<BR><BR>[Stack]<UL><LI>Max Depth = 8<LI>Call Chain = INPUTMUX_Init
</UL>
<BR>[Called By]<UL><LI><a href="#[a0]">&gt;&gt;</a>&nbsp;&nbsp;&nbsp;wakeup_init
</UL>

<P><STRONG><a name="[9e]"></a>InitBleSubsystem</STRONG> (Thumb, 106 bytes, Stack size 16 bytes, ble_handler.o(i.InitBleSubsystem))
<BR><BR>[Stack]<UL><LI>Max Depth = 516<LI>Call Chain = InitBleSubsystem &rArr; QN_isp_download &rArr; isp &rArr; qn_api_nvds_put &rArr; nvds_put &rArr; nvds_purge &rArr; DbgConsole_Printf &rArr; DbgConsole_PrintfFormattedData &rArr; DbgConsole_ConvertRadixNumToString
</UL>
<BR>[Calls]<UL><LI><a href="#[95]">&gt;&gt;</a>&nbsp;&nbsp;&nbsp;DbgConsole_Printf
<LI><a href="#[9f]">&gt;&gt;</a>&nbsp;&nbsp;&nbsp;QN_isp_download
<LI><a href="#[a2]">&gt;&gt;</a>&nbsp;&nbsp;&nbsp;app_eaci_cmd_adv
<LI><a href="#[a1]">&gt;&gt;</a>&nbsp;&nbsp;&nbsp;QN_app_init
<LI><a href="#[a0]">&gt;&gt;</a>&nbsp;&nbsp;&nbsp;wakeup_init
<LI><a href="#[75]">&gt;&gt;</a>&nbsp;&nbsp;&nbsp;BLE_UART_Init
<LI><a href="#[6f]">&gt;&gt;</a>&nbsp;&nbsp;&nbsp;BLE_UART_CONFIG
</UL>
<BR>[Called By]<UL><LI><a href="#[32]">&gt;&gt;</a>&nbsp;&nbsp;&nbsp;main
</UL>

<P><STRONG><a name="[a3]"></a>PINT_EnableCallback</STRONG> (Thumb, 92 bytes, Stack size 16 bytes, fsl_pint.o(i.PINT_EnableCallback))
<BR><BR>[Stack]<UL><LI>Max Depth = 204<LI>Call Chain = PINT_EnableCallback &rArr; __aeabi_assert &rArr; DbgConsole_Printf &rArr; DbgConsole_PrintfFormattedData &rArr; DbgConsole_ConvertRadixNumToString
</UL>
<BR>[Calls]<UL><LI><a href="#[83]">&gt;&gt;</a>&nbsp;&nbsp;&nbsp;__aeabi_assert
<LI><a href="#[a5]">&gt;&gt;</a>&nbsp;&nbsp;&nbsp;PINT_PinInterruptClrStatus
<LI><a href="#[a4]">&gt;&gt;</a>&nbsp;&nbsp;&nbsp;NVIC_ClearPendingIRQ
</UL>
<BR>[Called By]<UL><LI><a href="#[a0]">&gt;&gt;</a>&nbsp;&nbsp;&nbsp;wakeup_init
</UL>

<P><STRONG><a name="[a7]"></a>PINT_PatternMatchResetDetectLogic</STRONG> (Thumb, 20 bytes, Stack size 8 bytes, fsl_pint.o(i.PINT_PatternMatchResetDetectLogic))
<BR><BR>[Stack]<UL><LI>Max Depth = 8<LI>Call Chain = PINT_PatternMatchResetDetectLogic
</UL>
<BR>[Called By]<UL><LI><a href="#[58]">&gt;&gt;</a>&nbsp;&nbsp;&nbsp;PIN_INT7_DriverIRQHandler
<LI><a href="#[57]">&gt;&gt;</a>&nbsp;&nbsp;&nbsp;PIN_INT6_DriverIRQHandler
<LI><a href="#[56]">&gt;&gt;</a>&nbsp;&nbsp;&nbsp;PIN_INT5_DriverIRQHandler
<LI><a href="#[55]">&gt;&gt;</a>&nbsp;&nbsp;&nbsp;PIN_INT4_DriverIRQHandler
<LI><a href="#[3c]">&gt;&gt;</a>&nbsp;&nbsp;&nbsp;PIN_INT3_DriverIRQHandler
<LI><a href="#[3b]">&gt;&gt;</a>&nbsp;&nbsp;&nbsp;PIN_INT2_DriverIRQHandler
<LI><a href="#[3a]">&gt;&gt;</a>&nbsp;&nbsp;&nbsp;PIN_INT1_DriverIRQHandler
<LI><a href="#[39]">&gt;&gt;</a>&nbsp;&nbsp;&nbsp;PIN_INT0_DriverIRQHandler
</UL>

<P><STRONG><a name="[a6]"></a>PINT_PinInterruptConfig</STRONG> (Thumb, 122 bytes, Stack size 24 bytes, fsl_pint.o(i.PINT_PinInterruptConfig))
<BR><BR>[Stack]<UL><LI>Max Depth = 212<LI>Call Chain = PINT_PinInterruptConfig &rArr; __aeabi_assert &rArr; DbgConsole_Printf &rArr; DbgConsole_PrintfFormattedData &rArr; DbgConsole_ConvertRadixNumToString
</UL>
<BR>[Calls]<UL><LI><a href="#[83]">&gt;&gt;</a>&nbsp;&nbsp;&nbsp;__aeabi_assert
</UL>
<BR>[Called By]<UL><LI><a href="#[a0]">&gt;&gt;</a>&nbsp;&nbsp;&nbsp;wakeup_init
</UL>

<P><STRONG><a name="[39]"></a>PIN_INT0_DriverIRQHandler</STRONG> (Thumb, 40 bytes, Stack size 8 bytes, fsl_pint.o(i.PIN_INT0_DriverIRQHandler))
<BR><BR>[Stack]<UL><LI>Max Depth = 16<LI>Call Chain = PIN_INT0_DriverIRQHandler &rArr; PINT_PatternMatchResetDetectLogic
</UL>
<BR>[Calls]<UL><LI><a href="#[a7]">&gt;&gt;</a>&nbsp;&nbsp;&nbsp;PINT_PatternMatchResetDetectLogic
<LI><a href="#[a5]">&gt;&gt;</a>&nbsp;&nbsp;&nbsp;PINT_PinInterruptClrStatus
</UL>
<BR>[Address Reference Count : 1]<UL><LI> startup_lpc54114_cm4.o(.text)
</UL>
<P><STRONG><a name="[3a]"></a>PIN_INT1_DriverIRQHandler</STRONG> (Thumb, 40 bytes, Stack size 8 bytes, fsl_pint.o(i.PIN_INT1_DriverIRQHandler))
<BR><BR>[Stack]<UL><LI>Max Depth = 16<LI>Call Chain = PIN_INT1_DriverIRQHandler &rArr; PINT_PatternMatchResetDetectLogic
</UL>
<BR>[Calls]<UL><LI><a href="#[a7]">&gt;&gt;</a>&nbsp;&nbsp;&nbsp;PINT_PatternMatchResetDetectLogic
<LI><a href="#[a5]">&gt;&gt;</a>&nbsp;&nbsp;&nbsp;PINT_PinInterruptClrStatus
</UL>
<BR>[Address Reference Count : 1]<UL><LI> startup_lpc54114_cm4.o(.text)
</UL>
<P><STRONG><a name="[3b]"></a>PIN_INT2_DriverIRQHandler</STRONG> (Thumb, 40 bytes, Stack size 8 bytes, fsl_pint.o(i.PIN_INT2_DriverIRQHandler))
<BR><BR>[Stack]<UL><LI>Max Depth = 16<LI>Call Chain = PIN_INT2_DriverIRQHandler &rArr; PINT_PatternMatchResetDetectLogic
</UL>
<BR>[Calls]<UL><LI><a href="#[a7]">&gt;&gt;</a>&nbsp;&nbsp;&nbsp;PINT_PatternMatchResetDetectLogic
<LI><a href="#[a5]">&gt;&gt;</a>&nbsp;&nbsp;&nbsp;PINT_PinInterruptClrStatus
</UL>
<BR>[Address Reference Count : 1]<UL><LI> startup_lpc54114_cm4.o(.text)
</UL>
<P><STRONG><a name="[3c]"></a>PIN_INT3_DriverIRQHandler</STRONG> (Thumb, 40 bytes, Stack size 8 bytes, fsl_pint.o(i.PIN_INT3_DriverIRQHandler))
<BR><BR>[Stack]<UL><LI>Max Depth = 16<LI>Call Chain = PIN_INT3_DriverIRQHandler &rArr; PINT_PatternMatchResetDetectLogic
</UL>
<BR>[Calls]<UL><LI><a href="#[a7]">&gt;&gt;</a>&nbsp;&nbsp;&nbsp;PINT_PatternMatchResetDetectLogic
<LI><a href="#[a5]">&gt;&gt;</a>&nbsp;&nbsp;&nbsp;PINT_PinInterruptClrStatus
</UL>
<BR>[Address Reference Count : 1]<UL><LI> startup_lpc54114_cm4.o(.text)
</UL>
<P><STRONG><a name="[55]"></a>PIN_INT4_DriverIRQHandler</STRONG> (Thumb, 40 bytes, Stack size 8 bytes, fsl_pint.o(i.PIN_INT4_DriverIRQHandler))
<BR><BR>[Stack]<UL><LI>Max Depth = 16<LI>Call Chain = PIN_INT4_DriverIRQHandler &rArr; PINT_PatternMatchResetDetectLogic
</UL>
<BR>[Calls]<UL><LI><a href="#[a7]">&gt;&gt;</a>&nbsp;&nbsp;&nbsp;PINT_PatternMatchResetDetectLogic
<LI><a href="#[a5]">&gt;&gt;</a>&nbsp;&nbsp;&nbsp;PINT_PinInterruptClrStatus
</UL>
<BR>[Address Reference Count : 1]<UL><LI> startup_lpc54114_cm4.o(.text)
</UL>
<P><STRONG><a name="[56]"></a>PIN_INT5_DriverIRQHandler</STRONG> (Thumb, 40 bytes, Stack size 8 bytes, fsl_pint.o(i.PIN_INT5_DriverIRQHandler))
<BR><BR>[Stack]<UL><LI>Max Depth = 16<LI>Call Chain = PIN_INT5_DriverIRQHandler &rArr; PINT_PatternMatchResetDetectLogic
</UL>
<BR>[Calls]<UL><LI><a href="#[a7]">&gt;&gt;</a>&nbsp;&nbsp;&nbsp;PINT_PatternMatchResetDetectLogic
<LI><a href="#[a5]">&gt;&gt;</a>&nbsp;&nbsp;&nbsp;PINT_PinInterruptClrStatus
</UL>
<BR>[Address Reference Count : 1]<UL><LI> startup_lpc54114_cm4.o(.text)
</UL>
<P><STRONG><a name="[57]"></a>PIN_INT6_DriverIRQHandler</STRONG> (Thumb, 40 bytes, Stack size 8 bytes, fsl_pint.o(i.PIN_INT6_DriverIRQHandler))
<BR><BR>[Stack]<UL><LI>Max Depth = 16<LI>Call Chain = PIN_INT6_DriverIRQHandler &rArr; PINT_PatternMatchResetDetectLogic
</UL>
<BR>[Calls]<UL><LI><a href="#[a7]">&gt;&gt;</a>&nbsp;&nbsp;&nbsp;PINT_PatternMatchResetDetectLogic
<LI><a href="#[a5]">&gt;&gt;</a>&nbsp;&nbsp;&nbsp;PINT_PinInterruptClrStatus
</UL>
<BR>[Address Reference Count : 1]<UL><LI> startup_lpc54114_cm4.o(.text)
</UL>
<P><STRONG><a name="[58]"></a>PIN_INT7_DriverIRQHandler</STRONG> (Thumb, 40 bytes, Stack size 8 bytes, fsl_pint.o(i.PIN_INT7_DriverIRQHandler))
<BR><BR>[Stack]<UL><LI>Max Depth = 16<LI>Call Chain = PIN_INT7_DriverIRQHandler &rArr; PINT_PatternMatchResetDetectLogic
</UL>
<BR>[Calls]<UL><LI><a href="#[a7]">&gt;&gt;</a>&nbsp;&nbsp;&nbsp;PINT_PatternMatchResetDetectLogic
<LI><a href="#[a5]">&gt;&gt;</a>&nbsp;&nbsp;&nbsp;PINT_PinInterruptClrStatus
</UL>
<BR>[Address Reference Count : 1]<UL><LI> startup_lpc54114_cm4.o(.text)
</UL>
<P><STRONG><a name="[7d]"></a>POWER_SetVoltageForFreq</STRONG> (Thumb, 260 bytes, Stack size 8 bytes, fsl_power_lib.o(i.POWER_SetVoltageForFreq))
<BR><BR>[Stack]<UL><LI>Max Depth = 16<LI>Call Chain = POWER_SetVoltageForFreq &rArr; POWER_setVdLevel
</UL>
<BR>[Calls]<UL><LI><a href="#[a8]">&gt;&gt;</a>&nbsp;&nbsp;&nbsp;POWER_setVdLevel
</UL>
<BR>[Called By]<UL><LI><a href="#[7b]">&gt;&gt;</a>&nbsp;&nbsp;&nbsp;BOARD_BootClockFROHF48M
</UL>

<P><STRONG><a name="[a1]"></a>QN_app_init</STRONG> (Thumb, 12 bytes, Stack size 8 bytes, app_env.o(i.QN_app_init))
<BR><BR>[Stack]<UL><LI>Max Depth = 24<LI>Call Chain = QN_app_init &rArr; app_eaci_init &rArr; uartrom_regcb_eaci
</UL>
<BR>[Calls]<UL><LI><a href="#[aa]">&gt;&gt;</a>&nbsp;&nbsp;&nbsp;app_eaci_init
<LI><a href="#[a9]">&gt;&gt;</a>&nbsp;&nbsp;&nbsp;app_env_init
</UL>
<BR>[Called By]<UL><LI><a href="#[9e]">&gt;&gt;</a>&nbsp;&nbsp;&nbsp;InitBleSubsystem
</UL>

<P><STRONG><a name="[9f]"></a>QN_isp_download</STRONG> (Thumb, 42 bytes, Stack size 16 bytes, qn_isp.o(i.QN_isp_download))
<BR><BR>[Stack]<UL><LI>Max Depth = 500<LI>Call Chain = QN_isp_download &rArr; isp &rArr; qn_api_nvds_put &rArr; nvds_put &rArr; nvds_purge &rArr; DbgConsole_Printf &rArr; DbgConsole_PrintfFormattedData &rArr; DbgConsole_ConvertRadixNumToString
</UL>
<BR>[Calls]<UL><LI><a href="#[ab]">&gt;&gt;</a>&nbsp;&nbsp;&nbsp;isp
</UL>
<BR>[Called By]<UL><LI><a href="#[9e]">&gt;&gt;</a>&nbsp;&nbsp;&nbsp;InitBleSubsystem
</UL>

<P><STRONG><a name="[ac]"></a>RESET_ClearPeripheralReset</STRONG> (Thumb, 80 bytes, Stack size 24 bytes, fsl_reset.o(i.RESET_ClearPeripheralReset))
<BR><BR>[Stack]<UL><LI>Max Depth = 212<LI>Call Chain = RESET_ClearPeripheralReset &rArr; __aeabi_assert &rArr; DbgConsole_Printf &rArr; DbgConsole_PrintfFormattedData &rArr; DbgConsole_ConvertRadixNumToString
</UL>
<BR>[Calls]<UL><LI><a href="#[83]">&gt;&gt;</a>&nbsp;&nbsp;&nbsp;__aeabi_assert
</UL>
<BR>[Called By]<UL><LI><a href="#[78]">&gt;&gt;</a>&nbsp;&nbsp;&nbsp;RESET_PeripheralReset
</UL>

<P><STRONG><a name="[78]"></a>RESET_PeripheralReset</STRONG> (Thumb, 18 bytes, Stack size 8 bytes, fsl_reset.o(i.RESET_PeripheralReset))
<BR><BR>[Stack]<UL><LI>Max Depth = 220<LI>Call Chain = RESET_PeripheralReset &rArr; RESET_SetPeripheralReset &rArr; __aeabi_assert &rArr; DbgConsole_Printf &rArr; DbgConsole_PrintfFormattedData &rArr; DbgConsole_ConvertRadixNumToString
</UL>
<BR>[Calls]<UL><LI><a href="#[ad]">&gt;&gt;</a>&nbsp;&nbsp;&nbsp;RESET_SetPeripheralReset
<LI><a href="#[ac]">&gt;&gt;</a>&nbsp;&nbsp;&nbsp;RESET_ClearPeripheralReset
</UL>
<BR>[Called By]<UL><LI><a href="#[81]">&gt;&gt;</a>&nbsp;&nbsp;&nbsp;BOARD_InitDebugConsole
<LI><a href="#[75]">&gt;&gt;</a>&nbsp;&nbsp;&nbsp;BLE_UART_Init
</UL>

<P><STRONG><a name="[ad]"></a>RESET_SetPeripheralReset</STRONG> (Thumb, 80 bytes, Stack size 24 bytes, fsl_reset.o(i.RESET_SetPeripheralReset))
<BR><BR>[Stack]<UL><LI>Max Depth = 212<LI>Call Chain = RESET_SetPeripheralReset &rArr; __aeabi_assert &rArr; DbgConsole_Printf &rArr; DbgConsole_PrintfFormattedData &rArr; DbgConsole_ConvertRadixNumToString
</UL>
<BR>[Calls]<UL><LI><a href="#[83]">&gt;&gt;</a>&nbsp;&nbsp;&nbsp;__aeabi_assert
</UL>
<BR>[Called By]<UL><LI><a href="#[78]">&gt;&gt;</a>&nbsp;&nbsp;&nbsp;RESET_PeripheralReset
</UL>

<P><STRONG><a name="[16]"></a>SCT0_IRQHandler</STRONG> (Thumb, 12 bytes, Stack size 8 bytes, fsl_sctimer.o(i.SCT0_IRQHandler))
<BR><BR>[Stack]<UL><LI>Max Depth = 8<LI>Call Chain = SCT0_IRQHandler
</UL>
<BR>[Address Reference Count : 1]<UL><LI> startup_lpc54114_cm4.o(RESET)
</UL>
<P><STRONG><a name="[9]"></a>SysTick_Handler</STRONG> (Thumb, 12 bytes, Stack size 0 bytes, main_qn9021_ble.o(i.SysTick_Handler))
<BR>[Address Reference Count : 1]<UL><LI> startup_lpc54114_cm4.o(RESET)
</UL>
<P><STRONG><a name="[ae]"></a>SystemCoreClockUpdate</STRONG> (Thumb, 316 bytes, Stack size 32 bytes, system_lpc54114_cm4.o(i.SystemCoreClockUpdate))
<BR><BR>[Stack]<UL><LI>Max Depth = 72<LI>Call Chain = SystemCoreClockUpdate &rArr; __aeabi_uldivmod
</UL>
<BR>[Calls]<UL><LI><a href="#[b0]">&gt;&gt;</a>&nbsp;&nbsp;&nbsp;findPllPreDiv
<LI><a href="#[b1]">&gt;&gt;</a>&nbsp;&nbsp;&nbsp;findPllPostDiv
<LI><a href="#[b2]">&gt;&gt;</a>&nbsp;&nbsp;&nbsp;findPllMMult
<LI><a href="#[af]">&gt;&gt;</a>&nbsp;&nbsp;&nbsp;GetWdtOscFreq
<LI><a href="#[64]">&gt;&gt;</a>&nbsp;&nbsp;&nbsp;__aeabi_uldivmod
</UL>
<BR>[Called By]<UL><LI><a href="#[32]">&gt;&gt;</a>&nbsp;&nbsp;&nbsp;main
</UL>

<P><STRONG><a name="[33]"></a>SystemInit</STRONG> (Thumb, 28 bytes, Stack size 0 bytes, system_lpc54114_cm4.o(i.SystemInit))
<BR>[Address Reference Count : 1]<UL><LI> startup_lpc54114_cm4.o(.text)
</UL>
<P><STRONG><a name="[70]"></a>USART_GetDefaultConfig</STRONG> (Thumb, 48 bytes, Stack size 8 bytes, fsl_usart.o(i.USART_GetDefaultConfig))
<BR><BR>[Stack]<UL><LI>Max Depth = 196<LI>Call Chain = USART_GetDefaultConfig &rArr; __aeabi_assert &rArr; DbgConsole_Printf &rArr; DbgConsole_PrintfFormattedData &rArr; DbgConsole_ConvertRadixNumToString
</UL>
<BR>[Calls]<UL><LI><a href="#[83]">&gt;&gt;</a>&nbsp;&nbsp;&nbsp;__aeabi_assert
</UL>
<BR>[Called By]<UL><LI><a href="#[82]">&gt;&gt;</a>&nbsp;&nbsp;&nbsp;DbgConsole_Init
<LI><a href="#[75]">&gt;&gt;</a>&nbsp;&nbsp;&nbsp;BLE_UART_Init
<LI><a href="#[6f]">&gt;&gt;</a>&nbsp;&nbsp;&nbsp;BLE_UART_CONFIG
</UL>

<P><STRONG><a name="[72]"></a>USART_Init</STRONG> (Thumb, 226 bytes, Stack size 24 bytes, fsl_usart.o(i.USART_Init))
<BR><BR>[Stack]<UL><LI>Max Depth = 260<LI>Call Chain = USART_Init &rArr; USART_SetBaudRate &rArr; __aeabi_assert &rArr; DbgConsole_Printf &rArr; DbgConsole_PrintfFormattedData &rArr; DbgConsole_ConvertRadixNumToString
</UL>
<BR>[Calls]<UL><LI><a href="#[83]">&gt;&gt;</a>&nbsp;&nbsp;&nbsp;__aeabi_assert
<LI><a href="#[9b]">&gt;&gt;</a>&nbsp;&nbsp;&nbsp;FLEXCOMM_Init
<LI><a href="#[b3]">&gt;&gt;</a>&nbsp;&nbsp;&nbsp;USART_SetBaudRate
</UL>
<BR>[Called By]<UL><LI><a href="#[82]">&gt;&gt;</a>&nbsp;&nbsp;&nbsp;DbgConsole_Init
<LI><a href="#[75]">&gt;&gt;</a>&nbsp;&nbsp;&nbsp;BLE_UART_Init
<LI><a href="#[6f]">&gt;&gt;</a>&nbsp;&nbsp;&nbsp;BLE_UART_CONFIG
</UL>

<P><STRONG><a name="[5e]"></a>USART_ReadBlocking</STRONG> (Thumb, 188 bytes, Stack size 24 bytes, fsl_usart.o(i.USART_ReadBlocking))
<BR><BR>[Stack]<UL><LI>Max Depth = 212<LI>Call Chain = USART_ReadBlocking &rArr; __aeabi_assert &rArr; DbgConsole_Printf &rArr; DbgConsole_PrintfFormattedData &rArr; DbgConsole_ConvertRadixNumToString
</UL>
<BR>[Calls]<UL><LI><a href="#[83]">&gt;&gt;</a>&nbsp;&nbsp;&nbsp;__aeabi_assert
</UL>
<BR>[Address Reference Count : 1]<UL><LI> fsl_debug_console.o(i.DbgConsole_Init)
</UL>
<P><STRONG><a name="[b3]"></a>USART_SetBaudRate</STRONG> (Thumb, 152 bytes, Stack size 48 bytes, fsl_usart.o(i.USART_SetBaudRate))
<BR><BR>[Stack]<UL><LI>Max Depth = 236<LI>Call Chain = USART_SetBaudRate &rArr; __aeabi_assert &rArr; DbgConsole_Printf &rArr; DbgConsole_PrintfFormattedData &rArr; DbgConsole_ConvertRadixNumToString
</UL>
<BR>[Calls]<UL><LI><a href="#[83]">&gt;&gt;</a>&nbsp;&nbsp;&nbsp;__aeabi_assert
</UL>
<BR>[Called By]<UL><LI><a href="#[72]">&gt;&gt;</a>&nbsp;&nbsp;&nbsp;USART_Init
</UL>

<P><STRONG><a name="[5d]"></a>USART_WriteBlocking</STRONG> (Thumb, 90 bytes, Stack size 16 bytes, fsl_usart.o(i.USART_WriteBlocking))
<BR><BR>[Stack]<UL><LI>Max Depth = 204<LI>Call Chain = USART_WriteBlocking &rArr; __aeabi_assert &rArr; DbgConsole_Printf &rArr; DbgConsole_PrintfFormattedData &rArr; DbgConsole_ConvertRadixNumToString
</UL>
<BR>[Calls]<UL><LI><a href="#[83]">&gt;&gt;</a>&nbsp;&nbsp;&nbsp;__aeabi_assert
</UL>
<BR>[Called By]<UL><LI><a href="#[bb]">&gt;&gt;</a>&nbsp;&nbsp;&nbsp;eaci_uart_write
<LI><a href="#[113]">&gt;&gt;</a>&nbsp;&nbsp;&nbsp;write_tx_payload
<LI><a href="#[e0]">&gt;&gt;</a>&nbsp;&nbsp;&nbsp;write_command_wait_rsp_exe_result
<LI><a href="#[d5]">&gt;&gt;</a>&nbsp;&nbsp;&nbsp;connect
</UL>
<BR>[Address Reference Count : 1]<UL><LI> fsl_debug_console.o(i.DbgConsole_Init)
</UL>
<P><STRONG><a name="[3d]"></a>UTICK0_DriverIRQHandler</STRONG> (Thumb, 16 bytes, Stack size 8 bytes, fsl_utick.o(i.UTICK0_DriverIRQHandler))
<BR><BR>[Stack]<UL><LI>Max Depth = 8<LI>Call Chain = UTICK0_DriverIRQHandler
</UL>
<BR>[Address Reference Count : 1]<UL><LI> startup_lpc54114_cm4.o(.text)
</UL>
<P><STRONG><a name="[83]"></a>__aeabi_assert</STRONG> (Thumb, 24 bytes, Stack size 0 bytes, fsl_common.o(i.__aeabi_assert))
<BR><BR>[Stack]<UL><LI>Max Depth = 188<LI>Call Chain = __aeabi_assert &rArr; DbgConsole_Printf &rArr; DbgConsole_PrintfFormattedData &rArr; DbgConsole_ConvertRadixNumToString
</UL>
<BR>[Calls]<UL><LI><a href="#[95]">&gt;&gt;</a>&nbsp;&nbsp;&nbsp;DbgConsole_Printf
</UL>
<BR>[Called By]<UL><LI><a href="#[81]">&gt;&gt;</a>&nbsp;&nbsp;&nbsp;BOARD_InitDebugConsole
<LI><a href="#[9a]">&gt;&gt;</a>&nbsp;&nbsp;&nbsp;FLEXCOMM_GetInstance
<LI><a href="#[4a]">&gt;&gt;</a>&nbsp;&nbsp;&nbsp;FLEXCOMM7_DriverIRQHandler
<LI><a href="#[49]">&gt;&gt;</a>&nbsp;&nbsp;&nbsp;FLEXCOMM6_DriverIRQHandler
<LI><a href="#[48]">&gt;&gt;</a>&nbsp;&nbsp;&nbsp;FLEXCOMM5_DriverIRQHandler
<LI><a href="#[47]">&gt;&gt;</a>&nbsp;&nbsp;&nbsp;FLEXCOMM4_DriverIRQHandler
<LI><a href="#[46]">&gt;&gt;</a>&nbsp;&nbsp;&nbsp;FLEXCOMM3_DriverIRQHandler
<LI><a href="#[45]">&gt;&gt;</a>&nbsp;&nbsp;&nbsp;FLEXCOMM2_DriverIRQHandler
[...]
</UL>
<BR>[Calls]<UL><LI><a href="#[95]">&gt;&gt;</a>&nbsp;&nbsp;&nbsp;DbgConsole_Printf
<LI><a href="#[10f]">&gt;&gt;</a>&nbsp;&nbsp;&nbsp;read_flash
</UL>
<BR>[Called By]<UL><LI><a href="#[ea]">&gt;&gt;</a>&nbsp;&nbsp;&nbsp;qn_api_open
<LI><a href="#[10d]">&gt;&gt;</a>&nbsp;&nbsp;&nbsp;verify_nvds
</UL>

<P><STRONG><a name="[d6]"></a>read_rx_payload_confirm</STRONG> (Thumb, 62 bytes, Stack size 24 bytes, qn_isp_api.o(i.read_rx_payload_confirm))
<BR><BR>[Stack]<UL><LI>Max Depth = 32<LI>Call Chain = read_rx_payload_confirm &rArr; CheckRxTimeOut
</UL>
<BR>[Calls]<UL><LI><a href="#[111]">&gt;&gt;</a>&nbsp;&nbsp;&nbsp;CheckRxTimeOut
</UL>
<BR>[Called By]<UL><LI><a href="#[113]">&gt;&gt;</a>&nbsp;&nbsp;&nbsp;write_tx_payload
<LI><a href="#[d5]">&gt;&gt;</a>&nbsp;&nbsp;&nbsp;connect
</UL>

<P><STRONG><a name="[112]"></a>read_rx_payload_data</STRONG> (Thumb, 354 bytes, Stack size 40 bytes, qn_isp_api.o(i.read_rx_payload_data))
<BR><BR>[Stack]<UL><LI>Max Depth = 228<LI>Call Chain = read_rx_payload_data &rArr; DbgConsole_Printf &rArr; DbgConsole_PrintfFormattedData &rArr; DbgConsole_ConvertRadixNumToString
</UL>
<BR>[Calls]<UL><LI><a href="#[95]">&gt;&gt;</a>&nbsp;&nbsp;&nbsp;DbgConsole_Printf
<LI><a href="#[111]">&gt;&gt;</a>&nbsp;&nbsp;&nbsp;CheckRxTimeOut
<LI><a href="#[ff]">&gt;&gt;</a>&nbsp;&nbsp;&nbsp;calc_crc16
</UL>
<BR>[Called By]<UL><LI><a href="#[110]">&gt;&gt;</a>&nbsp;&nbsp;&nbsp;write_command_wait_rsp_data
</UL>

<P><STRONG><a name="[106]"></a>run_to_ram</STRONG> (Thumb, 26 bytes, Stack size 16 bytes, qn_isp_api.o(i.run_to_ram))
<BR><BR>[Stack]<UL><LI>Max Depth = 236<LI>Call Chain = run_to_ram &rArr; write_tx_payload &rArr; USART_WriteBlocking &rArr; __aeabi_assert &rArr; DbgConsole_Printf &rArr; DbgConsole_PrintfFormattedData &rArr; DbgConsole_ConvertRadixNumToString
</UL>
<BR>[Calls]<UL><LI><a href="#[113]">&gt;&gt;</a>&nbsp;&nbsp;&nbsp;write_tx_payload
<LI><a href="#[b8]">&gt;&gt;</a>&nbsp;&nbsp;&nbsp;alloc_tx_payload
</UL>
<BR>[Called By]<UL><LI><a href="#[f0]">&gt;&gt;</a>&nbsp;&nbsp;&nbsp;qn_api_close
</UL>

<P><STRONG><a name="[104]"></a>set_app_crc</STRONG> (Thumb, 42 bytes, Stack size 24 bytes, qn_isp_api.o(i.set_app_crc))
<BR><BR>[Stack]<UL><LI>Max Depth = 260<LI>Call Chain = set_app_crc &rArr; alloc_tx_payload_data_32bit &rArr; alloc_tx_payload &rArr; DbgConsole_Printf &rArr; DbgConsole_PrintfFormattedData &rArr; DbgConsole_ConvertRadixNumToString
</UL>
<BR>[Calls]<UL><LI><a href="#[e0]">&gt;&gt;</a>&nbsp;&nbsp;&nbsp;write_command_wait_rsp_exe_result
<LI><a href="#[b9]">&gt;&gt;</a>&nbsp;&nbsp;&nbsp;alloc_tx_payload_data_32bit
</UL>
<BR>[Called By]<UL><LI><a href="#[101]">&gt;&gt;</a>&nbsp;&nbsp;&nbsp;program_application
</UL>

<P><STRONG><a name="[e7]"></a>set_app_in_flash_address</STRONG> (Thumb, 90 bytes, Stack size 24 bytes, qn_isp_api.o(i.set_app_in_flash_address))
<BR><BR>[Stack]<UL><LI>Max Depth = 260<LI>Call Chain = set_app_in_flash_address &rArr; alloc_tx_payload_data_32bit &rArr; alloc_tx_payload &rArr; DbgConsole_Printf &rArr; DbgConsole_PrintfFormattedData &rArr; DbgConsole_ConvertRadixNumToString
</UL>
<BR>[Calls]<UL><LI><a href="#[95]">&gt;&gt;</a>&nbsp;&nbsp;&nbsp;DbgConsole_Printf
<LI><a href="#[e0]">&gt;&gt;</a>&nbsp;&nbsp;&nbsp;write_command_wait_rsp_exe_result
<LI><a href="#[b9]">&gt;&gt;</a>&nbsp;&nbsp;&nbsp;alloc_tx_payload_data_32bit
</UL>
<BR>[Called By]<UL><LI><a href="#[e3]">&gt;&gt;</a>&nbsp;&nbsp;&nbsp;initialize_flash
</UL>

<P><STRONG><a name="[e9]"></a>set_app_in_ram_address</STRONG> (Thumb, 54 bytes, Stack size 24 bytes, qn_isp_api.o(i.set_app_in_ram_address))
<BR><BR>[Stack]<UL><LI>Max Depth = 260<LI>Call Chain = set_app_in_ram_address &rArr; alloc_tx_payload_data_32bit &rArr; alloc_tx_payload &rArr; DbgConsole_Printf &rArr; DbgConsole_PrintfFormattedData &rArr; DbgConsole_ConvertRadixNumToString
</UL>
<BR>[Calls]<UL><LI><a href="#[e0]">&gt;&gt;</a>&nbsp;&nbsp;&nbsp;write_command_wait_rsp_exe_result
<LI><a href="#[b9]">&gt;&gt;</a>&nbsp;&nbsp;&nbsp;alloc_tx_payload_data_32bit
</UL>
<BR>[Called By]<UL><LI><a href="#[e8]">&gt;&gt;</a>&nbsp;&nbsp;&nbsp;initialize_ram
</UL>

<P><STRONG><a name="[107]"></a>set_app_location</STRONG> (Thumb, 66 bytes, Stack size 16 bytes, qn_isp_api.o(i.set_app_location))
<BR><BR>[Stack]<UL><LI>Max Depth = 236<LI>Call Chain = set_app_location &rArr; write_tx_payload &rArr; USART_WriteBlocking &rArr; __aeabi_assert &rArr; DbgConsole_Printf &rArr; DbgConsole_PrintfFormattedData &rArr; DbgConsole_ConvertRadixNumToString
</UL>
<BR>[Calls]<UL><LI><a href="#[113]">&gt;&gt;</a>&nbsp;&nbsp;&nbsp;write_tx_payload
<LI><a href="#[b8]">&gt;&gt;</a>&nbsp;&nbsp;&nbsp;alloc_tx_payload
</UL>
<BR>[Called By]<UL><LI><a href="#[eb]">&gt;&gt;</a>&nbsp;&nbsp;&nbsp;qn_api_download_app
</UL>

<P><STRONG><a name="[102]"></a>set_app_reset_address</STRONG> (Thumb, 44 bytes, Stack size 24 bytes, qn_isp_api.o(i.set_app_reset_address))
<BR><BR>[Stack]<UL><LI>Max Depth = 260<LI>Call Chain = set_app_reset_address &rArr; alloc_tx_payload_data_32bit &rArr; alloc_tx_payload &rArr; DbgConsole_Printf &rArr; DbgConsole_PrintfFormattedData &rArr; DbgConsole_ConvertRadixNumToString
</UL>
<BR>[Calls]<UL><LI><a href="#[e0]">&gt;&gt;</a>&nbsp;&nbsp;&nbsp;write_command_wait_rsp_exe_result
<LI><a href="#[b9]">&gt;&gt;</a>&nbsp;&nbsp;&nbsp;alloc_tx_payload_data_32bit
</UL>
<BR>[Called By]<UL><LI><a href="#[101]">&gt;&gt;</a>&nbsp;&nbsp;&nbsp;program_application
</UL>

<P><STRONG><a name="[103]"></a>set_app_size</STRONG> (Thumb, 100 bytes, Stack size 24 bytes, qn_isp_api.o(i.set_app_size))
<BR><BR>[Stack]<UL><LI>Max Depth = 260<LI>Call Chain = set_app_size &rArr; alloc_tx_payload_data_32bit &rArr; alloc_tx_payload &rArr; DbgConsole_Printf &rArr; DbgConsole_PrintfFormattedData &rArr; DbgConsole_ConvertRadixNumToString
</UL>
<BR>[Calls]<UL><LI><a href="#[95]">&gt;&gt;</a>&nbsp;&nbsp;&nbsp;DbgConsole_Printf
<LI><a href="#[e0]">&gt;&gt;</a>&nbsp;&nbsp;&nbsp;write_command_wait_rsp_exe_result
<LI><a href="#[b9]">&gt;&gt;</a>&nbsp;&nbsp;&nbsp;alloc_tx_payload_data_32bit
</UL>
<BR>[Called By]<UL><LI><a href="#[101]">&gt;&gt;</a>&nbsp;&nbsp;&nbsp;program_application
</UL>

<P><STRONG><a name="[d7]"></a>set_device_baudrate</STRONG> (Thumb, 136 bytes, Stack size 24 bytes, qn_isp_api.o(i.set_device_baudrate))
<BR><BR>[Stack]<UL><LI>Max Depth = 244<LI>Call Chain = set_device_baudrate &rArr; write_tx_payload &rArr; USART_WriteBlocking &rArr; __aeabi_assert &rArr; DbgConsole_Printf &rArr; DbgConsole_PrintfFormattedData &rArr; DbgConsole_ConvertRadixNumToString
</UL>
<BR>[Calls]<UL><LI><a href="#[113]">&gt;&gt;</a>&nbsp;&nbsp;&nbsp;write_tx_payload
<LI><a href="#[b8]">&gt;&gt;</a>&nbsp;&nbsp;&nbsp;alloc_tx_payload
</UL>
<BR>[Called By]<UL><LI><a href="#[d5]">&gt;&gt;</a>&nbsp;&nbsp;&nbsp;connect
</UL>

<P><STRONG><a name="[e6]"></a>set_flash_clock</STRONG> (Thumb, 52 bytes, Stack size 24 bytes, qn_isp_api.o(i.set_flash_clock))
<BR><BR>[Stack]<UL><LI>Max Depth = 260<LI>Call Chain = set_flash_clock &rArr; alloc_tx_payload_data_32bit &rArr; alloc_tx_payload &rArr; DbgConsole_Printf &rArr; DbgConsole_PrintfFormattedData &rArr; DbgConsole_ConvertRadixNumToString
</UL>
<BR>[Calls]<UL><LI><a href="#[e0]">&gt;&gt;</a>&nbsp;&nbsp;&nbsp;write_command_wait_rsp_exe_result
<LI><a href="#[b9]">&gt;&gt;</a>&nbsp;&nbsp;&nbsp;alloc_tx_payload_data_32bit
</UL>
<BR>[Called By]<UL><LI><a href="#[e3]">&gt;&gt;</a>&nbsp;&nbsp;&nbsp;initialize_flash
</UL>

<P><STRONG><a name="[e5]"></a>set_flash_commmand</STRONG> (Thumb, 50 bytes, Stack size 16 bytes, qn_isp_api.o(i.set_flash_commmand))
<BR><BR>[Stack]<UL><LI>Max Depth = 244<LI>Call Chain = set_flash_commmand &rArr; write_command_wait_rsp_exe_result &rArr; USART_WriteBlocking &rArr; __aeabi_assert &rArr; DbgConsole_Printf &rArr; DbgConsole_PrintfFormattedData &rArr; DbgConsole_ConvertRadixNumToString
</UL>
<BR>[Calls]<UL><LI><a href="#[e0]">&gt;&gt;</a>&nbsp;&nbsp;&nbsp;write_command_wait_rsp_exe_result
<LI><a href="#[b8]">&gt;&gt;</a>&nbsp;&nbsp;&nbsp;alloc_tx_payload
</UL>
<BR>[Called By]<UL><LI><a href="#[e3]">&gt;&gt;</a>&nbsp;&nbsp;&nbsp;initialize_flash
</UL>

<P><STRONG><a name="[10a]"></a>set_nvds_in_ram_address</STRONG> (Thumb, 42 bytes, Stack size 24 bytes, qn_isp_api.o(i.set_nvds_in_ram_address))
<BR><BR>[Stack]<UL><LI>Max Depth = 260<LI>Call Chain = set_nvds_in_ram_address &rArr; alloc_tx_payload_data_32bit &rArr; alloc_tx_payload &rArr; DbgConsole_Printf &rArr; DbgConsole_PrintfFormattedData &rArr; DbgConsole_ConvertRadixNumToString
</UL>
<BR>[Calls]<UL><LI><a href="#[e0]">&gt;&gt;</a>&nbsp;&nbsp;&nbsp;write_command_wait_rsp_exe_result
<LI><a href="#[b9]">&gt;&gt;</a>&nbsp;&nbsp;&nbsp;alloc_tx_payload_data_32bit
</UL>
<BR>[Called By]<UL><LI><a href="#[ef]">&gt;&gt;</a>&nbsp;&nbsp;&nbsp;qn_api_download_nvds
</UL>

<P><STRONG><a name="[10c]"></a>set_nvds_in_ram_crc</STRONG> (Thumb, 42 bytes, Stack size 24 bytes, qn_isp_api.o(i.set_nvds_in_ram_crc))
<BR><BR>[Stack]<UL><LI>Max Depth = 260<LI>Call Chain = set_nvds_in_ram_crc &rArr; alloc_tx_payload_data_32bit &rArr; alloc_tx_payload &rArr; DbgConsole_Printf &rArr; DbgConsole_PrintfFormattedData &rArr; DbgConsole_ConvertRadixNumToString
</UL>
<BR>[Calls]<UL><LI><a href="#[e0]">&gt;&gt;</a>&nbsp;&nbsp;&nbsp;write_command_wait_rsp_exe_result
<LI><a href="#[b9]">&gt;&gt;</a>&nbsp;&nbsp;&nbsp;alloc_tx_payload_data_32bit
</UL>
<BR>[Called By]<UL><LI><a href="#[ef]">&gt;&gt;</a>&nbsp;&nbsp;&nbsp;qn_api_download_nvds
</UL>

<P><STRONG><a name="[10b]"></a>set_nvds_in_ram_size</STRONG> (Thumb, 100 bytes, Stack size 24 bytes, qn_isp_api.o(i.set_nvds_in_ram_size))
<BR><BR>[Stack]<UL><LI>Max Depth = 260<LI>Call Chain = set_nvds_in_ram_size &rArr; alloc_tx_payload_data_32bit &rArr; alloc_tx_payload &rArr; DbgConsole_Printf &rArr; DbgConsole_PrintfFormattedData &rArr; DbgConsole_ConvertRadixNumToString
</UL>
<BR>[Calls]<UL><LI><a href="#[95]">&gt;&gt;</a>&nbsp;&nbsp;&nbsp;DbgConsole_Printf
<LI><a href="#[e0]">&gt;&gt;</a>&nbsp;&nbsp;&nbsp;write_command_wait_rsp_exe_result
<LI><a href="#[b9]">&gt;&gt;</a>&nbsp;&nbsp;&nbsp;alloc_tx_payload_data_32bit
</UL>
<BR>[Called By]<UL><LI><a href="#[ef]">&gt;&gt;</a>&nbsp;&nbsp;&nbsp;qn_api_download_nvds
</UL>

<P><STRONG><a name="[109]"></a>set_nvds_location</STRONG> (Thumb, 66 bytes, Stack size 16 bytes, qn_isp_api.o(i.set_nvds_location))
<BR><BR>[Stack]<UL><LI>Max Depth = 236<LI>Call Chain = set_nvds_location &rArr; write_tx_payload &rArr; USART_WriteBlocking &rArr; __aeabi_assert &rArr; DbgConsole_Printf &rArr; DbgConsole_PrintfFormattedData &rArr; DbgConsole_ConvertRadixNumToString
</UL>
<BR>[Calls]<UL><LI><a href="#[113]">&gt;&gt;</a>&nbsp;&nbsp;&nbsp;write_tx_payload
<LI><a href="#[b8]">&gt;&gt;</a>&nbsp;&nbsp;&nbsp;alloc_tx_payload
</UL>
<BR>[Called By]<UL><LI><a href="#[ef]">&gt;&gt;</a>&nbsp;&nbsp;&nbsp;qn_api_download_nvds
</UL>

<P><STRONG><a name="[e4]"></a>set_random_data</STRONG> (Thumb, 36 bytes, Stack size 16 bytes, qn_isp_api.o(i.set_random_data))
<BR><BR>[Stack]<UL><LI>Max Depth = 252<LI>Call Chain = set_random_data &rArr; alloc_tx_payload_data_32bit &rArr; alloc_tx_payload &rArr; DbgConsole_Printf &rArr; DbgConsole_PrintfFormattedData &rArr; DbgConsole_ConvertRadixNumToString
</UL>
<BR>[Calls]<UL><LI><a href="#[114]">&gt;&gt;</a>&nbsp;&nbsp;&nbsp;rand
<LI><a href="#[e0]">&gt;&gt;</a>&nbsp;&nbsp;&nbsp;write_command_wait_rsp_exe_result
<LI><a href="#[b9]">&gt;&gt;</a>&nbsp;&nbsp;&nbsp;alloc_tx_payload_data_32bit
</UL>
<BR>[Called By]<UL><LI><a href="#[e3]">&gt;&gt;</a>&nbsp;&nbsp;&nbsp;initialize_flash
</UL>

<P><STRONG><a name="[e1]"></a>set_start_address</STRONG> (Thumb, 28 bytes, Stack size 16 bytes, qn_isp_api.o(i.set_start_address))
<BR><BR>[Stack]<UL><LI>Max Depth = 252<LI>Call Chain = set_start_address &rArr; alloc_tx_payload_data_32bit &rArr; alloc_tx_payload &rArr; DbgConsole_Printf &rArr; DbgConsole_PrintfFormattedData &rArr; DbgConsole_ConvertRadixNumToString
</UL>
<BR>[Calls]<UL><LI><a href="#[113]">&gt;&gt;</a>&nbsp;&nbsp;&nbsp;write_tx_payload
<LI><a href="#[b9]">&gt;&gt;</a>&nbsp;&nbsp;&nbsp;alloc_tx_payload_data_32bit
</UL>
<BR>[Called By]<UL><LI><a href="#[10f]">&gt;&gt;</a>&nbsp;&nbsp;&nbsp;read_flash
<LI><a href="#[101]">&gt;&gt;</a>&nbsp;&nbsp;&nbsp;program_application
<LI><a href="#[100]">&gt;&gt;</a>&nbsp;&nbsp;&nbsp;program
<LI><a href="#[df]">&gt;&gt;</a>&nbsp;&nbsp;&nbsp;flash_erase_sector
</UL>

<P><STRONG><a name="[108]"></a>verify</STRONG> (Thumb, 36 bytes, Stack size 16 bytes, qn_isp_api.o(i.verify))
<BR><BR>[Stack]<UL><LI>Max Depth = 244<LI>Call Chain = verify &rArr; write_command_wait_rsp_exe_result &rArr; USART_WriteBlocking &rArr; __aeabi_assert &rArr; DbgConsole_Printf &rArr; DbgConsole_PrintfFormattedData &rArr; DbgConsole_ConvertRadixNumToString
</UL>
<BR>[Calls]<UL><LI><a href="#[e0]">&gt;&gt;</a>&nbsp;&nbsp;&nbsp;write_command_wait_rsp_exe_result
<LI><a href="#[b8]">&gt;&gt;</a>&nbsp;&nbsp;&nbsp;alloc_tx_payload
</UL>
<BR>[Called By]<UL><LI><a href="#[eb]">&gt;&gt;</a>&nbsp;&nbsp;&nbsp;qn_api_download_app
<LI><a href="#[10d]">&gt;&gt;</a>&nbsp;&nbsp;&nbsp;verify_nvds
</UL>

<P><STRONG><a name="[10d]"></a>verify_nvds</STRONG> (Thumb, 128 bytes, Stack size 16 bytes, qn_isp_api.o(i.verify_nvds))
<BR><BR>[Stack]<UL><LI>Max Depth = 324<LI>Call Chain = verify_nvds &rArr; read_nvds_data &rArr; read_flash &rArr; write_command_wait_rsp_data &rArr; read_rx_payload_data &rArr; DbgConsole_Printf &rArr; DbgConsole_PrintfFormattedData &rArr; DbgConsole_ConvertRadixNumToString
</UL>
<BR>[Calls]<UL><LI><a href="#[fb]">&gt;&gt;</a>&nbsp;&nbsp;&nbsp;memcmp
<LI><a href="#[108]">&gt;&gt;</a>&nbsp;&nbsp;&nbsp;verify
<LI><a href="#[10e]">&gt;&gt;</a>&nbsp;&nbsp;&nbsp;read_nvds_data
</UL>
<BR>[Called By]<UL><LI><a href="#[ef]">&gt;&gt;</a>&nbsp;&nbsp;&nbsp;qn_api_download_nvds
</UL>

<P><STRONG><a name="[110]"></a>write_command_wait_rsp_data</STRONG> (Thumb, 66 bytes, Stack size 24 bytes, qn_isp_api.o(i.write_command_wait_rsp_data))
<BR><BR>[Stack]<UL><LI>Max Depth = 252<LI>Call Chain = write_command_wait_rsp_data &rArr; read_rx_payload_data &rArr; DbgConsole_Printf &rArr; DbgConsole_PrintfFormattedData &rArr; DbgConsole_ConvertRadixNumToString
</UL>
<BR>[Calls]<UL><LI><a href="#[113]">&gt;&gt;</a>&nbsp;&nbsp;&nbsp;write_tx_payload
<LI><a href="#[112]">&gt;&gt;</a>&nbsp;&nbsp;&nbsp;read_rx_payload_data
<LI><a href="#[e2]">&gt;&gt;</a>&nbsp;&nbsp;&nbsp;free_payload
<LI><a href="#[b7]">&gt;&gt;</a>&nbsp;&nbsp;&nbsp;alloc_rx_payload
</UL>
<BR>[Called By]<UL><LI><a href="#[d8]">&gt;&gt;</a>&nbsp;&nbsp;&nbsp;read_flash_id
<LI><a href="#[10f]">&gt;&gt;</a>&nbsp;&nbsp;&nbsp;read_flash
</UL>

<P><STRONG><a name="[e0]"></a>write_command_wait_rsp_exe_result</STRONG> (Thumb, 128 bytes, Stack size 24 bytes, qn_isp_api.o(i.write_command_wait_rsp_exe_result))
<BR><BR>[Stack]<UL><LI>Max Depth = 228<LI>Call Chain = write_command_wait_rsp_exe_result &rArr; USART_WriteBlocking &rArr; __aeabi_assert &rArr; DbgConsole_Printf &rArr; DbgConsole_PrintfFormattedData &rArr; DbgConsole_ConvertRadixNumToString
</UL>
<BR>[Calls]<UL><LI><a href="#[5d]">&gt;&gt;</a>&nbsp;&nbsp;&nbsp;USART_WriteBlocking
<LI><a href="#[111]">&gt;&gt;</a>&nbsp;&nbsp;&nbsp;CheckRxTimeOut
<LI><a href="#[fe]">&gt;&gt;</a>&nbsp;&nbsp;&nbsp;pack_tx_payload
<LI><a href="#[e2]">&gt;&gt;</a>&nbsp;&nbsp;&nbsp;free_payload
</UL>
<BR>[Called By]<UL><LI><a href="#[108]">&gt;&gt;</a>&nbsp;&nbsp;&nbsp;verify
<LI><a href="#[e4]">&gt;&gt;</a>&nbsp;&nbsp;&nbsp;set_random_data
<LI><a href="#[10b]">&gt;&gt;</a>&nbsp;&nbsp;&nbsp;set_nvds_in_ram_size
<LI><a href="#[10c]">&gt;&gt;</a>&nbsp;&nbsp;&nbsp;set_nvds_in_ram_crc
<LI><a href="#[10a]">&gt;&gt;</a>&nbsp;&nbsp;&nbsp;set_nvds_in_ram_address
<LI><a href="#[e5]">&gt;&gt;</a>&nbsp;&nbsp;&nbsp;set_flash_commmand
<LI><a href="#[e6]">&gt;&gt;</a>&nbsp;&nbsp;&nbsp;set_flash_clock
<LI><a href="#[103]">&gt;&gt;</a>&nbsp;&nbsp;&nbsp;set_app_size
<LI><a href="#[102]">&gt;&gt;</a>&nbsp;&nbsp;&nbsp;set_app_reset_address
<LI><a href="#[e9]">&gt;&gt;</a>&nbsp;&nbsp;&nbsp;set_app_in_ram_address
<LI><a href="#[e7]">&gt;&gt;</a>&nbsp;&nbsp;&nbsp;set_app_in_flash_address
<LI><a href="#[104]">&gt;&gt;</a>&nbsp;&nbsp;&nbsp;set_app_crc
<LI><a href="#[105]">&gt;&gt;</a>&nbsp;&nbsp;&nbsp;protect_application
<LI><a href="#[101]">&gt;&gt;</a>&nbsp;&nbsp;&nbsp;program_application
<LI><a href="#[100]">&gt;&gt;</a>&nbsp;&nbsp;&nbsp;program
<LI><a href="#[df]">&gt;&gt;</a>&nbsp;&nbsp;&nbsp;flash_erase_sector
<LI><a href="#[de]">&gt;&gt;</a>&nbsp;&nbsp;&nbsp;flash_erase_chip
</UL>

<P><STRONG><a name="[113]"></a>write_tx_payload</STRONG> (Thumb, 48 bytes, Stack size 16 bytes, qn_isp_api.o(i.write_tx_payload))
<BR><BR>[Stack]<UL><LI>Max Depth = 220<LI>Call Chain = write_tx_payload &rArr; USART_WriteBlocking &rArr; __aeabi_assert &rArr; DbgConsole_Printf &rArr; DbgConsole_PrintfFormattedData &rArr; DbgConsole_ConvertRadixNumToString
</UL>
<BR>[Calls]<UL><LI><a href="#[5d]">&gt;&gt;</a>&nbsp;&nbsp;&nbsp;USART_WriteBlocking
<LI><a href="#[d6]">&gt;&gt;</a>&nbsp;&nbsp;&nbsp;read_rx_payload_confirm
<LI><a href="#[fe]">&gt;&gt;</a>&nbsp;&nbsp;&nbsp;pack_tx_payload
<LI><a href="#[e2]">&gt;&gt;</a>&nbsp;&nbsp;&nbsp;free_payload
</UL>
<BR>[Called By]<UL><LI><a href="#[110]">&gt;&gt;</a>&nbsp;&nbsp;&nbsp;write_command_wait_rsp_data
<LI><a href="#[e1]">&gt;&gt;</a>&nbsp;&nbsp;&nbsp;set_start_address
<LI><a href="#[109]">&gt;&gt;</a>&nbsp;&nbsp;&nbsp;set_nvds_location
<LI><a href="#[d7]">&gt;&gt;</a>&nbsp;&nbsp;&nbsp;set_device_baudrate
<LI><a href="#[107]">&gt;&gt;</a>&nbsp;&nbsp;&nbsp;set_app_location
<LI><a href="#[106]">&gt;&gt;</a>&nbsp;&nbsp;&nbsp;run_to_ram
</UL>

<P><STRONG><a name="[76]"></a>BLE_UART_PinMuxSetup</STRONG> (Thumb, 64 bytes, Stack size 8 bytes, ble_uart_int.o(i.BLE_UART_PinMuxSetup))
<BR><BR>[Stack]<UL><LI>Max Depth = 16<LI>Call Chain = BLE_UART_PinMuxSetup &rArr; IOCON_PinMuxSet
</UL>
<BR>[Calls]<UL><LI><a href="#[79]">&gt;&gt;</a>&nbsp;&nbsp;&nbsp;IOCON_PinMuxSet
</UL>
<BR>[Called By]<UL><LI><a href="#[75]">&gt;&gt;</a>&nbsp;&nbsp;&nbsp;BLE_UART_Init
</UL>

<P><STRONG><a name="[74]"></a>EnableIRQ</STRONG> (Thumb, 36 bytes, Stack size 0 bytes, ble_uart_int.o(i.EnableIRQ))
<BR><BR>[Called By]<UL><LI><a href="#[75]">&gt;&gt;</a>&nbsp;&nbsp;&nbsp;BLE_UART_Init
<LI><a href="#[6f]">&gt;&gt;</a>&nbsp;&nbsp;&nbsp;BLE_UART_CONFIG
</UL>

<P><STRONG><a name="[79]"></a>IOCON_PinMuxSet</STRONG> (Thumb, 12 bytes, Stack size 8 bytes, ble_uart_int.o(i.IOCON_PinMuxSet))
<BR><BR>[Stack]<UL><LI>Max Depth = 8<LI>Call Chain = IOCON_PinMuxSet
</UL>
<BR>[Called By]<UL><LI><a href="#[76]">&gt;&gt;</a>&nbsp;&nbsp;&nbsp;BLE_UART_PinMuxSetup
</UL>

<P><STRONG><a name="[73]"></a>USART_EnableInterrupts</STRONG> (Thumb, 10 bytes, Stack size 0 bytes, ble_uart_int.o(i.USART_EnableInterrupts))
<BR><BR>[Called By]<UL><LI><a href="#[75]">&gt;&gt;</a>&nbsp;&nbsp;&nbsp;BLE_UART_Init
<LI><a href="#[6f]">&gt;&gt;</a>&nbsp;&nbsp;&nbsp;BLE_UART_CONFIG
</UL>

<P><STRONG><a name="[6e]"></a>GPIO_WritePinOutput</STRONG> (Thumb, 10 bytes, Stack size 8 bytes, ble_wakeup.o(i.GPIO_WritePinOutput))
<BR><BR>[Stack]<UL><LI>Max Depth = 8<LI>Call Chain = GPIO_WritePinOutput
</UL>
<BR>[Called By]<UL><LI><a href="#[7a]">&gt;&gt;</a>&nbsp;&nbsp;&nbsp;BLE_wakeup
<LI><a href="#[a0]">&gt;&gt;</a>&nbsp;&nbsp;&nbsp;wakeup_init
<LI><a href="#[6b]">&gt;&gt;</a>&nbsp;&nbsp;&nbsp;BLE_Reset
</UL>

<P><STRONG><a name="[6c]"></a>IOCON_PinMuxSet</STRONG> (Thumb, 12 bytes, Stack size 8 bytes, ble_wakeup.o(i.IOCON_PinMuxSet))
<BR><BR>[Stack]<UL><LI>Max Depth = 8<LI>Call Chain = IOCON_PinMuxSet
</UL>
<BR>[Called By]<UL><LI><a href="#[a0]">&gt;&gt;</a>&nbsp;&nbsp;&nbsp;wakeup_init
<LI><a href="#[6b]">&gt;&gt;</a>&nbsp;&nbsp;&nbsp;BLE_Reset
</UL>

<P><STRONG><a name="[a8]"></a>POWER_setVdLevel</STRONG> (Thumb, 14 bytes, Stack size 8 bytes, fsl_power_lib.o(i.POWER_setVdLevel))
<BR><BR>[Stack]<UL><LI>Max Depth = 8<LI>Call Chain = POWER_setVdLevel
</UL>
<BR>[Called By]<UL><LI><a href="#[7d]">&gt;&gt;</a>&nbsp;&nbsp;&nbsp;POWER_SetVoltageForFreq
</UL>
<P>
<H3>
Undefined Global Symbols
</H3><HR></body></html>
